Archive member included to satisfy reference by file (symbol)

c:/arm-gcc/arm-gnu-toolchain-11.3.rel1-mingw-w64-i686-arm-none-eabi/bin/../lib/gcc/arm-none-eabi/11.3.1/thumb/v7e-m+fp/hard\libc_nano.a(libc_a-atoi.o)
                              build/uart_at.o (atoi)
c:/arm-gcc/arm-gnu-toolchain-11.3.rel1-mingw-w64-i686-arm-none-eabi/bin/../lib/gcc/arm-none-eabi/11.3.1/thumb/v7e-m+fp/hard\libc_nano.a(libc_a-exit.o)
                              c:/arm-gcc/arm-gnu-toolchain-11.3.rel1-mingw-w64-i686-arm-none-eabi/bin/../lib/gcc/arm-none-eabi/11.3.1/thumb/v7e-m+fp/hard/crt0.o (exit)
c:/arm-gcc/arm-gnu-toolchain-11.3.rel1-mingw-w64-i686-arm-none-eabi/bin/../lib/gcc/arm-none-eabi/11.3.1/thumb/v7e-m+fp/hard\libc_nano.a(libc_a-strtol.o)
                              c:/arm-gcc/arm-gnu-toolchain-11.3.rel1-mingw-w64-i686-arm-none-eabi/bin/../lib/gcc/arm-none-eabi/11.3.1/thumb/v7e-m+fp/hard\libc_nano.a(libc_a-atoi.o) (_strtol_r)
c:/arm-gcc/arm-gnu-toolchain-11.3.rel1-mingw-w64-i686-arm-none-eabi/bin/../lib/gcc/arm-none-eabi/11.3.1/thumb/v7e-m+fp/hard\libc_nano.a(libc_a-ctype_.o)
                              c:/arm-gcc/arm-gnu-toolchain-11.3.rel1-mingw-w64-i686-arm-none-eabi/bin/../lib/gcc/arm-none-eabi/11.3.1/thumb/v7e-m+fp/hard\libc_nano.a(libc_a-strtol.o) (_ctype_)
c:/arm-gcc/arm-gnu-toolchain-11.3.rel1-mingw-w64-i686-arm-none-eabi/bin/../lib/gcc/arm-none-eabi/11.3.1/thumb/v7e-m+fp/hard\libc_nano.a(libc_a-findfp.o)
                              c:/arm-gcc/arm-gnu-toolchain-11.3.rel1-mingw-w64-i686-arm-none-eabi/bin/../lib/gcc/arm-none-eabi/11.3.1/thumb/v7e-m+fp/hard\libc_nano.a(libc_a-exit.o) (__stdio_exit_handler)
c:/arm-gcc/arm-gnu-toolchain-11.3.rel1-mingw-w64-i686-arm-none-eabi/bin/../lib/gcc/arm-none-eabi/11.3.1/thumb/v7e-m+fp/hard\libc_nano.a(libc_a-fwalk.o)
                              c:/arm-gcc/arm-gnu-toolchain-11.3.rel1-mingw-w64-i686-arm-none-eabi/bin/../lib/gcc/arm-none-eabi/11.3.1/thumb/v7e-m+fp/hard\libc_nano.a(libc_a-findfp.o) (_fwalk_sglue)
c:/arm-gcc/arm-gnu-toolchain-11.3.rel1-mingw-w64-i686-arm-none-eabi/bin/../lib/gcc/arm-none-eabi/11.3.1/thumb/v7e-m+fp/hard\libc_nano.a(libc_a-snprintf.o)
                              build/radioenge_modem.o (snprintf)
c:/arm-gcc/arm-gnu-toolchain-11.3.rel1-mingw-w64-i686-arm-none-eabi/bin/../lib/gcc/arm-none-eabi/11.3.1/thumb/v7e-m+fp/hard\libc_nano.a(libc_a-sprintf.o)
                              build/radioenge_modem.o (sprintf)
c:/arm-gcc/arm-gnu-toolchain-11.3.rel1-mingw-w64-i686-arm-none-eabi/bin/../lib/gcc/arm-none-eabi/11.3.1/thumb/v7e-m+fp/hard\libc_nano.a(libc_a-stdio.o)
                              c:/arm-gcc/arm-gnu-toolchain-11.3.rel1-mingw-w64-i686-arm-none-eabi/bin/../lib/gcc/arm-none-eabi/11.3.1/thumb/v7e-m+fp/hard\libc_nano.a(libc_a-findfp.o) (__sread)
c:/arm-gcc/arm-gnu-toolchain-11.3.rel1-mingw-w64-i686-arm-none-eabi/bin/../lib/gcc/arm-none-eabi/11.3.1/thumb/v7e-m+fp/hard\libc_nano.a(libc_a-memset.o)
                              c:/arm-gcc/arm-gnu-toolchain-11.3.rel1-mingw-w64-i686-arm-none-eabi/bin/../lib/gcc/arm-none-eabi/11.3.1/thumb/v7e-m+fp/hard/crt0.o (memset)
c:/arm-gcc/arm-gnu-toolchain-11.3.rel1-mingw-w64-i686-arm-none-eabi/bin/../lib/gcc/arm-none-eabi/11.3.1/thumb/v7e-m+fp/hard\libc_nano.a(libc_a-strncmp.o)
                              build/uart_at.o (strncmp)
c:/arm-gcc/arm-gnu-toolchain-11.3.rel1-mingw-w64-i686-arm-none-eabi/bin/../lib/gcc/arm-none-eabi/11.3.1/thumb/v7e-m+fp/hard\libc_nano.a(libc_a-strtok.o)
                              build/uart_at.o (strtok)
c:/arm-gcc/arm-gnu-toolchain-11.3.rel1-mingw-w64-i686-arm-none-eabi/bin/../lib/gcc/arm-none-eabi/11.3.1/thumb/v7e-m+fp/hard\libc_nano.a(libc_a-strtok_r.o)
                              c:/arm-gcc/arm-gnu-toolchain-11.3.rel1-mingw-w64-i686-arm-none-eabi/bin/../lib/gcc/arm-none-eabi/11.3.1/thumb/v7e-m+fp/hard\libc_nano.a(libc_a-strtok.o) (__strtok_r)
c:/arm-gcc/arm-gnu-toolchain-11.3.rel1-mingw-w64-i686-arm-none-eabi/bin/../lib/gcc/arm-none-eabi/11.3.1/thumb/v7e-m+fp/hard\libc_nano.a(libc_a-closer.o)
                              c:/arm-gcc/arm-gnu-toolchain-11.3.rel1-mingw-w64-i686-arm-none-eabi/bin/../lib/gcc/arm-none-eabi/11.3.1/thumb/v7e-m+fp/hard\libc_nano.a(libc_a-stdio.o) (_close_r)
c:/arm-gcc/arm-gnu-toolchain-11.3.rel1-mingw-w64-i686-arm-none-eabi/bin/../lib/gcc/arm-none-eabi/11.3.1/thumb/v7e-m+fp/hard\libc_nano.a(libc_a-reent.o)
                              c:/arm-gcc/arm-gnu-toolchain-11.3.rel1-mingw-w64-i686-arm-none-eabi/bin/../lib/gcc/arm-none-eabi/11.3.1/thumb/v7e-m+fp/hard\libc_nano.a(libc_a-closer.o) (errno)
c:/arm-gcc/arm-gnu-toolchain-11.3.rel1-mingw-w64-i686-arm-none-eabi/bin/../lib/gcc/arm-none-eabi/11.3.1/thumb/v7e-m+fp/hard\libc_nano.a(libc_a-impure.o)
                              c:/arm-gcc/arm-gnu-toolchain-11.3.rel1-mingw-w64-i686-arm-none-eabi/bin/../lib/gcc/arm-none-eabi/11.3.1/thumb/v7e-m+fp/hard\libc_nano.a(libc_a-strtol.o) (_impure_ptr)
[...]
Memory Configuration

Name             Origin             Length             Attributes
RAM              0x20000000         0x00020000         xrw
FLASH            0x08000000         0x00080000         xr
*default*        0x00000000         0xffffffff

Linker script and memory map

LOAD c:/arm-gcc/arm-gnu-toolchain-11.3.rel1-mingw-w64-i686-arm-none-eabi/bin/../lib/gcc/arm-none-eabi/11.3.1/thumb/v7e-m+fp/hard/crti.o
LOAD c:/arm-gcc/arm-gnu-toolchain-11.3.rel1-mingw-w64-i686-arm-none-eabi/bin/../lib/gcc/arm-none-eabi/11.3.1/thumb/v7e-m+fp/hard/crtbegin.o
LOAD c:/arm-gcc/arm-gnu-toolchain-11.3.rel1-mingw-w64-i686-arm-none-eabi/bin/../lib/gcc/arm-none-eabi/11.3.1/thumb/v7e-m+fp/hard/crt0.o
LOAD build/main.o
LOAD build/stm32f4xx_it.o
LOAD build/stm32f4xx_hal_msp.o
LOAD build/freertos.o
LOAD build/stm32f4xx_hal_timebase_tim.o
LOAD build/croutine.o
LOAD build/event_groups.o
LOAD build/list.o
LOAD build/queue.o
LOAD build/stream_buffer.o
LOAD build/tasks.o
LOAD build/timers.o
LOAD build/cmsis_os2.o
LOAD build/heap_4.o
LOAD build/port.o
LOAD build/usb_device.o
LOAD build/usbd_desc.o
LOAD build/usbd_cdc_if.o
LOAD build/usbd_conf.o
LOAD build/stm32f4xx_hal_pcd.o
LOAD build/stm32f4xx_hal_pcd_ex.o
LOAD build/stm32f4xx_ll_usb.o
LOAD build/stm32f4xx_hal_rcc.o
LOAD build/stm32f4xx_hal_rcc_ex.o
LOAD build/stm32f4xx_hal_flash.o
LOAD build/stm32f4xx_hal_flash_ex.o
LOAD build/stm32f4xx_hal_flash_ramfunc.o
LOAD build/stm32f4xx_hal_gpio.o
LOAD build/stm32f4xx_hal_dma_ex.o
LOAD build/stm32f4xx_hal_dma.o
LOAD build/stm32f4xx_hal_pwr.o
LOAD build/stm32f4xx_hal_pwr_ex.o
LOAD build/stm32f4xx_hal_cortex.o
LOAD build/stm32f4xx_hal.o
LOAD build/stm32f4xx_hal_exti.o
LOAD build/stm32f4xx_hal_tim.o
LOAD build/stm32f4xx_hal_tim_ex.o
LOAD build/stm32f4xx_hal_uart.o
LOAD build/system_stm32f4xx.o
LOAD build/usbd_core.o
LOAD build/usbd_ctlreq.o
LOAD build/usbd_ioreq.o
LOAD build/usbd_cdc.o
LOAD build/uart_at.o
LOAD build/uartRingBufDMA.o
LOAD build/radioenge_modem.o
LOAD build/application.o
LOAD build/stm32f4xx_hal_adc.o
LOAD build/stm32f4xx_hal_adc_ex.o
LOAD build/stm32f4xx_ll_adc.o
LOAD build/startup_stm32f411xe.o
LOAD c:/arm-gcc/arm-gnu-toolchain-11.3.rel1-mingw-w64-i686-arm-none-eabi/bin/../lib/gcc/arm-none-eabi/11.3.1/thumb/v7e-m+fp/hard\libc_nano.a
LOAD c:/arm-gcc/arm-gnu-toolchain-11.3.rel1-mingw-w64-i686-arm-none-eabi/bin/../lib/gcc/arm-none-eabi/11.3.1/thumb/v7e-m+fp/hard\libm.a
LOAD c:/arm-gcc/arm-gnu-toolchain-11.3.rel1-mingw-w64-i686-arm-none-eabi/bin/../lib/gcc/arm-none-eabi/11.3.1/thumb/v7e-m+fp/hard\libnosys.a
START GROUP
LOAD c:/arm-gcc/arm-gnu-toolchain-11.3.rel1-mingw-w64-i686-arm-none-eabi/bin/../lib/gcc/arm-none-eabi/11.3.1/thumb/v7e-m+fp/hard\libgcc.a
LOAD c:/arm-gcc/arm-gnu-toolchain-11.3.rel1-mingw-w64-i686-arm-none-eabi/bin/../lib/gcc/arm-none-eabi/11.3.1/thumb/v7e-m+fp/hard\libc_nano.a
END GROUP
START GROUP
LOAD c:/arm-gcc/arm-gnu-toolchain-11.3.rel1-mingw-w64-i686-arm-none-eabi/bin/../lib/gcc/arm-none-eabi/11.3.1/thumb/v7e-m+fp/hard\libgcc.a
LOAD c:/arm-gcc/arm-gnu-toolchain-11.3.rel1-mingw-w64-i686-arm-none-eabi/bin/../lib/gcc/arm-none-eabi/11.3.1/thumb/v7e-m+fp/hard\libc_nano.a
END GROUP
LOAD c:/arm-gcc/arm-gnu-toolchain-11.3.rel1-mingw-w64-i686-arm-none-eabi/bin/../lib/gcc/arm-none-eabi/11.3.1/thumb/v7e-m+fp/hard/crtend.o
LOAD c:/arm-gcc/arm-gnu-toolchain-11.3.rel1-mingw-w64-i686-arm-none-eabi/bin/../lib/gcc/arm-none-eabi/11.3.1/thumb/v7e-m+fp/hard/crtn.o
                0x20020000                _estack = (ORIGIN (RAM) + LENGTH (RAM))
                0x00000200                _Min_Heap_Size = 0x200
                0x00000400                _Min_Stack_Size = 0x400

.isr_vector     0x08000000      0x198
                0x08000000                . = ALIGN (0x4)
 *(.isr_vector)
 .isr_vector    0x08000000      0x198 build/startup_stm32f411xe.o
                0x08000000                g_pfnVectors
                0x08000198                . = ALIGN (0x4)

.text           0x080001a0    0x1267c
                0x080001a0                . = ALIGN (0x4)
 *(.text)
 .text          0x080001a0       0x10 c:/arm-gcc/arm-gnu-toolchain-11.3.rel1-mingw-w64-i686-arm-none-eabi/bin/../lib/gcc/arm-none-eabi/11.3.1/thumb/v7e-m+fp/hard\libc_nano.a(libc_a-strlen.o)
                0x080001a0                strlen
 .text          0x080001b0       0xa0 c:/arm-gcc/arm-gnu-toolchain-11.3.rel1-mingw-w64-i686-arm-none-eabi/bin/../lib/gcc/arm-none-eabi/11.3.1/thumb/v7e-m+fp/hard\libc_nano.a(libc_a-memchr.o)
                0x080001b0                memchr
 .text          0x08000250       0x30 c:/arm-gcc/arm-gnu-toolchain-11.3.rel1-mingw-w64-i686-arm-none-eabi/bin/../lib/gcc/arm-none-eabi/11.3.1/thumb/v7e-m+fp/hard\libgcc.a(_aeabi_uldivmod.o)
                0x08000250                __aeabi_uldivmod
 .text          0x08000280        0x4 c:/arm-gcc/arm-gnu-toolchain-11.3.rel1-mingw-w64-i686-arm-none-eabi/bin/../lib/gcc/arm-none-eabi/11.3.1/thumb/v7e-m+fp/hard\libgcc.a(_dvmd_tls.o)
                0x08000280                __aeabi_idiv0
                0x08000280                __aeabi_ldiv0
 *(.text*)
 .text.deregister_tm_clones
                0x08000284       0x1c c:/arm-gcc/arm-gnu-toolchain-11.3.rel1-mingw-w64-i686-arm-none-eabi/bin/../lib/gcc/arm-none-eabi/11.3.1/thumb/v7e-m+fp/hard/crtbegin.o
 .text.register_tm_clones
                0x080002a0       0x24 c:/arm-gcc/arm-gnu-toolchain-11.3.rel1-mingw-w64-i686-arm-none-eabi/bin/../lib/gcc/arm-none-eabi/11.3.1/thumb/v7e-m+fp/hard/crtbegin.o
 .text.__do_global_dtors_aux
                0x080002c4       0x28 c:/arm-gcc/arm-gnu-toolchain-11.3.rel1-mingw-w64-i686-arm-none-eabi/bin/../lib/gcc/arm-none-eabi/11.3.1/thumb/v7e-m+fp/hard/crtbegin.o
 .text.frame_dummy
                0x080002ec       0x24 c:/arm-gcc/arm-gnu-toolchain-11.3.rel1-mingw-w64-i686-arm-none-eabi/bin/../lib/gcc/arm-none-eabi/11.3.1/thumb/v7e-m+fp/hard/crtbegin.o
 .text.CONFIGURE_TIMER_FOR_RUN_TIME_STATS
                0x08000310       0x14 build/main.o
                0x08000310                CONFIGURE_TIMER_FOR_RUN_TIME_STATS
 .text.GET_RUN_TIME_COUNTER_VALUE
                0x08000324       0x18 build/main.o
                0x08000324                GET_RUN_TIME_COUNTER_VALUE
 .text.main     0x0800033c      0x2a0 build/main.o
                0x0800033c                main
 .text.SystemClock_Config
                0x080005dc       0xd0 build/main.o
                0x080005dc                SystemClock_Config
 .text.MX_ADC1_Init
                0x080006ac       0xa4 build/main.o
 .text.MX_TIM1_Init
                0x08000750      0x144 build/main.o
 .text.MX_TIM2_Init
                0x08000894       0x9c build/main.o
 .text.MX_TIM3_Init
                0x08000930       0xf0 build/main.o
 .text.MX_USART1_UART_Init
                0x08000a20       0x54 build/main.o
 .text.MX_DMA_Init
                0x08000a74       0x50 build/main.o
 .text.MX_GPIO_Init
                0x08000ac4      0x100 build/main.o
 .text.StartDefaultTask
                0x08000bc4       0x14 build/main.o
                0x08000bc4                StartDefaultTask
 .text.HAL_TIM_PeriodElapsedCallback
                0x08000bd8       0x24 build/main.o
                0x08000bd8                HAL_TIM_PeriodElapsedCallback
 .text.Error_Handler
                0x08000bfc        0xa build/main.o
                0x08000bfc                Error_Handler
 .text.NMI_Handler
                0x08000c06        0x6 build/stm32f4xx_it.o
                0x08000c06                NMI_Handler
 .text.HardFault_Handler
                0x08000c0c        0x6 build/stm32f4xx_it.o
                0x08000c0c                HardFault_Handler
 .text.MemManage_Handler
                0x08000c12        0x6 build/stm32f4xx_it.o
                0x08000c12                MemManage_Handler
 .text.BusFault_Handler
                0x08000c18        0x6 build/stm32f4xx_it.o
                0x08000c18                BusFault_Handler
 .text.UsageFault_Handler
                0x08000c1e        0x6 build/stm32f4xx_it.o
                0x08000c1e                UsageFault_Handler
 .text.DebugMon_Handler
                0x08000c24        0xe build/stm32f4xx_it.o
                0x08000c24                DebugMon_Handler
 *fill*         0x08000c32        0x2 
 .text.TIM1_TRG_COM_TIM11_IRQHandler
                0x08000c34       0x1c build/stm32f4xx_it.o
                0x08000c34                TIM1_TRG_COM_TIM11_IRQHandler
 .text.USART1_IRQHandler
                0x08000c50       0x14 build/stm32f4xx_it.o
                0x08000c50                USART1_IRQHandler
 .text.DMA2_Stream2_IRQHandler
                0x08000c64       0x14 build/stm32f4xx_it.o
                0x08000c64                DMA2_Stream2_IRQHandler
 .text.OTG_FS_IRQHandler
                0x08000c78       0x14 build/stm32f4xx_it.o
                0x08000c78                OTG_FS_IRQHandler
 .text.DMA2_Stream7_IRQHandler
                0x08000c8c       0x14 build/stm32f4xx_it.o
                0x08000c8c                DMA2_Stream7_IRQHandler
 .text.HAL_MspInit
                0x08000ca0       0x58 build/stm32f4xx_hal_msp.o
                0x08000ca0                HAL_MspInit
 .text.HAL_ADC_MspInit
                0x08000cf8       0x88 build/stm32f4xx_hal_msp.o
                0x08000cf8                HAL_ADC_MspInit
 .text.HAL_TIM_Base_MspInit
                0x08000d80       0xa4 build/stm32f4xx_hal_msp.o
                0x08000d80                HAL_TIM_Base_MspInit
 .text.HAL_TIM_MspPostInit
                0x08000e24       0xc0 build/stm32f4xx_hal_msp.o
                0x08000e24                HAL_TIM_MspPostInit
 .text.HAL_UART_MspInit
                0x08000ee4      0x16c build/stm32f4xx_hal_msp.o
                0x08000ee4                HAL_UART_MspInit
 .text.PreSleepProcessing
                0x08001050       0x14 build/freertos.o
                0x08001050                PreSleepProcessing
 .text.PostSleepProcessing
                0x08001064       0x14 build/freertos.o
                0x08001064                PostSleepProcessing
 .text.HAL_InitTick
                0x08001078       0xe4 build/stm32f4xx_hal_timebase_tim.o
                0x08001078                HAL_InitTick
 .text.xEventGroupCreateStatic
                0x0800115c       0x6e build/event_groups.o
                0x0800115c                xEventGroupCreateStatic
 .text.xEventGroupCreate
                0x080011ca       0x34 build/event_groups.o
                0x080011ca                xEventGroupCreate
 *fill*         0x080011fe        0x2 
 .text.xEventGroupWaitBits
                0x08001200      0x19c build/event_groups.o
                0x08001200                xEventGroupWaitBits
 .text.xEventGroupClearBits
                0x0800139c       0x70 build/event_groups.o
                0x0800139c                xEventGroupClearBits
 .text.xEventGroupClearBitsFromISR
                0x0800140c       0x28 build/event_groups.o
                0x0800140c                xEventGroupClearBitsFromISR
 .text.xEventGroupGetBitsFromISR
                0x08001434       0x48 build/event_groups.o
                0x08001434                xEventGroupGetBitsFromISR
 .text.xEventGroupSetBits
                0x0800147c      0x116 build/event_groups.o
                0x0800147c                xEventGroupSetBits
 .text.vEventGroupSetBitsCallback
                0x08001592       0x1a build/event_groups.o
                0x08001592                vEventGroupSetBitsCallback
 .text.vEventGroupClearBitsCallback
                0x080015ac       0x1a build/event_groups.o
                0x080015ac                vEventGroupClearBitsCallback
 .text.prvTestWaitCondition
                0x080015c6       0x44 build/event_groups.o
 *fill*         0x0800160a        0x2 
 .text.xEventGroupSetBitsFromISR
                0x0800160c       0x28 build/event_groups.o
                0x0800160c                xEventGroupSetBitsFromISR
 .text.vListInitialise
                0x08001634       0x40 build/list.o
                0x08001634                vListInitialise
 .text.vListInitialiseItem
                0x08001674       0x1a build/list.o
                0x08001674                vListInitialiseItem
 .text.vListInsertEnd
                0x0800168e       0x48 build/list.o
                0x0800168e                vListInsertEnd
 .text.vListInsert
                0x080016d6       0x72 build/list.o
                0x080016d6                vListInsert
 .text.uxListRemove
                0x08001748       0x54 build/list.o
                0x08001748                uxListRemove
 .text.xQueueGenericReset
                0x0800179c       0xd0 build/queue.o
                0x0800179c                xQueueGenericReset
 .text.xQueueGenericCreateStatic
                0x0800186c       0xf0 build/queue.o
                0x0800186c                xQueueGenericCreateStatic
 .text.xQueueGenericCreate
                0x0800195c       0x74 build/queue.o
                0x0800195c                xQueueGenericCreate
 .text.prvInitialiseNewQueue
                0x080019d0       0x46 build/queue.o
 .text.xQueueCreateCountingSemaphoreStatic
                0x08001a16       0x6e build/queue.o
                0x08001a16                xQueueCreateCountingSemaphoreStatic
 .text.xQueueCreateCountingSemaphore
                0x08001a84       0x66 build/queue.o
                0x08001a84                xQueueCreateCountingSemaphore
 *fill*         0x08001aea        0x2 
 .text.xQueueGenericSend
                0x08001aec      0x1fc build/queue.o
                0x08001aec                xQueueGenericSend
 .text.xQueueGenericSendFromISR
                0x08001ce8      0x136 build/queue.o
                0x08001ce8                xQueueGenericSendFromISR
 .text.xQueueGiveFromISR
                0x08001e1e      0x11a build/queue.o
                0x08001e1e                xQueueGiveFromISR
 .text.xQueueReceive
                0x08001f38      0x1c0 build/queue.o
                0x08001f38                xQueueReceive
 .text.xQueueSemaphoreTake
                0x080020f8      0x218 build/queue.o
                0x080020f8                xQueueSemaphoreTake
 .text.xQueueReceiveFromISR
                0x08002310      0x100 build/queue.o
                0x08002310                xQueueReceiveFromISR
 .text.uxQueueMessagesWaiting
                0x08002410       0x3c build/queue.o
                0x08002410                uxQueueMessagesWaiting
 .text.uxQueueMessagesWaitingFromISR
                0x0800244c       0x3c build/queue.o
                0x0800244c                uxQueueMessagesWaitingFromISR
 .text.vQueueDelete
                0x08002488       0x46 build/queue.o
                0x08002488                vQueueDelete
 .text.prvGetDisinheritPriorityAfterTimeout
                0x080024ce       0x30 build/queue.o
 .text.prvCopyDataToQueue
                0x080024fe       0xd4 build/queue.o
 .text.prvCopyDataFromQueue
                0x080025d2       0x4c build/queue.o
 .text.prvUnlockQueue
                0x0800261e       0xa4 build/queue.o
 .text.prvIsQueueEmpty
                0x080026c2       0x2c build/queue.o
 .text.prvIsQueueFull
                0x080026ee       0x30 build/queue.o
 *fill*         0x0800271e        0x2 
 .text.vQueueAddToRegistry
                0x08002720       0x54 build/queue.o
                0x08002720                vQueueAddToRegistry
 .text.vQueueUnregisterQueue
                0x08002774       0x54 build/queue.o
                0x08002774                vQueueUnregisterQueue
 .text.vQueueWaitForMessageRestricted
                0x080027c8       0x68 build/queue.o
                0x080027c8                vQueueWaitForMessageRestricted
 .text.xTaskCreateStatic
                0x08002830       0xba build/tasks.o
                0x08002830                xTaskCreateStatic
 .text.xTaskCreate
                0x080028ea       0x8a build/tasks.o
                0x080028ea                xTaskCreate
 .text.prvInitialiseNewTask
                0x08002974      0x12a build/tasks.o
 *fill*         0x08002a9e        0x2 
 .text.prvAddNewTaskToReadyList
                0x08002aa0       0xe0 build/tasks.o
 .text.vTaskDelay
                0x08002b80       0x68 build/tasks.o
                0x08002b80                vTaskDelay
 .text.vTaskStartScheduler
                0x08002be8       0xd0 build/tasks.o
                0x08002be8                vTaskStartScheduler
 .text.vTaskSuspendAll
                0x08002cb8       0x1c build/tasks.o
                0x08002cb8                vTaskSuspendAll
 .text.prvGetExpectedIdleTime
                0x08002cd4       0x70 build/tasks.o
 .text.xTaskResumeAll
                0x08002d44      0x13c build/tasks.o
                0x08002d44                xTaskResumeAll
 .text.xTaskGetTickCount
                0x08002e80       0x20 build/tasks.o
                0x08002e80                xTaskGetTickCount
 .text.vTaskStepTick
                0x08002ea0       0x50 build/tasks.o
                0x08002ea0                vTaskStepTick
 .text.xTaskIncrementTick
                0x08002ef0      0x174 build/tasks.o
                0x08002ef0                xTaskIncrementTick
 .text.vTaskSwitchContext
                0x08003064       0xf4 build/tasks.o
                0x08003064                vTaskSwitchContext
 .text.vTaskPlaceOnEventList
                0x08003158       0x48 build/tasks.o
                0x08003158                vTaskPlaceOnEventList
 .text.vTaskPlaceOnUnorderedEventList
                0x080031a0       0x78 build/tasks.o
                0x080031a0                vTaskPlaceOnUnorderedEventList
 .text.vTaskPlaceOnEventListRestricted
                0x08003218       0x58 build/tasks.o
                0x08003218                vTaskPlaceOnEventListRestricted
 .text.xTaskRemoveFromEventList
                0x08003270       0xcc build/tasks.o
                0x08003270                xTaskRemoveFromEventList
 .text.vTaskRemoveFromUnorderedEventList
                0x0800333c       0xc8 build/tasks.o
                0x0800333c                vTaskRemoveFromUnorderedEventList
 .text.vTaskInternalSetTimeOutState
                0x08003404       0x2c build/tasks.o
                0x08003404                vTaskInternalSetTimeOutState
 .text.xTaskCheckForTimeOut
                0x08003430       0xc4 build/tasks.o
                0x08003430                xTaskCheckForTimeOut
 .text.vTaskMissedYield
                0x080034f4       0x18 build/tasks.o
                0x080034f4                vTaskMissedYield
 .text.prvIdleTask
                0x0800350c       0x80 build/tasks.o
 .text.eTaskConfirmSleepModeStatus
                0x0800358c       0x5c build/tasks.o
                0x0800358c                eTaskConfirmSleepModeStatus
 .text.prvInitialiseTaskLists
                0x080035e8       0x80 build/tasks.o
 .text.prvCheckTasksWaitingTermination
                0x08003668       0x5c build/tasks.o
 .text.prvDeleteTCB
                0x080036c4       0x5e build/tasks.o
 *fill*         0x08003722        0x2 
 .text.prvResetNextTaskUnblockTime
                0x08003724       0x40 build/tasks.o
 .text.xTaskGetCurrentTaskHandle
                0x08003764       0x20 build/tasks.o
                0x08003764                xTaskGetCurrentTaskHandle
 .text.xTaskGetSchedulerState
                0x08003784       0x3c build/tasks.o
                0x08003784                xTaskGetSchedulerState
 .text.xTaskPriorityInherit
                0x080037c0       0xd0 build/tasks.o
                0x080037c0                xTaskPriorityInherit
 .text.xTaskPriorityDisinherit
                0x08003890       0xdc build/tasks.o
                0x08003890                xTaskPriorityDisinherit
 .text.vTaskPriorityDisinheritAfterTimeout
                0x0800396c      0x104 build/tasks.o
                0x0800396c                vTaskPriorityDisinheritAfterTimeout
 .text.uxTaskResetEventItemValue
                0x08003a70       0x30 build/tasks.o
                0x08003a70                uxTaskResetEventItemValue
 .text.pvTaskIncrementMutexHeldCount
                0x08003aa0       0x28 build/tasks.o
                0x08003aa0                pvTaskIncrementMutexHeldCount
 .text.xTaskNotifyWait
                0x08003ac8       0xb4 build/tasks.o
                0x08003ac8                xTaskNotifyWait
 .text.xTaskGenericNotify
                0x08003b7c      0x174 build/tasks.o
                0x08003b7c                xTaskGenericNotify
 .text.xTaskGenericNotifyFromISR
                0x08003cf0      0x1b8 build/tasks.o
                0x08003cf0                xTaskGenericNotifyFromISR
 .text.prvAddCurrentTaskToDelayedList
                0x08003ea8       0xa8 build/tasks.o
 .text.xTimerCreateTimerTask
                0x08003f50       0x90 build/timers.o
                0x08003f50                xTimerCreateTimerTask
 .text.xTimerCreate
                0x08003fe0       0x42 build/timers.o
                0x08003fe0                xTimerCreate
 .text.xTimerCreateStatic
                0x08004022       0x7c build/timers.o
                0x08004022                xTimerCreateStatic
 .text.prvInitialiseNewTimer
                0x0800409e       0x76 build/timers.o
 .text.xTimerGenericCommand
                0x08004114       0x9c build/timers.o
                0x08004114                xTimerGenericCommand
 .text.prvProcessExpiredTimer
                0x080041b0       0x98 build/timers.o
 .text.prvTimerTask
                0x08004248       0x24 build/timers.o
 .text.prvProcessTimerOrBlockTask
                0x0800426c       0x9c build/timers.o
 .text.prvGetNextExpireTime
                0x08004308       0x48 build/timers.o
 .text.prvSampleTimeNow
                0x08004350       0x40 build/timers.o
 .text.prvInsertTimerInActiveList
                0x08004390       0x84 build/timers.o
 .text.prvProcessReceivedCommands
                0x08004414      0x1c4 build/timers.o
 .text.prvSwitchTimerLists
                0x080045d8       0xc8 build/timers.o
 .text.prvCheckForValidListAndQueue
                0x080046a0       0x80 build/timers.o
 .text.pvTimerGetTimerID
                0x08004720       0x40 build/timers.o
                0x08004720                pvTimerGetTimerID
 .text.xTimerPendFunctionCallFromISR
                0x08004760       0x40 build/timers.o
                0x08004760                xTimerPendFunctionCallFromISR
 .text.__NVIC_SetPriority
                0x080047a0       0x54 build/cmsis_os2.o
 .text.SysTick_Handler
                0x080047f4       0x20 build/cmsis_os2.o
                0x080047f4                SysTick_Handler
 .text.SVC_Setup
                0x08004814       0x12 build/cmsis_os2.o
 *fill*         0x08004826        0x2 
 .text.osKernelInitialize
                0x08004828       0x48 build/cmsis_os2.o
                0x08004828                osKernelInitialize
 .text.osKernelStart
                0x08004870       0x4c build/cmsis_os2.o
                0x08004870                osKernelStart
 .text.osThreadNew
                0x080048bc      0x124 build/cmsis_os2.o
                0x080048bc                osThreadNew
 .text.osThreadGetId
                0x080049e0       0x16 build/cmsis_os2.o
                0x080049e0                osThreadGetId
 *fill*         0x080049f6        0x2 
 .text.osThreadFlagsSet
                0x080049f8       0x9c build/cmsis_os2.o
                0x080049f8                osThreadFlagsSet
 .text.osThreadFlagsClear
                0x08004a94       0x7c build/cmsis_os2.o
                0x08004a94                osThreadFlagsClear
 .text.osThreadFlagsWait
                0x08004b10      0x102 build/cmsis_os2.o
                0x08004b10                osThreadFlagsWait
 .text.osDelay  0x08004c12       0x36 build/cmsis_os2.o
                0x08004c12                osDelay
 .text.TimerCallback
                0x08004c48       0x2a build/cmsis_os2.o
 *fill*         0x08004c72        0x2 
 .text.osTimerNew
                0x08004c74       0xf8 build/cmsis_os2.o
                0x08004c74                osTimerNew
 .text.osTimerStart
                0x08004d6c       0x5c build/cmsis_os2.o
                0x08004d6c                osTimerStart
 .text.osEventFlagsNew
                0x08004dc8       0x7e build/cmsis_os2.o
                0x08004dc8                osEventFlagsNew
 *fill*         0x08004e46        0x2 
 .text.osEventFlagsSet
                0x08004e48       0x88 build/cmsis_os2.o
                0x08004e48                osEventFlagsSet
 .text.osEventFlagsClear
                0x08004ed0       0x64 build/cmsis_os2.o
                0x08004ed0                osEventFlagsClear
 .text.osEventFlagsWait
                0x08004f34       0xcc build/cmsis_os2.o
                0x08004f34                osEventFlagsWait
 .text.osSemaphoreNew
                0x08005000      0x112 build/cmsis_os2.o
                0x08005000                osSemaphoreNew
 *fill*         0x08005112        0x2 
 .text.osSemaphoreAcquire
                0x08005114       0xa4 build/cmsis_os2.o
                0x08005114                osSemaphoreAcquire
 .text.osSemaphoreRelease
                0x080051b8       0x88 build/cmsis_os2.o
                0x080051b8                osSemaphoreRelease
 .text.osMessageQueueNew
                0x08005240       0xe6 build/cmsis_os2.o
                0x08005240                osMessageQueueNew
 *fill*         0x08005326        0x2 
 .text.osMessageQueuePut
                0x08005328       0xc0 build/cmsis_os2.o
                0x08005328                osMessageQueuePut
 .text.osMessageQueueGet
                0x080053e8       0xbc build/cmsis_os2.o
                0x080053e8                osMessageQueueGet
 .text.osMemoryPoolNew
                0x080054a4      0x1ac build/cmsis_os2.o
                0x080054a4                osMemoryPoolNew
 .text.osMemoryPoolAlloc
                0x08005650       0xec build/cmsis_os2.o
                0x08005650                osMemoryPoolAlloc
 .text.osMemoryPoolFree
                0x0800573c      0x130 build/cmsis_os2.o
                0x0800573c                osMemoryPoolFree
 .text.CreateBlock
                0x0800586c       0x44 build/cmsis_os2.o
 .text.AllocBlock
                0x080058b0       0x30 build/cmsis_os2.o
 .text.FreeBlock
                0x080058e0       0x28 build/cmsis_os2.o
 .text.vApplicationGetIdleTaskMemory
                0x08005908       0x34 build/cmsis_os2.o
                0x08005908                vApplicationGetIdleTaskMemory
 .text.vApplicationGetTimerTaskMemory
                0x0800593c       0x34 build/cmsis_os2.o
                0x0800593c                vApplicationGetTimerTaskMemory
 .text.pvPortMalloc
                0x08005970      0x198 build/heap_4.o
                0x08005970                pvPortMalloc
 .text.vPortFree
                0x08005b08       0xc4 build/heap_4.o
                0x08005b08                vPortFree
 .text.prvHeapInit
                0x08005bcc       0xc4 build/heap_4.o
 .text.prvInsertBlockIntoFreeList
                0x08005c90       0xb4 build/heap_4.o
 .text.pxPortInitialiseStack
                0x08005d44       0x68 build/port.o
                0x08005d44                pxPortInitialiseStack
 .text.prvTaskExitError
                0x08005dac       0x58 build/port.o
 *fill*         0x08005e04        0xc 
 .text.SVC_Handler
                0x08005e10       0x28 build/port.o
                0x08005e10                SVC_Handler
 .text.prvPortStartFirstTask
                0x08005e38       0x28 build/port.o
 .text.xPortStartScheduler
                0x08005e60      0x144 build/port.o
                0x08005e60                xPortStartScheduler
 .text.vPortEnterCritical
                0x08005fa4       0x60 build/port.o
                0x08005fa4                vPortEnterCritical
 .text.vPortExitCritical
                0x08006004       0x54 build/port.o
                0x08006004                vPortExitCritical
 *fill*         0x08006058        0x8 
 .text.PendSV_Handler
                0x08006060       0x68 build/port.o
                0x08006060                PendSV_Handler
 .text.xPortSysTickHandler
                0x080060c8       0x44 build/port.o
                0x080060c8                xPortSysTickHandler
 .text.vPortSuppressTicksAndSleep
                0x0800610c      0x198 build/port.o
                0x0800610c                vPortSuppressTicksAndSleep
 .text.vPortSetupTimerInterrupt
                0x080062a4       0x78 build/port.o
                0x080062a4                vPortSetupTimerInterrupt
 .text.vPortEnableVFP
                0x0800631c       0x14 build/port.o
 .text.vPortValidateInterruptPriority
                0x08006330       0x80 build/port.o
                0x08006330                vPortValidateInterruptPriority
 .text.MX_USB_DEVICE_Init
                0x080063b0       0x60 build/usb_device.o
                0x080063b0                MX_USB_DEVICE_Init
 .text.USBD_FS_DeviceDescriptor
                0x08006410       0x24 build/usbd_desc.o
                0x08006410                USBD_FS_DeviceDescriptor
 .text.USBD_FS_LangIDStrDescriptor
                0x08006434       0x24 build/usbd_desc.o
                0x08006434                USBD_FS_LangIDStrDescriptor
 .text.USBD_FS_ProductStrDescriptor
                0x08006458       0x3c build/usbd_desc.o
                0x08006458                USBD_FS_ProductStrDescriptor
 .text.USBD_FS_ManufacturerStrDescriptor
                0x08006494       0x28 build/usbd_desc.o
                0x08006494                USBD_FS_ManufacturerStrDescriptor
 .text.USBD_FS_SerialStrDescriptor
                0x080064bc       0x24 build/usbd_desc.o
                0x080064bc                USBD_FS_SerialStrDescriptor
 .text.USBD_FS_ConfigStrDescriptor
                0x080064e0       0x3c build/usbd_desc.o
                0x080064e0                USBD_FS_ConfigStrDescriptor
 .text.USBD_FS_InterfaceStrDescriptor
                0x0800651c       0x3c build/usbd_desc.o
                0x0800651c                USBD_FS_InterfaceStrDescriptor
 .text.Get_SerialNum
                0x08006558       0x58 build/usbd_desc.o
 .text.IntToUnicode
                0x080065b0       0x7e build/usbd_desc.o
 *fill*         0x0800662e        0x2 
 .text.CDC_Init_FS
                0x08006630       0x28 build/usbd_cdc_if.o
 .text.CDC_DeInit_FS
                0x08006658       0x10 build/usbd_cdc_if.o
 .text.CDC_Control_FS
                0x08006668       0xbc build/usbd_cdc_if.o
 .text.CDC_Receive_FS
                0x08006724       0x28 build/usbd_cdc_if.o
 .text.CDC_TransmitCplt_FS
                0x0800674c       0x22 build/usbd_cdc_if.o
 *fill*         0x0800676e        0x2 
 .text.HAL_PCD_MspInit
                0x08006770       0xa8 build/usbd_conf.o
                0x08006770                HAL_PCD_MspInit
 .text.HAL_PCD_SetupStageCallback
                0x08006818       0x24 build/usbd_conf.o
                0x08006818                HAL_PCD_SetupStageCallback
 .text.HAL_PCD_DataOutStageCallback
                0x0800683c       0x36 build/usbd_conf.o
                0x0800683c                HAL_PCD_DataOutStageCallback
 .text.HAL_PCD_DataInStageCallback
                0x08006872       0x34 build/usbd_conf.o
                0x08006872                HAL_PCD_DataInStageCallback
 .text.HAL_PCD_SOFCallback
                0x080068a6       0x1c build/usbd_conf.o
                0x080068a6                HAL_PCD_SOFCallback
 .text.HAL_PCD_ResetCallback
                0x080068c2       0x3c build/usbd_conf.o
                0x080068c2                HAL_PCD_ResetCallback
 *fill*         0x080068fe        0x2 
 .text.HAL_PCD_SuspendCallback
                0x08006900       0x4c build/usbd_conf.o
                0x08006900                HAL_PCD_SuspendCallback
 .text.HAL_PCD_ResumeCallback
                0x0800694c       0x1c build/usbd_conf.o
                0x0800694c                HAL_PCD_ResumeCallback
 .text.HAL_PCD_ISOOUTIncompleteCallback
                0x08006968       0x24 build/usbd_conf.o
                0x08006968                HAL_PCD_ISOOUTIncompleteCallback
 .text.HAL_PCD_ISOINIncompleteCallback
                0x0800698c       0x24 build/usbd_conf.o
                0x0800698c                HAL_PCD_ISOINIncompleteCallback
 .text.HAL_PCD_ConnectCallback
                0x080069b0       0x1c build/usbd_conf.o
                0x080069b0                HAL_PCD_ConnectCallback
 .text.HAL_PCD_DisconnectCallback
                0x080069cc       0x1c build/usbd_conf.o
                0x080069cc                HAL_PCD_DisconnectCallback
 .text.USBD_LL_Init
                0x080069e8       0x98 build/usbd_conf.o
                0x080069e8                USBD_LL_Init
 .text.USBD_LL_Start
                0x08006a80       0x36 build/usbd_conf.o
                0x08006a80                USBD_LL_Start
 .text.USBD_LL_OpenEP
                0x08006ab6       0x4c build/usbd_conf.o
                0x08006ab6                USBD_LL_OpenEP
 .text.USBD_LL_CloseEP
                0x08006b02       0x3e build/usbd_conf.o
                0x08006b02                USBD_LL_CloseEP
 .text.USBD_LL_StallEP
                0x08006b40       0x3e build/usbd_conf.o
                0x08006b40                USBD_LL_StallEP
 .text.USBD_LL_ClearStallEP
                0x08006b7e       0x3e build/usbd_conf.o
                0x08006b7e                USBD_LL_ClearStallEP
 .text.USBD_LL_IsStallEP
                0x08006bbc       0x58 build/usbd_conf.o
                0x08006bbc                USBD_LL_IsStallEP
 .text.USBD_LL_SetUSBAddress
                0x08006c14       0x3e build/usbd_conf.o
                0x08006c14                USBD_LL_SetUSBAddress
 .text.USBD_LL_Transmit
                0x08006c52       0x42 build/usbd_conf.o
                0x08006c52                USBD_LL_Transmit
 .text.USBD_LL_PrepareReceive
                0x08006c94       0x42 build/usbd_conf.o
                0x08006c94                USBD_LL_PrepareReceive
 .text.USBD_LL_GetRxDataSize
                0x08006cd6       0x26 build/usbd_conf.o
                0x08006cd6                USBD_LL_GetRxDataSize
 .text.USBD_static_malloc
                0x08006cfc       0x1c build/usbd_conf.o
                0x08006cfc                USBD_static_malloc
 .text.USBD_static_free
                0x08006d18       0x14 build/usbd_conf.o
                0x08006d18                USBD_static_free
 .text.USBD_Get_USB_Status
                0x08006d2c       0x58 build/usbd_conf.o
                0x08006d2c                USBD_Get_USB_Status
 .text.HAL_PCD_Init
                0x08006d84      0x23a build/stm32f4xx_hal_pcd.o
                0x08006d84                HAL_PCD_Init
 .text.HAL_PCD_Start
                0x08006fbe       0x66 build/stm32f4xx_hal_pcd.o
                0x08006fbe                HAL_PCD_Start
 .text.HAL_PCD_IRQHandler
                0x08007024      0x93e build/stm32f4xx_hal_pcd.o
                0x08007024                HAL_PCD_IRQHandler
 .text.HAL_PCD_SetAddress
                0x08007962       0x4a build/stm32f4xx_hal_pcd.o
                0x08007962                HAL_PCD_SetAddress
 .text.HAL_PCD_EP_Open
                0x080079ac       0xd0 build/stm32f4xx_hal_pcd.o
                0x080079ac                HAL_PCD_EP_Open
 .text.HAL_PCD_EP_Close
                0x08007a7c       0x94 build/stm32f4xx_hal_pcd.o
                0x08007a7c                HAL_PCD_EP_Close
 .text.HAL_PCD_EP_Receive
                0x08007b10       0x96 build/stm32f4xx_hal_pcd.o
                0x08007b10                HAL_PCD_EP_Receive
 .text.HAL_PCD_EP_GetRxCount
                0x08007ba6       0x30 build/stm32f4xx_hal_pcd.o
                0x08007ba6                HAL_PCD_EP_GetRxCount
 .text.HAL_PCD_EP_Transmit
                0x08007bd6       0x94 build/stm32f4xx_hal_pcd.o
                0x08007bd6                HAL_PCD_EP_Transmit
 .text.HAL_PCD_EP_SetStall
                0x08007c6a       0xc8 build/stm32f4xx_hal_pcd.o
                0x08007c6a                HAL_PCD_EP_SetStall
 .text.HAL_PCD_EP_ClrStall
                0x08007d32       0xac build/stm32f4xx_hal_pcd.o
                0x08007d32                HAL_PCD_EP_ClrStall
 .text.HAL_PCD_EP_Abort
                0x08007dde       0x62 build/stm32f4xx_hal_pcd.o
                0x08007dde                HAL_PCD_EP_Abort
 .text.PCD_WriteEmptyTxFifo
                0x08007e40      0x11a build/stm32f4xx_hal_pcd.o
 *fill*         0x08007f5a        0x2 
 .text.PCD_EP_OutXfrComplete_int
                0x08007f5c      0x1d0 build/stm32f4xx_hal_pcd.o
 .text.PCD_EP_OutSetupPacket_int
                0x0800812c       0x8c build/stm32f4xx_hal_pcd.o
 .text.HAL_PCDEx_SetTxFiFo
                0x080081b8       0x8e build/stm32f4xx_hal_pcd_ex.o
                0x080081b8                HAL_PCDEx_SetTxFiFo
 .text.HAL_PCDEx_SetRxFiFo
                0x08008246       0x22 build/stm32f4xx_hal_pcd_ex.o
                0x08008246                HAL_PCDEx_SetRxFiFo
 .text.HAL_PCDEx_LPM_Callback
                0x08008268       0x18 build/stm32f4xx_hal_pcd_ex.o
                0x08008268                HAL_PCDEx_LPM_Callback
 .text.USB_CoreInit
                0x08008280       0xc2 build/stm32f4xx_ll_usb.o
                0x08008280                USB_CoreInit
 *fill*         0x08008342        0x2 
 .text.USB_SetTurnaroundTime
                0x08008344      0x144 build/stm32f4xx_ll_usb.o
                0x08008344                USB_SetTurnaroundTime
 .text.USB_EnableGlobalInt
                0x08008488       0x22 build/stm32f4xx_ll_usb.o
                0x08008488                USB_EnableGlobalInt
 .text.USB_DisableGlobalInt
                0x080084aa       0x22 build/stm32f4xx_ll_usb.o
                0x080084aa                USB_DisableGlobalInt
 .text.USB_SetCurrentMode
                0x080084cc       0x98 build/stm32f4xx_ll_usb.o
                0x080084cc                USB_SetCurrentMode
 .text.USB_DevInit
                0x08008564      0x2c8 build/stm32f4xx_ll_usb.o
                0x08008564                USB_DevInit
 .text.USB_FlushTxFifo
                0x0800882c       0x68 build/stm32f4xx_ll_usb.o
                0x0800882c                USB_FlushTxFifo
 .text.USB_FlushRxFifo
                0x08008894       0x60 build/stm32f4xx_ll_usb.o
                0x08008894                USB_FlushRxFifo
 .text.USB_SetDevSpeed
                0x080088f4       0x32 build/stm32f4xx_ll_usb.o
                0x080088f4                USB_SetDevSpeed
 .text.USB_GetDevSpeed
                0x08008926       0x4a build/stm32f4xx_ll_usb.o
                0x08008926                USB_GetDevSpeed
 .text.USB_ActivateEndpoint
                0x08008970      0x10e build/stm32f4xx_ll_usb.o
                0x08008970                USB_ActivateEndpoint
 *fill*         0x08008a7e        0x2 
 .text.USB_DeactivateEndpoint
                0x08008a80      0x1b8 build/stm32f4xx_ll_usb.o
                0x08008a80                USB_DeactivateEndpoint
 .text.USB_EPStartXfer
                0x08008c38      0x490 build/stm32f4xx_ll_usb.o
                0x08008c38                USB_EPStartXfer
 .text.USB_EP0StartXfer
                0x080090c8      0x2b0 build/stm32f4xx_ll_usb.o
                0x080090c8                USB_EP0StartXfer
 .text.USB_EPStopXfer
                0x08009378      0x154 build/stm32f4xx_ll_usb.o
                0x08009378                USB_EPStopXfer
 .text.USB_WritePacket
                0x080094cc       0x7c build/stm32f4xx_ll_usb.o
                0x080094cc                USB_WritePacket
 .text.USB_ReadPacket
                0x08009548       0xb0 build/stm32f4xx_ll_usb.o
                0x08009548                USB_ReadPacket
 .text.USB_EPSetStall
                0x080095f8       0xdc build/stm32f4xx_ll_usb.o
                0x080095f8                USB_EPSetStall
 .text.USB_EPClearStall
                0x080096d4       0xcc build/stm32f4xx_ll_usb.o
                0x080096d4                USB_EPClearStall
 .text.USB_SetDevAddress
                0x080097a0       0x4c build/stm32f4xx_ll_usb.o
                0x080097a0                USB_SetDevAddress
 .text.USB_DevConnect
                0x080097ec       0x42 build/stm32f4xx_ll_usb.o
                0x080097ec                USB_DevConnect
 .text.USB_DevDisconnect
                0x0800982e       0x42 build/stm32f4xx_ll_usb.o
                0x0800982e                USB_DevDisconnect
 .text.USB_ReadInterrupts
                0x08009870       0x26 build/stm32f4xx_ll_usb.o
                0x08009870                USB_ReadInterrupts
 .text.USB_ReadDevAllOutEpInterrupt
                0x08009896       0x34 build/stm32f4xx_ll_usb.o
                0x08009896                USB_ReadDevAllOutEpInterrupt
 .text.USB_ReadDevAllInEpInterrupt
                0x080098ca       0x34 build/stm32f4xx_ll_usb.o
                0x080098ca                USB_ReadDevAllInEpInterrupt
 .text.USB_ReadDevOutEPInterrupt
                0x080098fe       0x3c build/stm32f4xx_ll_usb.o
                0x080098fe                USB_ReadDevOutEPInterrupt
 .text.USB_ReadDevInEPInterrupt
                0x0800993a       0x5c build/stm32f4xx_ll_usb.o
                0x0800993a                USB_ReadDevInEPInterrupt
 .text.USB_GetMode
                0x08009996       0x1c build/stm32f4xx_ll_usb.o
                0x08009996                USB_GetMode
 .text.USB_ActivateSetup
                0x080099b2       0x46 build/stm32f4xx_ll_usb.o
                0x080099b2                USB_ActivateSetup
 .text.USB_EP0_OutStart
                0x080099f8       0xbc build/stm32f4xx_ll_usb.o
                0x080099f8                USB_EP0_OutStart
 .text.USB_CoreReset
                0x08009ab4       0x68 build/stm32f4xx_ll_usb.o
 .text.HAL_RCC_OscConfig
                0x08009b1c      0x4f0 build/stm32f4xx_hal_rcc.o
                0x08009b1c                HAL_RCC_OscConfig
 .text.HAL_RCC_ClockConfig
                0x0800a00c      0x1cc build/stm32f4xx_hal_rcc.o
                0x0800a00c                HAL_RCC_ClockConfig
 .text.HAL_RCC_GetSysClockFreq
                0x0800a1d8      0x18c build/stm32f4xx_hal_rcc.o
                0x0800a1d8                HAL_RCC_GetSysClockFreq
 .text.HAL_RCC_GetHCLKFreq
                0x0800a364       0x18 build/stm32f4xx_hal_rcc.o
                0x0800a364                HAL_RCC_GetHCLKFreq
 .text.HAL_RCC_GetPCLK1Freq
                0x0800a37c       0x28 build/stm32f4xx_hal_rcc.o
                0x0800a37c                HAL_RCC_GetPCLK1Freq
 .text.HAL_RCC_GetPCLK2Freq
                0x0800a3a4       0x28 build/stm32f4xx_hal_rcc.o
                0x0800a3a4                HAL_RCC_GetPCLK2Freq
 .text.HAL_RCC_GetClockConfig
                0x0800a3cc       0x64 build/stm32f4xx_hal_rcc.o
                0x0800a3cc                HAL_RCC_GetClockConfig
 .text.HAL_GPIO_Init
                0x0800a430      0x308 build/stm32f4xx_hal_gpio.o
                0x0800a430                HAL_GPIO_Init
 .text.HAL_GPIO_WritePin
                0x0800a738       0x32 build/stm32f4xx_hal_gpio.o
                0x0800a738                HAL_GPIO_WritePin
 .text.HAL_GPIO_TogglePin
                0x0800a76a       0x34 build/stm32f4xx_hal_gpio.o
                0x0800a76a                HAL_GPIO_TogglePin
 *fill*         0x0800a79e        0x2 
 .text.HAL_DMA_Init
                0x0800a7a0      0x15c build/stm32f4xx_hal_dma.o
                0x0800a7a0                HAL_DMA_Init
 .text.HAL_DMA_Start_IT
                0x0800a8fc       0xb0 build/stm32f4xx_hal_dma.o
                0x0800a8fc                HAL_DMA_Start_IT
 .text.HAL_DMA_Abort
                0x0800a9ac       0xe0 build/stm32f4xx_hal_dma.o
                0x0800a9ac                HAL_DMA_Abort
 .text.HAL_DMA_Abort_IT
                0x0800aa8c       0x44 build/stm32f4xx_hal_dma.o
                0x0800aa8c                HAL_DMA_Abort_IT
 .text.HAL_DMA_IRQHandler
                0x0800aad0      0x314 build/stm32f4xx_hal_dma.o
                0x0800aad0                HAL_DMA_IRQHandler
 .text.DMA_SetConfig
                0x0800ade4       0x5c build/stm32f4xx_hal_dma.o
 .text.DMA_CalcBaseAndBitshift
                0x0800ae40       0x6c build/stm32f4xx_hal_dma.o
 .text.DMA_CheckFifoParam
                0x0800aeac       0xf8 build/stm32f4xx_hal_dma.o
 .text.__NVIC_SetPriorityGrouping
                0x0800afa4       0x48 build/stm32f4xx_hal_cortex.o
 .text.__NVIC_GetPriorityGrouping
                0x0800afec       0x1c build/stm32f4xx_hal_cortex.o
 .text.__NVIC_EnableIRQ
                0x0800b008       0x3c build/stm32f4xx_hal_cortex.o
 .text.__NVIC_SetPriority
                0x0800b044       0x54 build/stm32f4xx_hal_cortex.o
 .text.NVIC_EncodePriority
                0x0800b098       0x66 build/stm32f4xx_hal_cortex.o
 .text.HAL_NVIC_SetPriorityGrouping
                0x0800b0fe       0x16 build/stm32f4xx_hal_cortex.o
                0x0800b0fe                HAL_NVIC_SetPriorityGrouping
 .text.HAL_NVIC_SetPriority
                0x0800b114       0x38 build/stm32f4xx_hal_cortex.o
                0x0800b114                HAL_NVIC_SetPriority
 .text.HAL_NVIC_EnableIRQ
                0x0800b14c       0x1c build/stm32f4xx_hal_cortex.o
                0x0800b14c                HAL_NVIC_EnableIRQ
 .text.HAL_Init
                0x0800b168       0x44 build/stm32f4xx_hal.o
                0x0800b168                HAL_Init
 .text.HAL_IncTick
                0x0800b1ac       0x28 build/stm32f4xx_hal.o
                0x0800b1ac                HAL_IncTick
 .text.HAL_GetTick
                0x0800b1d4       0x18 build/stm32f4xx_hal.o
                0x0800b1d4                HAL_GetTick
 .text.HAL_Delay
                0x0800b1ec       0x48 build/stm32f4xx_hal.o
                0x0800b1ec                HAL_Delay
 .text.HAL_TIM_Base_Init
                0x0800b234       0x9e build/stm32f4xx_hal_tim.o
                0x0800b234                HAL_TIM_Base_Init
 *fill*         0x0800b2d2        0x2 
 .text.HAL_TIM_Base_Start
                0x0800b2d4       0xb4 build/stm32f4xx_hal_tim.o
                0x0800b2d4                HAL_TIM_Base_Start
 .text.HAL_TIM_Base_Start_IT
                0x0800b388       0xc4 build/stm32f4xx_hal_tim.o
                0x0800b388                HAL_TIM_Base_Start_IT
 .text.HAL_TIM_PWM_Init
                0x0800b44c       0x9e build/stm32f4xx_hal_tim.o
                0x0800b44c                HAL_TIM_PWM_Init
 .text.HAL_TIM_PWM_MspInit
                0x0800b4ea       0x14 build/stm32f4xx_hal_tim.o
                0x0800b4ea                HAL_TIM_PWM_MspInit
 *fill*         0x0800b4fe        0x2 
 .text.HAL_TIM_PWM_Start
                0x0800b500      0x160 build/stm32f4xx_hal_tim.o
                0x0800b500                HAL_TIM_PWM_Start
 .text.HAL_TIM_IRQHandler
                0x0800b660      0x210 build/stm32f4xx_hal_tim.o
                0x0800b660                HAL_TIM_IRQHandler
 .text.HAL_TIM_PWM_ConfigChannel
                0x0800b870      0x184 build/stm32f4xx_hal_tim.o
                0x0800b870                HAL_TIM_PWM_ConfigChannel
 .text.HAL_TIM_ConfigClockSource
                0x0800b9f4      0x18e build/stm32f4xx_hal_tim.o
                0x0800b9f4                HAL_TIM_ConfigClockSource
 .text.HAL_TIM_OC_DelayElapsedCallback
                0x0800bb82       0x14 build/stm32f4xx_hal_tim.o
                0x0800bb82                HAL_TIM_OC_DelayElapsedCallback
 .text.HAL_TIM_IC_CaptureCallback
                0x0800bb96       0x14 build/stm32f4xx_hal_tim.o
                0x0800bb96                HAL_TIM_IC_CaptureCallback
 .text.HAL_TIM_PWM_PulseFinishedCallback
                0x0800bbaa       0x14 build/stm32f4xx_hal_tim.o
                0x0800bbaa                HAL_TIM_PWM_PulseFinishedCallback
 .text.HAL_TIM_TriggerCallback
                0x0800bbbe       0x14 build/stm32f4xx_hal_tim.o
                0x0800bbbe                HAL_TIM_TriggerCallback
 *fill*         0x0800bbd2        0x2 
 .text.TIM_Base_SetConfig
                0x0800bbd4      0x100 build/stm32f4xx_hal_tim.o
                0x0800bbd4                TIM_Base_SetConfig
 .text.TIM_OC1_SetConfig
                0x0800bcd4       0xcc build/stm32f4xx_hal_tim.o
 .text.TIM_OC2_SetConfig
                0x0800bda0       0xd8 build/stm32f4xx_hal_tim.o
                0x0800bda0                TIM_OC2_SetConfig
 .text.TIM_OC3_SetConfig
                0x0800be78       0xd4 build/stm32f4xx_hal_tim.o
 .text.TIM_OC4_SetConfig
                0x0800bf4c       0xa0 build/stm32f4xx_hal_tim.o
 .text.TIM_TI1_ConfigInputStage
                0x0800bfec       0x5e build/stm32f4xx_hal_tim.o
 .text.TIM_TI2_ConfigInputStage
                0x0800c04a       0x60 build/stm32f4xx_hal_tim.o
 .text.TIM_ITRx_SetConfig
                0x0800c0aa       0x36 build/stm32f4xx_hal_tim.o
 .text.TIM_ETR_SetConfig
                0x0800c0e0       0x40 build/stm32f4xx_hal_tim.o
                0x0800c0e0                TIM_ETR_SetConfig
 .text.TIM_CCxChannelCmd
                0x0800c120       0x4a build/stm32f4xx_hal_tim.o
                0x0800c120                TIM_CCxChannelCmd
 *fill*         0x0800c16a        0x2 
 .text.HAL_TIMEx_MasterConfigSynchronization
                0x0800c16c       0xdc build/stm32f4xx_hal_tim_ex.o
                0x0800c16c                HAL_TIMEx_MasterConfigSynchronization
 .text.HAL_TIMEx_ConfigBreakDeadTime
                0x0800c248       0xa4 build/stm32f4xx_hal_tim_ex.o
                0x0800c248                HAL_TIMEx_ConfigBreakDeadTime
 .text.HAL_TIMEx_CommutCallback
                0x0800c2ec       0x14 build/stm32f4xx_hal_tim_ex.o
                0x0800c2ec                HAL_TIMEx_CommutCallback
 .text.HAL_TIMEx_BreakCallback
                0x0800c300       0x14 build/stm32f4xx_hal_tim_ex.o
                0x0800c300                HAL_TIMEx_BreakCallback
 .text.HAL_UART_Init
                0x0800c314       0x9a build/stm32f4xx_hal_uart.o
                0x0800c314                HAL_UART_Init
 *fill*         0x0800c3ae        0x2 
 .text.HAL_UART_Transmit_DMA
                0x0800c3b0       0xfc build/stm32f4xx_hal_uart.o
                0x0800c3b0                HAL_UART_Transmit_DMA
 .text.HAL_UARTEx_ReceiveToIdle_DMA
                0x0800c4ac       0xca build/stm32f4xx_hal_uart.o
                0x0800c4ac                HAL_UARTEx_ReceiveToIdle_DMA
 *fill*         0x0800c576        0x2 
 .text.HAL_UART_IRQHandler
                0x0800c578      0x51c build/stm32f4xx_hal_uart.o
                0x0800c578                HAL_UART_IRQHandler
 .text.HAL_UART_RxCpltCallback
                0x0800ca94       0x14 build/stm32f4xx_hal_uart.o
                0x0800ca94                HAL_UART_RxCpltCallback
 .text.HAL_UART_RxHalfCpltCallback
                0x0800caa8       0x14 build/stm32f4xx_hal_uart.o
                0x0800caa8                HAL_UART_RxHalfCpltCallback
 .text.HAL_UART_ErrorCallback
                0x0800cabc       0x14 build/stm32f4xx_hal_uart.o
                0x0800cabc                HAL_UART_ErrorCallback
 .text.UART_DMATransmitCplt
                0x0800cad0       0x9a build/stm32f4xx_hal_uart.o
 .text.UART_DMATxHalfCplt
                0x0800cb6a       0x1c build/stm32f4xx_hal_uart.o
 .text.UART_DMAReceiveCplt
                0x0800cb86      0x126 build/stm32f4xx_hal_uart.o
 .text.UART_DMARxHalfCplt
                0x0800ccac       0x36 build/stm32f4xx_hal_uart.o
 .text.UART_DMAError
                0x0800cce2       0x94 build/stm32f4xx_hal_uart.o
 *fill*         0x0800cd76        0x2 
 .text.UART_Start_Receive_DMA
                0x0800cd78      0x13c build/stm32f4xx_hal_uart.o
                0x0800cd78                UART_Start_Receive_DMA
 .text.UART_EndTxTransfer
                0x0800ceb4       0x50 build/stm32f4xx_hal_uart.o
 .text.UART_EndRxTransfer
                0x0800cf04       0xc6 build/stm32f4xx_hal_uart.o
 .text.UART_DMAAbortOnError
                0x0800cfca       0x28 build/stm32f4xx_hal_uart.o
 .text.UART_Transmit_IT
                0x0800cff2       0xa0 build/stm32f4xx_hal_uart.o
 .text.UART_EndTransmit_IT
                0x0800d092       0x30 build/stm32f4xx_hal_uart.o
 .text.UART_Receive_IT
                0x0800d0c2      0x176 build/stm32f4xx_hal_uart.o
 .text.UART_SetConfig
                0x0800d238      0x4e8 build/stm32f4xx_hal_uart.o
 .text.SystemInit
                0x0800d720       0x24 build/system_stm32f4xx.o
                0x0800d720                SystemInit
 .text.USBD_Init
                0x0800d744       0x60 build/usbd_core.o
                0x0800d744                USBD_Init
 .text.USBD_RegisterClass
                0x0800d7a4       0x6c build/usbd_core.o
                0x0800d7a4                USBD_RegisterClass
 .text.USBD_Start
                0x0800d810       0x18 build/usbd_core.o
                0x0800d810                USBD_Start
 .text.USBD_RunTestMode
                0x0800d828       0x16 build/usbd_core.o
                0x0800d828                USBD_RunTestMode
 .text.USBD_SetClassConfig
                0x0800d83e       0x38 build/usbd_core.o
                0x0800d83e                USBD_SetClassConfig
 .text.USBD_ClrClassConfig
                0x0800d876       0x34 build/usbd_core.o
                0x0800d876                USBD_ClrClassConfig
 .text.USBD_LL_SetupStage
                0x0800d8aa       0xaa build/usbd_core.o
                0x0800d8aa                USBD_LL_SetupStage
 .text.USBD_LL_DataOutStage
                0x0800d954      0x166 build/usbd_core.o
                0x0800d954                USBD_LL_DataOutStage
 .text.USBD_LL_DataInStage
                0x0800daba      0x164 build/usbd_core.o
                0x0800daba                USBD_LL_DataInStage
 .text.USBD_LL_Reset
                0x0800dc1e       0xa4 build/usbd_core.o
                0x0800dc1e                USBD_LL_Reset
 .text.USBD_LL_SetSpeed
                0x0800dcc2       0x20 build/usbd_core.o
                0x0800dcc2                USBD_LL_SetSpeed
 .text.USBD_LL_Suspend
                0x0800dce2       0x2c build/usbd_core.o
                0x0800dce2                USBD_LL_Suspend
 .text.USBD_LL_Resume
                0x0800dd0e       0x30 build/usbd_core.o
                0x0800dd0e                USBD_LL_Resume
 .text.USBD_LL_SOF
                0x0800dd3e       0x40 build/usbd_core.o
                0x0800dd3e                USBD_LL_SOF
 .text.USBD_LL_IsoINIncomplete
                0x0800dd7e       0x64 build/usbd_core.o
                0x0800dd7e                USBD_LL_IsoINIncomplete
 .text.USBD_LL_IsoOUTIncomplete
                0x0800dde2       0x64 build/usbd_core.o
                0x0800dde2                USBD_LL_IsoOUTIncomplete
 .text.USBD_LL_DevConnected
                0x0800de46       0x16 build/usbd_core.o
                0x0800de46                USBD_LL_DevConnected
 .text.USBD_LL_DevDisconnected
                0x0800de5c       0x46 build/usbd_core.o
                0x0800de5c                USBD_LL_DevDisconnected
 .text.USBD_CoreFindIF
                0x0800dea2       0x1a build/usbd_core.o
                0x0800dea2                USBD_CoreFindIF
 .text.USBD_CoreFindEP
                0x0800debc       0x1a build/usbd_core.o
                0x0800debc                USBD_CoreFindEP
 .text.USBD_GetEpDesc
                0x0800ded6       0x74 build/usbd_core.o
                0x0800ded6                USBD_GetEpDesc
 .text.USBD_GetNextDesc
                0x0800df4a       0x3a build/usbd_core.o
                0x0800df4a                USBD_GetNextDesc
 .text.SWAPBYTE
                0x0800df84       0x3c build/usbd_ctlreq.o
 .text.USBD_StdDevReq
                0x0800dfc0       0xe4 build/usbd_ctlreq.o
                0x0800dfc0                USBD_StdDevReq
 .text.USBD_StdItfReq
                0x0800e0a4       0xd8 build/usbd_ctlreq.o
                0x0800e0a4                USBD_StdItfReq
 .text.USBD_StdEPReq
                0x0800e17c      0x33a build/usbd_ctlreq.o
                0x0800e17c                USBD_StdEPReq
 *fill*         0x0800e4b6        0x2 
 .text.USBD_GetDescriptor
                0x0800e4b8      0x2d4 build/usbd_ctlreq.o
 .text.USBD_SetAddress
                0x0800e78c       0x88 build/usbd_ctlreq.o
 .text.USBD_SetConfig
                0x0800e814      0x154 build/usbd_ctlreq.o
 .text.USBD_GetConfig
                0x0800e968       0x6c build/usbd_ctlreq.o
 .text.USBD_GetStatus
                0x0800e9d4       0x68 build/usbd_ctlreq.o
 .text.USBD_SetFeature
                0x0800ea3c       0x52 build/usbd_ctlreq.o
 .text.USBD_ClrFeature
                0x0800ea8e       0x44 build/usbd_ctlreq.o
 .text.USBD_ParseSetupRequest
                0x0800ead2       0x74 build/usbd_ctlreq.o
                0x0800ead2                USBD_ParseSetupRequest
 .text.USBD_CtlError
                0x0800eb46       0x22 build/usbd_ctlreq.o
                0x0800eb46                USBD_CtlError
 .text.USBD_GetString
                0x0800eb68       0x8c build/usbd_ctlreq.o
                0x0800eb68                USBD_GetString
 .text.USBD_GetLen
                0x0800ebf4       0x34 build/usbd_ctlreq.o
 .text.USBD_CtlSendData
                0x0800ec28       0x36 build/usbd_ioreq.o
                0x0800ec28                USBD_CtlSendData
 .text.USBD_CtlContinueSendData
                0x0800ec5e       0x22 build/usbd_ioreq.o
                0x0800ec5e                USBD_CtlContinueSendData
 .text.USBD_CtlPrepareRx
                0x0800ec80       0x3a build/usbd_ioreq.o
                0x0800ec80                USBD_CtlPrepareRx
 .text.USBD_CtlContinueRx
                0x0800ecba       0x22 build/usbd_ioreq.o
                0x0800ecba                USBD_CtlContinueRx
 .text.USBD_CtlSendStatus
                0x0800ecdc       0x26 build/usbd_ioreq.o
                0x0800ecdc                USBD_CtlSendStatus
 .text.USBD_CtlReceiveStatus
                0x0800ed02       0x26 build/usbd_ioreq.o
                0x0800ed02                USBD_CtlReceiveStatus
 .text.USBD_CDC_Init
                0x0800ed28      0x1f0 build/usbd_cdc.o
 .text.USBD_CDC_DeInit
                0x0800ef18      0x104 build/usbd_cdc.o
 .text.USBD_CDC_Setup
                0x0800f01c      0x1b8 build/usbd_cdc.o
 .text.USBD_CDC_DataIn
                0x0800f1d4       0xfe build/usbd_cdc.o
 .text.USBD_CDC_DataOut
                0x0800f2d2       0x70 build/usbd_cdc.o
 .text.USBD_CDC_EP0_RxReady
                0x0800f342       0x76 build/usbd_cdc.o
 .text.USBD_CDC_GetFSCfgDesc
                0x0800f3b8       0x70 build/usbd_cdc.o
 .text.USBD_CDC_GetHSCfgDesc
                0x0800f428       0x70 build/usbd_cdc.o
 .text.USBD_CDC_GetOtherSpeedCfgDesc
                0x0800f498       0x70 build/usbd_cdc.o
 .text.USBD_CDC_GetDeviceQualifierDescriptor
                0x0800f508       0x20 build/usbd_cdc.o
                0x0800f508                USBD_CDC_GetDeviceQualifierDescriptor
 .text.USBD_CDC_RegisterInterface
                0x0800f528       0x34 build/usbd_cdc.o
                0x0800f528                USBD_CDC_RegisterInterface
 .text.USBD_CDC_SetTxBuffer
                0x0800f55c       0x44 build/usbd_cdc.o
                0x0800f55c                USBD_CDC_SetTxBuffer
 .text.USBD_CDC_SetRxBuffer
                0x0800f5a0       0x3a build/usbd_cdc.o
                0x0800f5a0                USBD_CDC_SetRxBuffer
 *fill*         0x0800f5da        0x2 
 .text.USBD_CDC_ReceivePacket
                0x0800f5dc       0x6c build/usbd_cdc.o
                0x0800f5dc                USBD_CDC_ReceivePacket
 .text.sendRAWAT
                0x0800f648       0xfc build/uart_at.o
                0x0800f648                sendRAWAT
 .text.ParseResponse
                0x0800f744       0x6c build/uart_at.o
                0x0800f744                ParseResponse
 .text.ParseAT  0x0800f7b0       0x74 build/uart_at.o
                0x0800f7b0                ParseAT
 .text.ATHandlingTaskCode
                0x0800f824      0x2e4 build/uart_at.o
                0x0800f824                ATHandlingTaskCode
 .text.ATParsingTaskCode
                0x0800fb08      0x1b0 build/uart_at.o
                0x0800fb08                ATParsingTaskCode
 .text.Ringbuf_Init
                0x0800fcb8       0x50 build/uartRingBufDMA.o
                0x0800fcb8                Ringbuf_Init
 .text.Ringbuf_Reset
                0x0800fd08       0x4c build/uartRingBufDMA.o
                0x0800fd08                Ringbuf_Reset
 .text.labscim_buffer_direct_input
                0x0800fd54       0xc0 build/uartRingBufDMA.o
                0x0800fd54                labscim_buffer_direct_input
 .text.labscim_buffer_peek
                0x0800fe14       0xa8 build/uartRingBufDMA.o
 .text.labscim_find_char_on_buffer
                0x0800febc       0xe8 build/uartRingBufDMA.o
                0x0800febc                labscim_find_char_on_buffer
 .text.labscim_buffer_retrieve
                0x0800ffa4       0x48 build/uartRingBufDMA.o
                0x0800ffa4                labscim_buffer_retrieve
 .text.labscim_buffer_used
                0x0800ffec       0x18 build/uartRingBufDMA.o
                0x0800ffec                labscim_buffer_used
 .text.HAL_UARTEx_RxEventCallback
                0x08010004       0x54 build/uartRingBufDMA.o
                0x08010004                HAL_UARTEx_RxEventCallback
 .text.SendToUART
                0x08010058       0x60 build/uartRingBufDMA.o
                0x08010058                SendToUART
 .text.HAL_UART_TxHalfCpltCallback
                0x080100b8       0x14 build/uartRingBufDMA.o
                0x080100b8                HAL_UART_TxHalfCpltCallback
 .text.HAL_UART_TxCpltCallback
                0x080100cc       0x20 build/uartRingBufDMA.o
                0x080100cc                HAL_UART_TxCpltCallback
 .text.UARTProcTaskCode
                0x080100ec       0x88 build/uartRingBufDMA.o
                0x080100ec                UARTProcTaskCode
 .text.LoRaWAN_JoinCallback
                0x08010174       0x7c build/radioenge_modem.o
                0x08010174                LoRaWAN_JoinCallback
 .text.DutyCycleTimerCallback
                0x080101f0       0x40 build/radioenge_modem.o
                0x080101f0                DutyCycleTimerCallback
 .text.resetRadio
                0x08010230       0x24 build/radioenge_modem.o
                0x08010230                resetRadio
 .text.SetRadioState
                0x08010254       0x2c build/radioenge_modem.o
                0x08010254                SetRadioState
 .text.ModemLedCallback
                0x08010280      0x158 build/radioenge_modem.o
                0x08010280                ModemLedCallback
 .text.ModemManagerTaskCode
                0x080103d8      0x154 build/radioenge_modem.o
                0x080103d8                ModemManagerTaskCode
 .text.bin_encode
                0x0801052c       0x70 build/radioenge_modem.o
                0x0801052c                bin_encode
 .text.LoRaSendB
                0x0801059c       0x24 build/radioenge_modem.o
                0x0801059c                LoRaSendB
 .text.LoRaWaitDutyCycle
                0x080105c0       0x40 build/radioenge_modem.o
                0x080105c0                LoRaWaitDutyCycle
 .text.LoRaSendBNow
                0x08010600       0x94 build/radioenge_modem.o
                0x08010600                LoRaSendBNow
 .text.LoRaWAN_RxEventCallback
                0x08010694       0x1a build/application.o
                0x08010694                LoRaWAN_RxEventCallback
 *fill*         0x080106ae        0x2 
 .text.AppSendTaskCode
                0x080106b0       0x68 build/application.o
                0x080106b0                AppSendTaskCode
 .text.ReadFromADCTaskCode
                0x08010718       0x78 build/application.o
                0x08010718                ReadFromADCTaskCode
 .text.PeriodicSendTimerCallback
                0x08010790       0x14 build/application.o
                0x08010790                PeriodicSendTimerCallback
 .text.HAL_ADC_Init
                0x080107a4       0x86 build/stm32f4xx_hal_adc.o
                0x080107a4                HAL_ADC_Init
 *fill*         0x0801082a        0x2 
 .text.HAL_ADC_Start
                0x0801082c      0x168 build/stm32f4xx_hal_adc.o
                0x0801082c                HAL_ADC_Start
 .text.HAL_ADC_PollForConversion
                0x08010994      0x116 build/stm32f4xx_hal_adc.o
                0x08010994                HAL_ADC_PollForConversion
 .text.HAL_ADC_GetValue
                0x08010aaa       0x1a build/stm32f4xx_hal_adc.o
                0x08010aaa                HAL_ADC_GetValue
 .text.HAL_ADC_ConfigChannel
                0x08010ac4      0x264 build/stm32f4xx_hal_adc.o
                0x08010ac4                HAL_ADC_ConfigChannel
 .text.ADC_Init
                0x08010d28      0x1f8 build/stm32f4xx_hal_adc.o
 .text.Reset_Handler
                0x08010f20       0x50 build/startup_stm32f411xe.o
                0x08010f20                Reset_Handler
 .text.Default_Handler
                0x08010f70        0x2 build/startup_stm32f411xe.o
                0x08010f70                RTC_Alarm_IRQHandler
                0x08010f70                EXTI2_IRQHandler
                0x08010f70                SPI4_IRQHandler
                0x08010f70                TIM1_CC_IRQHandler
                0x08010f70                DMA2_Stream5_IRQHandler
                0x08010f70                DMA1_Stream5_IRQHandler
                0x08010f70                PVD_IRQHandler
                0x08010f70                SDIO_IRQHandler
                0x08010f70                TAMP_STAMP_IRQHandler
                0x08010f70                EXTI3_IRQHandler
                0x08010f70                TIM1_UP_TIM10_IRQHandler
                0x08010f70                I2C3_ER_IRQHandler
                0x08010f70                EXTI0_IRQHandler
                0x08010f70                I2C2_EV_IRQHandler
                0x08010f70                DMA1_Stream2_IRQHandler
                0x08010f70                FPU_IRQHandler
                0x08010f70                SPI1_IRQHandler
                0x08010f70                TIM1_BRK_TIM9_IRQHandler
                0x08010f70                DMA2_Stream3_IRQHandler
                0x08010f70                USART6_IRQHandler
                0x08010f70                DMA2_Stream0_IRQHandler
                0x08010f70                TIM4_IRQHandler
                0x08010f70                I2C1_EV_IRQHandler
                0x08010f70                DMA1_Stream6_IRQHandler
                0x08010f70                DMA1_Stream1_IRQHandler
                0x08010f70                TIM3_IRQHandler
                0x08010f70                RCC_IRQHandler
                0x08010f70                Default_Handler
                0x08010f70                EXTI15_10_IRQHandler
                0x08010f70                ADC_IRQHandler
                0x08010f70                DMA1_Stream7_IRQHandler
                0x08010f70                SPI5_IRQHandler
                0x08010f70                TIM5_IRQHandler
                0x08010f70                I2C3_EV_IRQHandler
                0x08010f70                EXTI9_5_IRQHandler
                0x08010f70                RTC_WKUP_IRQHandler
                0x08010f70                SPI2_IRQHandler
                0x08010f70                DMA1_Stream0_IRQHandler
                0x08010f70                EXTI4_IRQHandler
                0x08010f70                WWDG_IRQHandler
                0x08010f70                TIM2_IRQHandler
                0x08010f70                OTG_FS_WKUP_IRQHandler
                0x08010f70                EXTI1_IRQHandler
                0x08010f70                USART2_IRQHandler
                0x08010f70                I2C2_ER_IRQHandler
                0x08010f70                DMA2_Stream1_IRQHandler
                0x08010f70                FLASH_IRQHandler
                0x08010f70                DMA2_Stream4_IRQHandler
                0x08010f70                SPI3_IRQHandler
                0x08010f70                DMA1_Stream4_IRQHandler
                0x08010f70                I2C1_ER_IRQHandler
                0x08010f70                DMA2_Stream6_IRQHandler
                0x08010f70                DMA1_Stream3_IRQHandler
 .text.atoi     0x08010f72        0x8 c:/arm-gcc/arm-gnu-toolchain-11.3.rel1-mingw-w64-i686-arm-none-eabi/bin/../lib/gcc/arm-none-eabi/11.3.1/thumb/v7e-m+fp/hard\libc_nano.a(libc_a-atoi.o)
                0x08010f72                atoi
 *fill*         0x08010f7a        0x2 
 .text._strtol_l.constprop.0
                0x08010f7c      0x104 c:/arm-gcc/arm-gnu-toolchain-11.3.rel1-mingw-w64-i686-arm-none-eabi/bin/../lib/gcc/arm-none-eabi/11.3.1/thumb/v7e-m+fp/hard\libc_nano.a(libc_a-strtol.o)
 .text.strtol   0x08011080       0x14 c:/arm-gcc/arm-gnu-toolchain-11.3.rel1-mingw-w64-i686-arm-none-eabi/bin/../lib/gcc/arm-none-eabi/11.3.1/thumb/v7e-m+fp/hard\libc_nano.a(libc_a-strtol.o)
                0x08011080                strtol
 .text.std      0x08011094       0x48 c:/arm-gcc/arm-gnu-toolchain-11.3.rel1-mingw-w64-i686-arm-none-eabi/bin/../lib/gcc/arm-none-eabi/11.3.1/thumb/v7e-m+fp/hard\libc_nano.a(libc_a-findfp.o)
 .text.stdio_exit_handler
                0x080110dc       0x18 c:/arm-gcc/arm-gnu-toolchain-11.3.rel1-mingw-w64-i686-arm-none-eabi/bin/../lib/gcc/arm-none-eabi/11.3.1/thumb/v7e-m+fp/hard\libc_nano.a(libc_a-findfp.o)
 .text.cleanup_stdio
                0x080110f4       0x40 c:/arm-gcc/arm-gnu-toolchain-11.3.rel1-mingw-w64-i686-arm-none-eabi/bin/../lib/gcc/arm-none-eabi/11.3.1/thumb/v7e-m+fp/hard\libc_nano.a(libc_a-findfp.o)
 .text.global_stdio_init.part.0
                0x08011134       0x3c c:/arm-gcc/arm-gnu-toolchain-11.3.rel1-mingw-w64-i686-arm-none-eabi/bin/../lib/gcc/arm-none-eabi/11.3.1/thumb/v7e-m+fp/hard\libc_nano.a(libc_a-findfp.o)
 .text.__sfp_lock_acquire
                0x08011170        0xc c:/arm-gcc/arm-gnu-toolchain-11.3.rel1-mingw-w64-i686-arm-none-eabi/bin/../lib/gcc/arm-none-eabi/11.3.1/thumb/v7e-m+fp/hard\libc_nano.a(libc_a-findfp.o)
                0x08011170                __sfp_lock_acquire
 .text.__sfp_lock_release
                0x0801117c        0xc c:/arm-gcc/arm-gnu-toolchain-11.3.rel1-mingw-w64-i686-arm-none-eabi/bin/../lib/gcc/arm-none-eabi/11.3.1/thumb/v7e-m+fp/hard\libc_nano.a(libc_a-findfp.o)
                0x0801117c                __sfp_lock_release
 .text.__sinit  0x08011188       0x30 c:/arm-gcc/arm-gnu-toolchain-11.3.rel1-mingw-w64-i686-arm-none-eabi/bin/../lib/gcc/arm-none-eabi/11.3.1/thumb/v7e-m+fp/hard\libc_nano.a(libc_a-findfp.o)
                0x08011188                __sinit
 .text._fwalk_sglue
                0x080111b8       0x3c c:/arm-gcc/arm-gnu-toolchain-11.3.rel1-mingw-w64-i686-arm-none-eabi/bin/../lib/gcc/arm-none-eabi/11.3.1/thumb/v7e-m+fp/hard\libc_nano.a(libc_a-fwalk.o)
                0x080111b8                _fwalk_sglue
 .text.snprintf
                0x080111f4       0x68 c:/arm-gcc/arm-gnu-toolchain-11.3.rel1-mingw-w64-i686-arm-none-eabi/bin/../lib/gcc/arm-none-eabi/11.3.1/thumb/v7e-m+fp/hard\libc_nano.a(libc_a-snprintf.o)
                0x080111f4                sniprintf
                0x080111f4                snprintf
 .text.sprintf  0x0801125c       0x40 c:/arm-gcc/arm-gnu-toolchain-11.3.rel1-mingw-w64-i686-arm-none-eabi/bin/../lib/gcc/arm-none-eabi/11.3.1/thumb/v7e-m+fp/hard\libc_nano.a(libc_a-sprintf.o)
                0x0801125c                siprintf
                0x0801125c                sprintf
 .text.__sread  0x0801129c       0x22 c:/arm-gcc/arm-gnu-toolchain-11.3.rel1-mingw-w64-i686-arm-none-eabi/bin/../lib/gcc/arm-none-eabi/11.3.1/thumb/v7e-m+fp/hard\libc_nano.a(libc_a-stdio.o)
                0x0801129c                __sread
 .text.__swrite
                0x080112be       0x38 c:/arm-gcc/arm-gnu-toolchain-11.3.rel1-mingw-w64-i686-arm-none-eabi/bin/../lib/gcc/arm-none-eabi/11.3.1/thumb/v7e-m+fp/hard\libc_nano.a(libc_a-stdio.o)
                0x080112be                __swrite
 .text.__sseek  0x080112f6       0x24 c:/arm-gcc/arm-gnu-toolchain-11.3.rel1-mingw-w64-i686-arm-none-eabi/bin/../lib/gcc/arm-none-eabi/11.3.1/thumb/v7e-m+fp/hard\libc_nano.a(libc_a-stdio.o)
                0x080112f6                __sseek
 .text.__sclose
                0x0801131a        0x8 c:/arm-gcc/arm-gnu-toolchain-11.3.rel1-mingw-w64-i686-arm-none-eabi/bin/../lib/gcc/arm-none-eabi/11.3.1/thumb/v7e-m+fp/hard\libc_nano.a(libc_a-stdio.o)
                0x0801131a                __sclose
 .text.memset   0x08011322       0x10 c:/arm-gcc/arm-gnu-toolchain-11.3.rel1-mingw-w64-i686-arm-none-eabi/bin/../lib/gcc/arm-none-eabi/11.3.1/thumb/v7e-m+fp/hard\libc_nano.a(libc_a-memset.o)
                0x08011322                memset
 .text.strncmp  0x08011332       0x24 c:/arm-gcc/arm-gnu-toolchain-11.3.rel1-mingw-w64-i686-arm-none-eabi/bin/../lib/gcc/arm-none-eabi/11.3.1/thumb/v7e-m+fp/hard\libc_nano.a(libc_a-strncmp.o)
                0x08011332                strncmp
 *fill*         0x08011356        0x2 
 .text.strtok   0x08011358       0x68 c:/arm-gcc/arm-gnu-toolchain-11.3.rel1-mingw-w64-i686-arm-none-eabi/bin/../lib/gcc/arm-none-eabi/11.3.1/thumb/v7e-m+fp/hard\libc_nano.a(libc_a-strtok.o)
                0x08011358                strtok
 .text.__strtok_r
                0x080113c0       0x50 c:/arm-gcc/arm-gnu-toolchain-11.3.rel1-mingw-w64-i686-arm-none-eabi/bin/../lib/gcc/arm-none-eabi/11.3.1/thumb/v7e-m+fp/hard\libc_nano.a(libc_a-strtok_r.o)
                0x080113c0                __strtok_r
 .text._close_r
                0x08011410       0x20 c:/arm-gcc/arm-gnu-toolchain-11.3.rel1-mingw-w64-i686-arm-none-eabi/bin/../lib/gcc/arm-none-eabi/11.3.1/thumb/v7e-m+fp/hard\libc_nano.a(libc_a-closer.o)
                0x08011410                _close_r
 .text._lseek_r
                0x08011430       0x24 c:/arm-gcc/arm-gnu-toolchain-11.3.rel1-mingw-w64-i686-arm-none-eabi/bin/../lib/gcc/arm-none-eabi/11.3.1/thumb/v7e-m+fp/hard\libc_nano.a(libc_a-lseekr.o)
                0x08011430                _lseek_r
 .text._read_r  0x08011454       0x24 c:/arm-gcc/arm-gnu-toolchain-11.3.rel1-mingw-w64-i686-arm-none-eabi/bin/../lib/gcc/arm-none-eabi/11.3.1/thumb/v7e-m+fp/hard\libc_nano.a(libc_a-readr.o)
                0x08011454                _read_r
 .text._write_r
                0x08011478       0x24 c:/arm-gcc/arm-gnu-toolchain-11.3.rel1-mingw-w64-i686-arm-none-eabi/bin/../lib/gcc/arm-none-eabi/11.3.1/thumb/v7e-m+fp/hard\libc_nano.a(libc_a-writer.o)
                0x08011478                _write_r
 .text.__errno  0x0801149c        0xc c:/arm-gcc/arm-gnu-toolchain-11.3.rel1-mingw-w64-i686-arm-none-eabi/bin/../lib/gcc/arm-none-eabi/11.3.1/thumb/v7e-m+fp/hard\libc_nano.a(libc_a-errno.o)
                0x0801149c                __errno
 .text.__libc_init_array
                0x080114a8       0x48 c:/arm-gcc/arm-gnu-toolchain-11.3.rel1-mingw-w64-i686-arm-none-eabi/bin/../lib/gcc/arm-none-eabi/11.3.1/thumb/v7e-m+fp/hard\libc_nano.a(libc_a-init.o)
                0x080114a8                __libc_init_array
 .text.__retarget_lock_acquire_recursive
                0x080114f0        0x2 c:/arm-gcc/arm-gnu-toolchain-11.3.rel1-mingw-w64-i686-arm-none-eabi/bin/../lib/gcc/arm-none-eabi/11.3.1/thumb/v7e-m+fp/hard\libc_nano.a(libc_a-lock.o)
                0x080114f0                __retarget_lock_acquire_recursive
 .text.__retarget_lock_release_recursive
                0x080114f2        0x2 c:/arm-gcc/arm-gnu-toolchain-11.3.rel1-mingw-w64-i686-arm-none-eabi/bin/../lib/gcc/arm-none-eabi/11.3.1/thumb/v7e-m+fp/hard\libc_nano.a(libc_a-lock.o)
                0x080114f2                __retarget_lock_release_recursive
 .text.memcpy   0x080114f4       0x1c c:/arm-gcc/arm-gnu-toolchain-11.3.rel1-mingw-w64-i686-arm-none-eabi/bin/../lib/gcc/arm-none-eabi/11.3.1/thumb/v7e-m+fp/hard\libc_nano.a(libc_a-memcpy-stub.o)
                0x080114f4                memcpy
 .text.__assert_func
                0x08011510       0x3c c:/arm-gcc/arm-gnu-toolchain-11.3.rel1-mingw-w64-i686-arm-none-eabi/bin/../lib/gcc/arm-none-eabi/11.3.1/thumb/v7e-m+fp/hard\libc_nano.a(libc_a-assert.o)
                0x08011510                __assert_func
 .text._free_r  0x0801154c       0x98 c:/arm-gcc/arm-gnu-toolchain-11.3.rel1-mingw-w64-i686-arm-none-eabi/bin/../lib/gcc/arm-none-eabi/11.3.1/thumb/v7e-m+fp/hard\libc_nano.a(libc_a-freer.o)
                0x0801154c                _free_r
 .text.malloc   0x080115e4       0x10 c:/arm-gcc/arm-gnu-toolchain-11.3.rel1-mingw-w64-i686-arm-none-eabi/bin/../lib/gcc/arm-none-eabi/11.3.1/thumb/v7e-m+fp/hard\libc_nano.a(libc_a-malloc.o)
                0x080115e4                malloc
 .text.sbrk_aligned
                0x080115f4       0x40 c:/arm-gcc/arm-gnu-toolchain-11.3.rel1-mingw-w64-i686-arm-none-eabi/bin/../lib/gcc/arm-none-eabi/11.3.1/thumb/v7e-m+fp/hard\libc_nano.a(libc_a-mallocr.o)
 .text._malloc_r
                0x08011634       0xec c:/arm-gcc/arm-gnu-toolchain-11.3.rel1-mingw-w64-i686-arm-none-eabi/bin/../lib/gcc/arm-none-eabi/11.3.1/thumb/v7e-m+fp/hard\libc_nano.a(libc_a-mallocr.o)
                0x08011634                _malloc_r
 .text.__malloc_lock
                0x08011720        0xc c:/arm-gcc/arm-gnu-toolchain-11.3.rel1-mingw-w64-i686-arm-none-eabi/bin/../lib/gcc/arm-none-eabi/11.3.1/thumb/v7e-m+fp/hard\libc_nano.a(libc_a-mlock.o)
                0x08011720                __malloc_lock
 .text.__malloc_unlock
                0x0801172c        0xc c:/arm-gcc/arm-gnu-toolchain-11.3.rel1-mingw-w64-i686-arm-none-eabi/bin/../lib/gcc/arm-none-eabi/11.3.1/thumb/v7e-m+fp/hard\libc_nano.a(libc_a-mlock.o)
                0x0801172c                __malloc_unlock
 .text.__ssputs_r
                0x08011738       0xb4 c:/arm-gcc/arm-gnu-toolchain-11.3.rel1-mingw-w64-i686-arm-none-eabi/bin/../lib/gcc/arm-none-eabi/11.3.1/thumb/v7e-m+fp/hard\libc_nano.a(libc_a-nano-svfprintf.o)
                0x08011738                __ssputs_r
 .text._svfprintf_r
                0x080117ec      0x1fc c:/arm-gcc/arm-gnu-toolchain-11.3.rel1-mingw-w64-i686-arm-none-eabi/bin/../lib/gcc/arm-none-eabi/11.3.1/thumb/v7e-m+fp/hard\libc_nano.a(libc_a-nano-svfprintf.o)
                0x080117ec                _svfiprintf_r
                0x080117ec                _svfprintf_r
 .text._printf_common
                0x080119e8       0xda c:/arm-gcc/arm-gnu-toolchain-11.3.rel1-mingw-w64-i686-arm-none-eabi/bin/../lib/gcc/arm-none-eabi/11.3.1/thumb/v7e-m+fp/hard\libc_nano.a(libc_a-nano-vfprintf_i.o)
                0x080119e8                _printf_common
 *fill*         0x08011ac2        0x2 
 .text._printf_i
                0x08011ac4      0x244 c:/arm-gcc/arm-gnu-toolchain-11.3.rel1-mingw-w64-i686-arm-none-eabi/bin/../lib/gcc/arm-none-eabi/11.3.1/thumb/v7e-m+fp/hard\libc_nano.a(libc_a-nano-vfprintf_i.o)
                0x08011ac4                _printf_i
 .text.__sflush_r
                0x08011d08      0x10c c:/arm-gcc/arm-gnu-toolchain-11.3.rel1-mingw-w64-i686-arm-none-eabi/bin/../lib/gcc/arm-none-eabi/11.3.1/thumb/v7e-m+fp/hard\libc_nano.a(libc_a-fflush.o)
                0x08011d08                __sflush_r
 .text._fflush_r
                0x08011e14       0x50 c:/arm-gcc/arm-gnu-toolchain-11.3.rel1-mingw-w64-i686-arm-none-eabi/bin/../lib/gcc/arm-none-eabi/11.3.1/thumb/v7e-m+fp/hard\libc_nano.a(libc_a-fflush.o)
                0x08011e14                _fflush_r
 .text.fprintf  0x08011e64       0x24 c:/arm-gcc/arm-gnu-toolchain-11.3.rel1-mingw-w64-i686-arm-none-eabi/bin/../lib/gcc/arm-none-eabi/11.3.1/thumb/v7e-m+fp/hard\libc_nano.a(libc_a-fprintf.o)
                0x08011e64                fiprintf
                0x08011e64                fprintf
 .text.memmove  0x08011e88       0x34 c:/arm-gcc/arm-gnu-toolchain-11.3.rel1-mingw-w64-i686-arm-none-eabi/bin/../lib/gcc/arm-none-eabi/11.3.1/thumb/v7e-m+fp/hard\libc_nano.a(libc_a-memmove.o)
                0x08011e88                memmove
 .text._sbrk_r  0x08011ebc       0x20 c:/arm-gcc/arm-gnu-toolchain-11.3.rel1-mingw-w64-i686-arm-none-eabi/bin/../lib/gcc/arm-none-eabi/11.3.1/thumb/v7e-m+fp/hard\libc_nano.a(libc_a-sbrkr.o)
                0x08011ebc                _sbrk_r
 .text.abort    0x08011edc        0xe c:/arm-gcc/arm-gnu-toolchain-11.3.rel1-mingw-w64-i686-arm-none-eabi/bin/../lib/gcc/arm-none-eabi/11.3.1/thumb/v7e-m+fp/hard\libc_nano.a(libc_a-abort.o)
                0x08011edc                abort
 .text._realloc_r
                0x08011eea       0x5e c:/arm-gcc/arm-gnu-toolchain-11.3.rel1-mingw-w64-i686-arm-none-eabi/bin/../lib/gcc/arm-none-eabi/11.3.1/thumb/v7e-m+fp/hard\libc_nano.a(libc_a-reallocr.o)
                0x08011eea                _realloc_r
 .text.__sfputc_r
                0x08011f48       0x2e c:/arm-gcc/arm-gnu-toolchain-11.3.rel1-mingw-w64-i686-arm-none-eabi/bin/../lib/gcc/arm-none-eabi/11.3.1/thumb/v7e-m+fp/hard\libc_nano.a(libc_a-nano-vfprintf.o)
 .text.__sfputs_r
                0x08011f76       0x24 c:/arm-gcc/arm-gnu-toolchain-11.3.rel1-mingw-w64-i686-arm-none-eabi/bin/../lib/gcc/arm-none-eabi/11.3.1/thumb/v7e-m+fp/hard\libc_nano.a(libc_a-nano-vfprintf.o)
                0x08011f76                __sfputs_r
 *fill*         0x08011f9a        0x2 
 .text._vfprintf_r
                0x08011f9c      0x234 c:/arm-gcc/arm-gnu-toolchain-11.3.rel1-mingw-w64-i686-arm-none-eabi/bin/../lib/gcc/arm-none-eabi/11.3.1/thumb/v7e-m+fp/hard\libc_nano.a(libc_a-nano-vfprintf.o)
                0x08011f9c                _vfprintf_r
                0x08011f9c                _vfiprintf_r
 .text.__swbuf_r
                0x080121d0       0x7a c:/arm-gcc/arm-gnu-toolchain-11.3.rel1-mingw-w64-i686-arm-none-eabi/bin/../lib/gcc/arm-none-eabi/11.3.1/thumb/v7e-m+fp/hard\libc_nano.a(libc_a-wbuf.o)
                0x080121d0                __swbuf_r
 *fill*         0x0801224a        0x2 
 .text.__swsetup_r
                0x0801224c       0xb0 c:/arm-gcc/arm-gnu-toolchain-11.3.rel1-mingw-w64-i686-arm-none-eabi/bin/../lib/gcc/arm-none-eabi/11.3.1/thumb/v7e-m+fp/hard\libc_nano.a(libc_a-wsetup.o)
                0x0801224c                __swsetup_r
 .text._raise_r
                0x080122fc       0x50 c:/arm-gcc/arm-gnu-toolchain-11.3.rel1-mingw-w64-i686-arm-none-eabi/bin/../lib/gcc/arm-none-eabi/11.3.1/thumb/v7e-m+fp/hard\libc_nano.a(libc_a-signal.o)
                0x080122fc                _raise_r
 .text.raise    0x0801234c       0x10 c:/arm-gcc/arm-gnu-toolchain-11.3.rel1-mingw-w64-i686-arm-none-eabi/bin/../lib/gcc/arm-none-eabi/11.3.1/thumb/v7e-m+fp/hard\libc_nano.a(libc_a-signal.o)
                0x0801234c                raise
 .text._kill_r  0x0801235c       0x24 c:/arm-gcc/arm-gnu-toolchain-11.3.rel1-mingw-w64-i686-arm-none-eabi/bin/../lib/gcc/arm-none-eabi/11.3.1/thumb/v7e-m+fp/hard\libc_nano.a(libc_a-signalr.o)
                0x0801235c                _kill_r
 .text._getpid_r
                0x08012380        0x4 c:/arm-gcc/arm-gnu-toolchain-11.3.rel1-mingw-w64-i686-arm-none-eabi/bin/../lib/gcc/arm-none-eabi/11.3.1/thumb/v7e-m+fp/hard\libc_nano.a(libc_a-signalr.o)
                0x08012380                _getpid_r
 .text._malloc_usable_size_r
                0x08012384       0x10 c:/arm-gcc/arm-gnu-toolchain-11.3.rel1-mingw-w64-i686-arm-none-eabi/bin/../lib/gcc/arm-none-eabi/11.3.1/thumb/v7e-m+fp/hard\libc_nano.a(libc_a-msizer.o)
                0x08012384                _malloc_usable_size_r
 .text.__swhatbuf_r
                0x08012394       0x4c c:/arm-gcc/arm-gnu-toolchain-11.3.rel1-mingw-w64-i686-arm-none-eabi/bin/../lib/gcc/arm-none-eabi/11.3.1/thumb/v7e-m+fp/hard\libc_nano.a(libc_a-makebuf.o)
                0x08012394                __swhatbuf_r
 .text.__smakebuf_r
                0x080123e0       0x78 c:/arm-gcc/arm-gnu-toolchain-11.3.rel1-mingw-w64-i686-arm-none-eabi/bin/../lib/gcc/arm-none-eabi/11.3.1/thumb/v7e-m+fp/hard\libc_nano.a(libc_a-makebuf.o)
                0x080123e0                __smakebuf_r
 .text._fstat_r
                0x08012458       0x24 c:/arm-gcc/arm-gnu-toolchain-11.3.rel1-mingw-w64-i686-arm-none-eabi/bin/../lib/gcc/arm-none-eabi/11.3.1/thumb/v7e-m+fp/hard\libc_nano.a(libc_a-fstatr.o)
                0x08012458                _fstat_r
 .text._isatty_r
                0x0801247c       0x20 c:/arm-gcc/arm-gnu-toolchain-11.3.rel1-mingw-w64-i686-arm-none-eabi/bin/../lib/gcc/arm-none-eabi/11.3.1/thumb/v7e-m+fp/hard\libc_nano.a(libc_a-isattyr.o)
                0x0801247c                _isatty_r
 .text._close   0x0801249c       0x10 c:/arm-gcc/arm-gnu-toolchain-11.3.rel1-mingw-w64-i686-arm-none-eabi/bin/../lib/gcc/arm-none-eabi/11.3.1/thumb/v7e-m+fp/hard\libnosys.a(close.o)
                0x0801249c                _close
 .text._fstat   0x080124ac       0x10 c:/arm-gcc/arm-gnu-toolchain-11.3.rel1-mingw-w64-i686-arm-none-eabi/bin/../lib/gcc/arm-none-eabi/11.3.1/thumb/v7e-m+fp/hard\libnosys.a(fstat.o)
                0x080124ac                _fstat
 .text._getpid  0x080124bc       0x10 c:/arm-gcc/arm-gnu-toolchain-11.3.rel1-mingw-w64-i686-arm-none-eabi/bin/../lib/gcc/arm-none-eabi/11.3.1/thumb/v7e-m+fp/hard\libnosys.a(getpid.o)
                0x080124bc                _getpid
 .text._isatty  0x080124cc       0x10 c:/arm-gcc/arm-gnu-toolchain-11.3.rel1-mingw-w64-i686-arm-none-eabi/bin/../lib/gcc/arm-none-eabi/11.3.1/thumb/v7e-m+fp/hard\libnosys.a(isatty.o)
                0x080124cc                _isatty
 .text._kill    0x080124dc       0x10 c:/arm-gcc/arm-gnu-toolchain-11.3.rel1-mingw-w64-i686-arm-none-eabi/bin/../lib/gcc/arm-none-eabi/11.3.1/thumb/v7e-m+fp/hard\libnosys.a(kill.o)
                0x080124dc                _kill
 .text._lseek   0x080124ec       0x10 c:/arm-gcc/arm-gnu-toolchain-11.3.rel1-mingw-w64-i686-arm-none-eabi/bin/../lib/gcc/arm-none-eabi/11.3.1/thumb/v7e-m+fp/hard\libnosys.a(lseek.o)
                0x080124ec                _lseek
 .text._read    0x080124fc       0x10 c:/arm-gcc/arm-gnu-toolchain-11.3.rel1-mingw-w64-i686-arm-none-eabi/bin/../lib/gcc/arm-none-eabi/11.3.1/thumb/v7e-m+fp/hard\libnosys.a(read.o)
                0x080124fc                _read
 .text._sbrk    0x0801250c       0x1c c:/arm-gcc/arm-gnu-toolchain-11.3.rel1-mingw-w64-i686-arm-none-eabi/bin/../lib/gcc/arm-none-eabi/11.3.1/thumb/v7e-m+fp/hard\libnosys.a(sbrk.o)
                0x0801250c                _sbrk
 .text._write   0x08012528       0x10 c:/arm-gcc/arm-gnu-toolchain-11.3.rel1-mingw-w64-i686-arm-none-eabi/bin/../lib/gcc/arm-none-eabi/11.3.1/thumb/v7e-m+fp/hard\libnosys.a(write.o)
                0x08012528                _write
 .text._exit    0x08012538        0x4 c:/arm-gcc/arm-gnu-toolchain-11.3.rel1-mingw-w64-i686-arm-none-eabi/bin/../lib/gcc/arm-none-eabi/11.3.1/thumb/v7e-m+fp/hard\libnosys.a(_exit.o)
                0x08012538                _exit
 .text.__udivmoddi4
                0x0801253c      0x2c8 c:/arm-gcc/arm-gnu-toolchain-11.3.rel1-mingw-w64-i686-arm-none-eabi/bin/../lib/gcc/arm-none-eabi/11.3.1/thumb/v7e-m+fp/hard\libgcc.a(_udivmoddi4.o)
                0x0801253c                __udivmoddi4
 *(.glue_7)
 .glue_7        0x08012804        0x0 linker stubs
 *(.glue_7t)
 .glue_7t       0x08012804        0x0 linker stubs
 *(.eh_frame)
 .eh_frame      0x08012804        0x0 c:/arm-gcc/arm-gnu-toolchain-11.3.rel1-mingw-w64-i686-arm-none-eabi/bin/../lib/gcc/arm-none-eabi/11.3.1/thumb/v7e-m+fp/hard/crtbegin.o
 *(.init)
 .init          0x08012804        0x4 c:/arm-gcc/arm-gnu-toolchain-11.3.rel1-mingw-w64-i686-arm-none-eabi/bin/../lib/gcc/arm-none-eabi/11.3.1/thumb/v7e-m+fp/hard/crti.o
                0x08012804                _init
 .init          0x08012808        0x8 c:/arm-gcc/arm-gnu-toolchain-11.3.rel1-mingw-w64-i686-arm-none-eabi/bin/../lib/gcc/arm-none-eabi/11.3.1/thumb/v7e-m+fp/hard/crtn.o
 *(.fini)
 .fini          0x08012810        0x4 c:/arm-gcc/arm-gnu-toolchain-11.3.rel1-mingw-w64-i686-arm-none-eabi/bin/../lib/gcc/arm-none-eabi/11.3.1/thumb/v7e-m+fp/hard/crti.o
                0x08012810                _fini
 .fini          0x08012814        0x8 c:/arm-gcc/arm-gnu-toolchain-11.3.rel1-mingw-w64-i686-arm-none-eabi/bin/../lib/gcc/arm-none-eabi/11.3.1/thumb/v7e-m+fp/hard/crtn.o
                0x0801281c                . = ALIGN (0x4)
                0x0801281c                _etext = .

.vfp11_veneer   0x0801281c        0x0
 .vfp11_veneer  0x0801281c        0x0 linker stubs

.v4_bx          0x0801281c        0x0
 .v4_bx         0x0801281c        0x0 linker stubs

.iplt           0x0801281c        0x0
 .iplt          0x0801281c        0x0 c:/arm-gcc/arm-gnu-toolchain-11.3.rel1-mingw-w64-i686-arm-none-eabi/bin/../lib/gcc/arm-none-eabi/11.3.1/thumb/v7e-m+fp/hard/crtbegin.o

.rodata         0x0801281c      0x7a8
                0x0801281c                . = ALIGN (0x4)
 *(.rodata)
 .rodata        0x0801281c      0x141 build/main.o
 *fill*         0x0801295d        0x3 
 .rodata        0x08012960        0x5 build/tasks.o
 *fill*         0x08012965        0x3 
 .rodata        0x08012968        0xd build/timers.o
 *fill*         0x08012975        0x3 
 .rodata        0x08012978       0x46 build/usbd_desc.o
 *fill*         0x080129be        0x2 
 .rodata        0x080129c0        0x2 build/uart_at.o
 *fill*         0x080129c2        0x2 
 .rodata        0x080129c4       0x31 build/radioenge_modem.o
 *(.rodata*)
 *fill*         0x080129f5        0x3 
 .rodata.defaultTask_attributes
                0x080129f8       0x24 build/main.o
                0x080129f8                defaultTask_attributes
 .rodata.ATParsingTask_attributes
                0x08012a1c       0x24 build/main.o
                0x08012a1c                ATParsingTask_attributes
 .rodata.ATHandlingTask_attributes
                0x08012a40       0x24 build/main.o
                0x08012a40                ATHandlingTask_attributes
 .rodata.UARTProcTask_attributes
                0x08012a64       0x24 build/main.o
                0x08012a64                UARTProcTask_attributes
 .rodata.ModemMngrTask_attributes
                0x08012a88       0x24 build/main.o
                0x08012a88                ModemMngrTask_attributes
 .rodata.AppSendTask_attributes
                0x08012aac       0x24 build/main.o
                0x08012aac                AppSendTask_attributes
 .rodata.ReadFromADCTask_attributes
                0x08012ad0       0x24 build/main.o
                0x08012ad0                ReadFromADCTask_attributes
 .rodata.uartQueue_attributes
                0x08012af4       0x18 build/main.o
                0x08012af4                uartQueue_attributes
 .rodata.ATQueue_attributes
                0x08012b0c       0x18 build/main.o
                0x08012b0c                ATQueue_attributes
 .rodata.ModemSendQueue_attributes
                0x08012b24       0x18 build/main.o
                0x08012b24                ModemSendQueue_attributes
 .rodata.TemperatureQueue_attributes
                0x08012b3c       0x18 build/main.o
                0x08012b3c                TemperatureQueue_attributes
 .rodata.PeriodicSendTimer_attributes
                0x08012b54       0x10 build/main.o
                0x08012b54                PeriodicSendTimer_attributes
 .rodata.ModemLedTimer_attributes
                0x08012b64       0x10 build/main.o
                0x08012b64                ModemLedTimer_attributes
 .rodata.DutyCycleTimer_attributes
                0x08012b74       0x10 build/main.o
                0x08012b74                DutyCycleTimer_attributes
 .rodata.ATCommandSemaphore_attributes
                0x08012b84       0x10 build/main.o
                0x08012b84                ATCommandSemaphore_attributes
 .rodata.ATResponseSemaphore_attributes
                0x08012b94       0x10 build/main.o
                0x08012b94                ATResponseSemaphore_attributes
 .rodata.UARTTXSemaphore_attributes
                0x08012ba4       0x10 build/main.o
                0x08012ba4                UARTTXSemaphore_attributes
 .rodata.RadioStateSemaphore_attributes
                0x08012bb4       0x10 build/main.o
                0x08012bb4                RadioStateSemaphore_attributes
 .rodata.LoRaTXSemaphore_attributes
                0x08012bc4       0x10 build/main.o
                0x08012bc4                LoRaTXSemaphore_attributes
 .rodata.ModemStatusFlags_attributes
                0x08012bd4       0x10 build/main.o
                0x08012bd4                ModemStatusFlags_attributes
 .rodata.flagBitshiftOffset.0
                0x08012be4        0x8 build/stm32f4xx_hal_dma.o
 .rodata.AHBPrescTable
                0x08012bec       0x10 build/system_stm32f4xx.o
                0x08012bec                AHBPrescTable
 .rodata.APBPrescTable
                0x08012bfc        0x8 build/system_stm32f4xx.o
                0x08012bfc                APBPrescTable
 .rodata.AT_COMMANDS
                0x08012c04      0x120 build/uart_at.o
                0x08012c04                AT_COMMANDS
 .rodata.AT_RESPONSES
                0x08012d24       0xbb build/uart_at.o
                0x08012d24                AT_RESPONSES
 .rodata._ctype_
                0x08012ddf      0x101 c:/arm-gcc/arm-gnu-toolchain-11.3.rel1-mingw-w64-i686-arm-none-eabi/bin/../lib/gcc/arm-none-eabi/11.3.1/thumb/v7e-m+fp/hard\libc_nano.a(libc_a-ctype_.o)
                0x08012ddf                _ctype_
 .rodata.strtok.str1.1
                0x08012ee0       0x72 c:/arm-gcc/arm-gnu-toolchain-11.3.rel1-mingw-w64-i686-arm-none-eabi/bin/../lib/gcc/arm-none-eabi/11.3.1/thumb/v7e-m+fp/hard\libc_nano.a(libc_a-strtok.o)
 .rodata.__assert_func.str1.1
                0x08012f52       0x3c c:/arm-gcc/arm-gnu-toolchain-11.3.rel1-mingw-w64-i686-arm-none-eabi/bin/../lib/gcc/arm-none-eabi/11.3.1/thumb/v7e-m+fp/hard\libc_nano.a(libc_a-assert.o)
                                 0x3d (size before relaxing)
 .rodata._svfprintf_r.str1.1
                0x08012f8e       0x11 c:/arm-gcc/arm-gnu-toolchain-11.3.rel1-mingw-w64-i686-arm-none-eabi/bin/../lib/gcc/arm-none-eabi/11.3.1/thumb/v7e-m+fp/hard\libc_nano.a(libc_a-nano-svfprintf.o)
 .rodata._printf_i.str1.1
                0x08012f9f       0x22 c:/arm-gcc/arm-gnu-toolchain-11.3.rel1-mingw-w64-i686-arm-none-eabi/bin/../lib/gcc/arm-none-eabi/11.3.1/thumb/v7e-m+fp/hard\libc_nano.a(libc_a-nano-vfprintf_i.o)
 .rodata._vfprintf_r.str1.1
                0x08012fc1       0x11 c:/arm-gcc/arm-gnu-toolchain-11.3.rel1-mingw-w64-i686-arm-none-eabi/bin/../lib/gcc/arm-none-eabi/11.3.1/thumb/v7e-m+fp/hard\libc_nano.a(libc_a-nano-vfprintf.o)
                0x08012fd4                . = ALIGN (0x4)
 *fill*         0x08012fc1        0x3 

.ARM.extab
 *(.ARM.extab* .gnu.linkonce.armextab.*)

.ARM            0x08012fc4        0x8
                0x08012fc4                __exidx_start = .
 *(.ARM.exidx*)
 .ARM.exidx.text.__udivmoddi4