Archive member included to satisfy reference by file (symbol)

c:/arm-gcc/arm-gnu-toolchain-11.3.rel1-mingw-w64-i686-arm-none-eabi/bin/../lib/gcc/arm-none-eabi/11.3.1/thumb/v7e-m+fp/hard\libc_nano.a(libc_a-atoi.o)
                              build/uart_at.o (atoi)
c:/arm-gcc/arm-gnu-toolchain-11.3.rel1-mingw-w64-i686-arm-none-eabi/bin/../lib/gcc/arm-none-eabi/11.3.1/thumb/v7e-m+fp/hard\libc_nano.a(libc_a-exit.o)
                              c:/arm-gcc/arm-gnu-toolchain-11.3.rel1-mingw-w64-i686-arm-none-eabi/bin/../lib/gcc/arm-none-eabi/11.3.1/thumb/v7e-m+fp/hard/crt0.o (exit)
c:/arm-gcc/arm-gnu-toolchain-11.3.rel1-mingw-w64-i686-arm-none-eabi/bin/../lib/gcc/arm-none-eabi/11.3.1/thumb/v7e-m+fp/hard\libc_nano.a(libc_a-strtol.o)
                              c:/arm-gcc/arm-gnu-toolchain-11.3.rel1-mingw-w64-i686-arm-none-eabi/bin/../lib/gcc/arm-none-eabi/11.3.1/thumb/v7e-m+fp/hard\libc_nano.a(libc_a-atoi.o) (_strtol_r)
c:/arm-gcc/arm-gnu-toolchain-11.3.rel1-mingw-w64-i686-arm-none-eabi/bin/../lib/gcc/arm-none-eabi/11.3.1/thumb/v7e-m+fp/hard\libc_nano.a(libc_a-ctype_.o)
                              c:/arm-gcc/arm-gnu-toolchain-11.3.rel1-mingw-w64-i686-arm-none-eabi/bin/../lib/gcc/arm-none-eabi/11.3.1/thumb/v7e-m+fp/hard\libc_nano.a(libc_a-strtol.o) (_ctype_)
c:/arm-gcc/arm-gnu-toolchain-11.3.rel1-mingw-w64-i686-arm-none-eabi/bin/../lib/gcc/arm-none-eabi/11.3.1/thumb/v7e-m+fp/hard\libc_nano.a(libc_a-findfp.o)
                              c:/arm-gcc/arm-gnu-toolchain-11.3.rel1-mingw-w64-i686-arm-none-eabi/bin/../lib/gcc/arm-none-eabi/11.3.1/thumb/v7e-m+fp/hard\libc_nano.a(libc_a-exit.o) (__stdio_exit_handler)
c:/arm-gcc/arm-gnu-toolchain-11.3.rel1-mingw-w64-i686-arm-none-eabi/bin/../lib/gcc/arm-none-eabi/11.3.1/thumb/v7e-m+fp/hard\libc_nano.a(libc_a-fwalk.o)
                              c:/arm-gcc/arm-gnu-toolchain-11.3.rel1-mingw-w64-i686-arm-none-eabi/bin/../lib/gcc/arm-none-eabi/11.3.1/thumb/v7e-m+fp/hard\libc_nano.a(libc_a-findfp.o) (_fwalk_sglue)
c:/arm-gcc/arm-gnu-toolchain-11.3.rel1-mingw-w64-i686-arm-none-eabi/bin/../lib/gcc/arm-none-eabi/11.3.1/thumb/v7e-m+fp/hard\libc_nano.a(libc_a-snprintf.o)
                              build/radioenge_modem.o (snprintf)
c:/arm-gcc/arm-gnu-toolchain-11.3.rel1-mingw-w64-i686-arm-none-eabi/bin/../lib/gcc/arm-none-eabi/11.3.1/thumb/v7e-m+fp/hard\libc_nano.a(libc_a-sprintf.o)
                              build/radioenge_modem.o (sprintf)
c:/arm-gcc/arm-gnu-toolchain-11.3.rel1-mingw-w64-i686-arm-none-eabi/bin/../lib/gcc/arm-none-eabi/11.3.1/thumb/v7e-m+fp/hard\libc_nano.a(libc_a-stdio.o)
                              c:/arm-gcc/arm-gnu-toolchain-11.3.rel1-mingw-w64-i686-arm-none-eabi/bin/../lib/gcc/arm-none-eabi/11.3.1/thumb/v7e-m+fp/hard\libc_nano.a(libc_a-findfp.o) (__sread)
c:/arm-gcc/arm-gnu-toolchain-11.3.rel1-mingw-w64-i686-arm-none-eabi/bin/../lib/gcc/arm-none-eabi/11.3.1/thumb/v7e-m+fp/hard\libc_nano.a(libc_a-memset.o)
                              c:/arm-gcc/arm-gnu-toolchain-11.3.rel1-mingw-w64-i686-arm-none-eabi/bin/../lib/gcc/arm-none-eabi/11.3.1/thumb/v7e-m+fp/hard/crt0.o (memset)
c:/arm-gcc/arm-gnu-toolchain-11.3.rel1-mingw-w64-i686-arm-none-eabi/bin/../lib/gcc/arm-none-eabi/11.3.1/thumb/v7e-m+fp/hard\libc_nano.a(libc_a-strncmp.o)
                              build/uart_at.o (strncmp)
c:/arm-gcc/arm-gnu-toolchain-11.3.rel1-mingw-w64-i686-arm-none-eabi/bin/../lib/gcc/arm-none-eabi/11.3.1/thumb/v7e-m+fp/hard\libc_nano.a(libc_a-strtok.o)
                              build/uart_at.o (strtok)
c:/arm-gcc/arm-gnu-toolchain-11.3.rel1-mingw-w64-i686-arm-none-eabi/bin/../lib/gcc/arm-none-eabi/11.3.1/thumb/v7e-m+fp/hard\libc_nano.a(libc_a-strtok_r.o)
                              c:/arm-gcc/arm-gnu-toolchain-11.3.rel1-mingw-w64-i686-arm-none-eabi/bin/../lib/gcc/arm-none-eabi/11.3.1/thumb/v7e-m+fp/hard\libc_nano.a(libc_a-strtok.o) (__strtok_r)
c:/arm-gcc/arm-gnu-toolchain-11.3.rel1-mingw-w64-i686-arm-none-eabi/bin/../lib/gcc/arm-none-eabi/11.3.1/thumb/v7e-m+fp/hard\libc_nano.a(libc_a-closer.o)
                              c:/arm-gcc/arm-gnu-toolchain-11.3.rel1-mingw-w64-i686-arm-none-eabi/bin/../lib/gcc/arm-none-eabi/11.3.1/thumb/v7e-m+fp/hard\libc_nano.a(libc_a-stdio.o) (_close_r)
c:/arm-gcc/arm-gnu-toolchain-11.3.rel1-mingw-w64-i686-arm-none-eabi/bin/../lib/gcc/arm-none-eabi/11.3.1/thumb/v7e-m+fp/hard\libc_nano.a(libc_a-reent.o)
                              c:/arm-gcc/arm-gnu-toolchain-11.3.rel1-mingw-w64-i686-arm-none-eabi/bin/../lib/gcc/arm-none-eabi/11.3.1/thumb/v7e-m+fp/hard\libc_nano.a(libc_a-closer.o) (errno)
c:/arm-gcc/arm-gnu-toolchain-11.3.rel1-mingw-w64-i686-arm-none-eabi/bin/../lib/gcc/arm-none-eabi/11.3.1/thumb/v7e-m+fp/hard\libc_nano.a(libc_a-impure.o)
                              c:/arm-gcc/arm-gnu-toolchain-11.3.rel1-mingw-w64-i686-arm-none-eabi/bin/../lib/gcc/arm-none-eabi/11.3.1/thumb/v7e-m+fp/hard\libc_nano.a(libc_a-strtol.o) (_impure_ptr)
[...]
Memory Configuration

Name             Origin             Length             Attributes
RAM              0x20000000         0x00020000         xrw
FLASH            0x08000000         0x00080000         xr
*default*        0x00000000         0xffffffff

Linker script and memory map

LOAD c:/arm-gcc/arm-gnu-toolchain-11.3.rel1-mingw-w64-i686-arm-none-eabi/bin/../lib/gcc/arm-none-eabi/11.3.1/thumb/v7e-m+fp/hard/crti.o
LOAD c:/arm-gcc/arm-gnu-toolchain-11.3.rel1-mingw-w64-i686-arm-none-eabi/bin/../lib/gcc/arm-none-eabi/11.3.1/thumb/v7e-m+fp/hard/crtbegin.o
LOAD c:/arm-gcc/arm-gnu-toolchain-11.3.rel1-mingw-w64-i686-arm-none-eabi/bin/../lib/gcc/arm-none-eabi/11.3.1/thumb/v7e-m+fp/hard/crt0.o
LOAD build/main.o
LOAD build/stm32f4xx_it.o
LOAD build/stm32f4xx_hal_msp.o
LOAD build/freertos.o
LOAD build/stm32f4xx_hal_timebase_tim.o
LOAD build/croutine.o
LOAD build/event_groups.o
LOAD build/list.o
LOAD build/queue.o
LOAD build/stream_buffer.o
LOAD build/tasks.o
LOAD build/timers.o
LOAD build/cmsis_os2.o
LOAD build/heap_4.o
LOAD build/port.o
LOAD build/usb_device.o
LOAD build/usbd_desc.o
LOAD build/usbd_cdc_if.o
LOAD build/usbd_conf.o
LOAD build/stm32f4xx_hal_pcd.o
LOAD build/stm32f4xx_hal_pcd_ex.o
LOAD build/stm32f4xx_ll_usb.o
LOAD build/stm32f4xx_hal_rcc.o
LOAD build/stm32f4xx_hal_rcc_ex.o
LOAD build/stm32f4xx_hal_flash.o
LOAD build/stm32f4xx_hal_flash_ex.o
LOAD build/stm32f4xx_hal_flash_ramfunc.o
LOAD build/stm32f4xx_hal_gpio.o
LOAD build/stm32f4xx_hal_dma_ex.o
LOAD build/stm32f4xx_hal_dma.o
LOAD build/stm32f4xx_hal_pwr.o
LOAD build/stm32f4xx_hal_pwr_ex.o
LOAD build/stm32f4xx_hal_cortex.o
LOAD build/stm32f4xx_hal.o
LOAD build/stm32f4xx_hal_exti.o
LOAD build/stm32f4xx_hal_tim.o
LOAD build/stm32f4xx_hal_tim_ex.o
LOAD build/stm32f4xx_hal_uart.o
LOAD build/system_stm32f4xx.o
LOAD build/usbd_core.o
LOAD build/usbd_ctlreq.o
LOAD build/usbd_ioreq.o
LOAD build/usbd_cdc.o
LOAD build/uart_at.o
LOAD build/uartRingBufDMA.o
LOAD build/radioenge_modem.o
LOAD build/application.o
LOAD build/stm32f4xx_hal_adc.o
LOAD build/stm32f4xx_hal_adc_ex.o
LOAD build/stm32f4xx_ll_adc.o
LOAD build/startup_stm32f411xe.o
LOAD c:/arm-gcc/arm-gnu-toolchain-11.3.rel1-mingw-w64-i686-arm-none-eabi/bin/../lib/gcc/arm-none-eabi/11.3.1/thumb/v7e-m+fp/hard\libc_nano.a
LOAD c:/arm-gcc/arm-gnu-toolchain-11.3.rel1-mingw-w64-i686-arm-none-eabi/bin/../lib/gcc/arm-none-eabi/11.3.1/thumb/v7e-m+fp/hard\libm.a
LOAD c:/arm-gcc/arm-gnu-toolchain-11.3.rel1-mingw-w64-i686-arm-none-eabi/bin/../lib/gcc/arm-none-eabi/11.3.1/thumb/v7e-m+fp/hard\libnosys.a
START GROUP
LOAD c:/arm-gcc/arm-gnu-toolchain-11.3.rel1-mingw-w64-i686-arm-none-eabi/bin/../lib/gcc/arm-none-eabi/11.3.1/thumb/v7e-m+fp/hard\libgcc.a
LOAD c:/arm-gcc/arm-gnu-toolchain-11.3.rel1-mingw-w64-i686-arm-none-eabi/bin/../lib/gcc/arm-none-eabi/11.3.1/thumb/v7e-m+fp/hard\libc_nano.a
END GROUP
START GROUP
LOAD c:/arm-gcc/arm-gnu-toolchain-11.3.rel1-mingw-w64-i686-arm-none-eabi/bin/../lib/gcc/arm-none-eabi/11.3.1/thumb/v7e-m+fp/hard\libgcc.a
LOAD c:/arm-gcc/arm-gnu-toolchain-11.3.rel1-mingw-w64-i686-arm-none-eabi/bin/../lib/gcc/arm-none-eabi/11.3.1/thumb/v7e-m+fp/hard\libc_nano.a
END GROUP
LOAD c:/arm-gcc/arm-gnu-toolchain-11.3.rel1-mingw-w64-i686-arm-none-eabi/bin/../lib/gcc/arm-none-eabi/11.3.1/thumb/v7e-m+fp/hard/crtend.o
LOAD c:/arm-gcc/arm-gnu-toolchain-11.3.rel1-mingw-w64-i686-arm-none-eabi/bin/../lib/gcc/arm-none-eabi/11.3.1/thumb/v7e-m+fp/hard/crtn.o
                0x20020000                _estack = (ORIGIN (RAM) + LENGTH (RAM))
                0x00000200                _Min_Heap_Size = 0x200
                0x00000400                _Min_Stack_Size = 0x400

.isr_vector     0x08000000      0x198
                0x08000000                . = ALIGN (0x4)
 *(.isr_vector)
 .isr_vector    0x08000000      0x198 build/startup_stm32f411xe.o
                0x08000000                g_pfnVectors
                0x08000198                . = ALIGN (0x4)

.text           0x080001a0    0x12730
                0x080001a0                . = ALIGN (0x4)
 *(.text)
 .text          0x080001a0       0x10 c:/arm-gcc/arm-gnu-toolchain-11.3.rel1-mingw-w64-i686-arm-none-eabi/bin/../lib/gcc/arm-none-eabi/11.3.1/thumb/v7e-m+fp/hard\libc_nano.a(libc_a-strlen.o)
                0x080001a0                strlen
 .text          0x080001b0       0xa0 c:/arm-gcc/arm-gnu-toolchain-11.3.rel1-mingw-w64-i686-arm-none-eabi/bin/../lib/gcc/arm-none-eabi/11.3.1/thumb/v7e-m+fp/hard\libc_nano.a(libc_a-memchr.o)
                0x080001b0                memchr
 .text          0x08000250       0x30 c:/arm-gcc/arm-gnu-toolchain-11.3.rel1-mingw-w64-i686-arm-none-eabi/bin/../lib/gcc/arm-none-eabi/11.3.1/thumb/v7e-m+fp/hard\libgcc.a(_aeabi_uldivmod.o)
                0x08000250                __aeabi_uldivmod
 .text          0x08000280        0x4 c:/arm-gcc/arm-gnu-toolchain-11.3.rel1-mingw-w64-i686-arm-none-eabi/bin/../lib/gcc/arm-none-eabi/11.3.1/thumb/v7e-m+fp/hard\libgcc.a(_dvmd_tls.o)
                0x08000280                __aeabi_idiv0
                0x08000280                __aeabi_ldiv0
 *(.text*)
 .text.deregister_tm_clones
                0x08000284       0x1c c:/arm-gcc/arm-gnu-toolchain-11.3.rel1-mingw-w64-i686-arm-none-eabi/bin/../lib/gcc/arm-none-eabi/11.3.1/thumb/v7e-m+fp/hard/crtbegin.o
 .text.register_tm_clones
                0x080002a0       0x24 c:/arm-gcc/arm-gnu-toolchain-11.3.rel1-mingw-w64-i686-arm-none-eabi/bin/../lib/gcc/arm-none-eabi/11.3.1/thumb/v7e-m+fp/hard/crtbegin.o
 .text.__do_global_dtors_aux
                0x080002c4       0x28 c:/arm-gcc/arm-gnu-toolchain-11.3.rel1-mingw-w64-i686-arm-none-eabi/bin/../lib/gcc/arm-none-eabi/11.3.1/thumb/v7e-m+fp/hard/crtbegin.o
 .text.frame_dummy
                0x080002ec       0x24 c:/arm-gcc/arm-gnu-toolchain-11.3.rel1-mingw-w64-i686-arm-none-eabi/bin/../lib/gcc/arm-none-eabi/11.3.1/thumb/v7e-m+fp/hard/crtbegin.o
 .text.CONFIGURE_TIMER_FOR_RUN_TIME_STATS
                0x08000310       0x14 build/main.o
                0x08000310                CONFIGURE_TIMER_FOR_RUN_TIME_STATS
 .text.GET_RUN_TIME_COUNTER_VALUE
                0x08000324       0x18 build/main.o
                0x08000324                GET_RUN_TIME_COUNTER_VALUE
 .text.main     0x0800033c      0x2d4 build/main.o
                0x0800033c                main
 .text.SystemClock_Config
                0x08000610       0xd0 build/main.o
                0x08000610                SystemClock_Config
 .text.MX_ADC1_Init
                0x080006e0       0xa4 build/main.o
 .text.MX_TIM1_Init
                0x08000784      0x144 build/main.o
 .text.MX_TIM2_Init
                0x080008c8       0x9c build/main.o
 .text.MX_TIM3_Init
                0x08000964       0xf0 build/main.o
 .text.MX_USART1_UART_Init
                0x08000a54       0x54 build/main.o
 .text.MX_DMA_Init
                0x08000aa8       0x50 build/main.o
 .text.MX_GPIO_Init
                0x08000af8      0x130 build/main.o
 .text.StartDefaultTask
                0x08000c28       0x14 build/main.o
                0x08000c28                StartDefaultTask
 .text.HAL_TIM_PeriodElapsedCallback
                0x08000c3c       0x24 build/main.o
                0x08000c3c                HAL_TIM_PeriodElapsedCallback
 .text.Error_Handler
                0x08000c60        0xa build/main.o
                0x08000c60                Error_Handler
 .text.NMI_Handler
                0x08000c6a        0x6 build/stm32f4xx_it.o
                0x08000c6a                NMI_Handler
 .text.HardFault_Handler
                0x08000c70        0x6 build/stm32f4xx_it.o
                0x08000c70                HardFault_Handler
 .text.MemManage_Handler
                0x08000c76        0x6 build/stm32f4xx_it.o
                0x08000c76                MemManage_Handler
 .text.BusFault_Handler
                0x08000c7c        0x6 build/stm32f4xx_it.o
                0x08000c7c                BusFault_Handler
 .text.UsageFault_Handler
                0x08000c82        0x6 build/stm32f4xx_it.o
                0x08000c82                UsageFault_Handler
 .text.DebugMon_Handler
                0x08000c88        0xe build/stm32f4xx_it.o
                0x08000c88                DebugMon_Handler
 *fill*         0x08000c96        0x2 
 .text.TIM1_TRG_COM_TIM11_IRQHandler
                0x08000c98       0x1c build/stm32f4xx_it.o
                0x08000c98                TIM1_TRG_COM_TIM11_IRQHandler
 .text.USART1_IRQHandler
                0x08000cb4       0x14 build/stm32f4xx_it.o
                0x08000cb4                USART1_IRQHandler
 .text.DMA2_Stream2_IRQHandler
                0x08000cc8       0x14 build/stm32f4xx_it.o
                0x08000cc8                DMA2_Stream2_IRQHandler
 .text.OTG_FS_IRQHandler
                0x08000cdc       0x14 build/stm32f4xx_it.o
                0x08000cdc                OTG_FS_IRQHandler
 .text.DMA2_Stream7_IRQHandler
                0x08000cf0       0x14 build/stm32f4xx_it.o
                0x08000cf0                DMA2_Stream7_IRQHandler
 .text.HAL_MspInit
                0x08000d04       0x58 build/stm32f4xx_hal_msp.o
                0x08000d04                HAL_MspInit
 .text.HAL_ADC_MspInit
                0x08000d5c       0x88 build/stm32f4xx_hal_msp.o
                0x08000d5c                HAL_ADC_MspInit
 .text.HAL_TIM_Base_MspInit
                0x08000de4       0xa4 build/stm32f4xx_hal_msp.o
                0x08000de4                HAL_TIM_Base_MspInit
 .text.HAL_TIM_MspPostInit
                0x08000e88       0xc0 build/stm32f4xx_hal_msp.o
                0x08000e88                HAL_TIM_MspPostInit
 .text.HAL_UART_MspInit
                0x08000f48      0x16c build/stm32f4xx_hal_msp.o
                0x08000f48                HAL_UART_MspInit
 .text.PreSleepProcessing
                0x080010b4       0x14 build/freertos.o
                0x080010b4                PreSleepProcessing
 .text.PostSleepProcessing
                0x080010c8       0x14 build/freertos.o
                0x080010c8                PostSleepProcessing
 .text.HAL_InitTick
                0x080010dc       0xe4 build/stm32f4xx_hal_timebase_tim.o
                0x080010dc                HAL_InitTick
 .text.xEventGroupCreateStatic
                0x080011c0       0x6e build/event_groups.o
                0x080011c0                xEventGroupCreateStatic
 .text.xEventGroupCreate
                0x0800122e       0x34 build/event_groups.o
                0x0800122e                xEventGroupCreate
 *fill*         0x08001262        0x2 
 .text.xEventGroupWaitBits
                0x08001264      0x19c build/event_groups.o
                0x08001264                xEventGroupWaitBits
 .text.xEventGroupClearBits
                0x08001400       0x70 build/event_groups.o
                0x08001400                xEventGroupClearBits
 .text.xEventGroupClearBitsFromISR
                0x08001470       0x28 build/event_groups.o
                0x08001470                xEventGroupClearBitsFromISR
 .text.xEventGroupGetBitsFromISR
                0x08001498       0x48 build/event_groups.o
                0x08001498                xEventGroupGetBitsFromISR
 .text.xEventGroupSetBits
                0x080014e0      0x116 build/event_groups.o
                0x080014e0                xEventGroupSetBits
 .text.vEventGroupSetBitsCallback
                0x080015f6       0x1a build/event_groups.o
                0x080015f6                vEventGroupSetBitsCallback
 .text.vEventGroupClearBitsCallback
                0x08001610       0x1a build/event_groups.o
                0x08001610                vEventGroupClearBitsCallback
 .text.prvTestWaitCondition
                0x0800162a       0x44 build/event_groups.o
 *fill*         0x0800166e        0x2 
 .text.xEventGroupSetBitsFromISR
                0x08001670       0x28 build/event_groups.o
                0x08001670                xEventGroupSetBitsFromISR
 .text.vListInitialise
                0x08001698       0x40 build/list.o
                0x08001698                vListInitialise
 .text.vListInitialiseItem
                0x080016d8       0x1a build/list.o
                0x080016d8                vListInitialiseItem
 .text.vListInsertEnd
                0x080016f2       0x48 build/list.o
                0x080016f2                vListInsertEnd
 .text.vListInsert
                0x0800173a       0x72 build/list.o
                0x0800173a                vListInsert
 .text.uxListRemove
                0x080017ac       0x54 build/list.o
                0x080017ac                uxListRemove
 .text.xQueueGenericReset
                0x08001800       0xd0 build/queue.o
                0x08001800                xQueueGenericReset
 .text.xQueueGenericCreateStatic
                0x080018d0       0xf0 build/queue.o
                0x080018d0                xQueueGenericCreateStatic
 .text.xQueueGenericCreate
                0x080019c0       0x74 build/queue.o
                0x080019c0                xQueueGenericCreate
 .text.prvInitialiseNewQueue
                0x08001a34       0x46 build/queue.o
 .text.xQueueCreateCountingSemaphoreStatic
                0x08001a7a       0x6e build/queue.o
                0x08001a7a                xQueueCreateCountingSemaphoreStatic
 .text.xQueueCreateCountingSemaphore
                0x08001ae8       0x66 build/queue.o
                0x08001ae8                xQueueCreateCountingSemaphore
 *fill*         0x08001b4e        0x2 
 .text.xQueueGenericSend
                0x08001b50      0x1fc build/queue.o
                0x08001b50                xQueueGenericSend
 .text.xQueueGenericSendFromISR
                0x08001d4c      0x136 build/queue.o
                0x08001d4c                xQueueGenericSendFromISR
 .text.xQueueGiveFromISR
                0x08001e82      0x11a build/queue.o
                0x08001e82                xQueueGiveFromISR
 .text.xQueueReceive
                0x08001f9c      0x1c0 build/queue.o
                0x08001f9c                xQueueReceive
 .text.xQueueSemaphoreTake
                0x0800215c      0x218 build/queue.o
                0x0800215c                xQueueSemaphoreTake
 .text.xQueueReceiveFromISR
                0x08002374      0x100 build/queue.o
                0x08002374                xQueueReceiveFromISR
 .text.uxQueueMessagesWaiting
                0x08002474       0x3c build/queue.o
                0x08002474                uxQueueMessagesWaiting
 .text.uxQueueMessagesWaitingFromISR
                0x080024b0       0x3c build/queue.o
                0x080024b0                uxQueueMessagesWaitingFromISR
 .text.vQueueDelete
                0x080024ec       0x46 build/queue.o
                0x080024ec                vQueueDelete
 .text.prvGetDisinheritPriorityAfterTimeout
                0x08002532       0x30 build/queue.o
 .text.prvCopyDataToQueue
                0x08002562       0xd4 build/queue.o
 .text.prvCopyDataFromQueue
                0x08002636       0x4c build/queue.o
 .text.prvUnlockQueue
                0x08002682       0xa4 build/queue.o
 .text.prvIsQueueEmpty
                0x08002726       0x2c build/queue.o
 .text.prvIsQueueFull
                0x08002752       0x30 build/queue.o
 *fill*         0x08002782        0x2 
 .text.vQueueAddToRegistry
                0x08002784       0x54 build/queue.o
                0x08002784                vQueueAddToRegistry
 .text.vQueueUnregisterQueue
                0x080027d8       0x54 build/queue.o
                0x080027d8                vQueueUnregisterQueue
 .text.vQueueWaitForMessageRestricted
                0x0800282c       0x68 build/queue.o
                0x0800282c                vQueueWaitForMessageRestricted
 .text.xTaskCreateStatic
                0x08002894       0xba build/tasks.o
                0x08002894                xTaskCreateStatic
 .text.xTaskCreate
                0x0800294e       0x8a build/tasks.o
                0x0800294e                xTaskCreate
 .text.prvInitialiseNewTask
                0x080029d8      0x12a build/tasks.o
 *fill*         0x08002b02        0x2 
 .text.prvAddNewTaskToReadyList
                0x08002b04       0xe0 build/tasks.o
 .text.vTaskDelay
                0x08002be4       0x68 build/tasks.o
                0x08002be4                vTaskDelay
 .text.vTaskStartScheduler
                0x08002c4c       0xd0 build/tasks.o
                0x08002c4c                vTaskStartScheduler
 .text.vTaskSuspendAll
                0x08002d1c       0x1c build/tasks.o
                0x08002d1c                vTaskSuspendAll
 .text.prvGetExpectedIdleTime
                0x08002d38       0x70 build/tasks.o
 .text.xTaskResumeAll
                0x08002da8      0x13c build/tasks.o
                0x08002da8                xTaskResumeAll
 .text.xTaskGetTickCount
                0x08002ee4       0x20 build/tasks.o
                0x08002ee4                xTaskGetTickCount
 .text.vTaskStepTick
                0x08002f04       0x50 build/tasks.o
                0x08002f04                vTaskStepTick
 .text.xTaskIncrementTick
                0x08002f54      0x174 build/tasks.o
                0x08002f54                xTaskIncrementTick
 .text.vTaskSwitchContext
                0x080030c8       0xf4 build/tasks.o
                0x080030c8                vTaskSwitchContext
 .text.vTaskPlaceOnEventList
                0x080031bc       0x48 build/tasks.o
                0x080031bc                vTaskPlaceOnEventList
 .text.vTaskPlaceOnUnorderedEventList
                0x08003204       0x78 build/tasks.o
                0x08003204                vTaskPlaceOnUnorderedEventList
 .text.vTaskPlaceOnEventListRestricted
                0x0800327c       0x58 build/tasks.o
                0x0800327c                vTaskPlaceOnEventListRestricted
 .text.xTaskRemoveFromEventList
                0x080032d4       0xcc build/tasks.o
                0x080032d4                xTaskRemoveFromEventList
 .text.vTaskRemoveFromUnorderedEventList
                0x080033a0       0xc8 build/tasks.o
                0x080033a0                vTaskRemoveFromUnorderedEventList
 .text.vTaskInternalSetTimeOutState
                0x08003468       0x2c build/tasks.o
                0x08003468                vTaskInternalSetTimeOutState
 .text.xTaskCheckForTimeOut
                0x08003494       0xc4 build/tasks.o
                0x08003494                xTaskCheckForTimeOut
 .text.vTaskMissedYield
                0x08003558       0x18 build/tasks.o
                0x08003558                vTaskMissedYield
 .text.prvIdleTask
                0x08003570       0x80 build/tasks.o
 .text.eTaskConfirmSleepModeStatus
                0x080035f0       0x5c build/tasks.o
                0x080035f0                eTaskConfirmSleepModeStatus
 .text.prvInitialiseTaskLists
                0x0800364c       0x80 build/tasks.o
 .text.prvCheckTasksWaitingTermination
                0x080036cc       0x5c build/tasks.o
 .text.prvDeleteTCB
                0x08003728       0x5e build/tasks.o
 *fill*         0x08003786        0x2 
 .text.prvResetNextTaskUnblockTime
                0x08003788       0x40 build/tasks.o
 .text.xTaskGetCurrentTaskHandle
                0x080037c8       0x20 build/tasks.o
                0x080037c8                xTaskGetCurrentTaskHandle
 .text.xTaskGetSchedulerState
                0x080037e8       0x3c build/tasks.o
                0x080037e8                xTaskGetSchedulerState
 .text.xTaskPriorityInherit
                0x08003824       0xd0 build/tasks.o
                0x08003824                xTaskPriorityInherit
 .text.xTaskPriorityDisinherit
                0x080038f4       0xdc build/tasks.o
                0x080038f4                xTaskPriorityDisinherit
 .text.vTaskPriorityDisinheritAfterTimeout
                0x080039d0      0x104 build/tasks.o
                0x080039d0                vTaskPriorityDisinheritAfterTimeout
 .text.uxTaskResetEventItemValue
                0x08003ad4       0x30 build/tasks.o
                0x08003ad4                uxTaskResetEventItemValue
 .text.pvTaskIncrementMutexHeldCount
                0x08003b04       0x28 build/tasks.o
                0x08003b04                pvTaskIncrementMutexHeldCount
 .text.xTaskNotifyWait
                0x08003b2c       0xb4 build/tasks.o
                0x08003b2c                xTaskNotifyWait
 .text.xTaskGenericNotify
                0x08003be0      0x174 build/tasks.o
                0x08003be0                xTaskGenericNotify
 .text.xTaskGenericNotifyFromISR
                0x08003d54      0x1b8 build/tasks.o
                0x08003d54                xTaskGenericNotifyFromISR
 .text.prvAddCurrentTaskToDelayedList
                0x08003f0c       0xa8 build/tasks.o
 .text.xTimerCreateTimerTask
                0x08003fb4       0x90 build/timers.o
                0x08003fb4                xTimerCreateTimerTask
 .text.xTimerCreate
                0x08004044       0x42 build/timers.o
                0x08004044                xTimerCreate
 .text.xTimerCreateStatic
                0x08004086       0x7c build/timers.o
                0x08004086                xTimerCreateStatic
 .text.prvInitialiseNewTimer
                0x08004102       0x76 build/timers.o
 .text.xTimerGenericCommand
                0x08004178       0x9c build/timers.o
                0x08004178                xTimerGenericCommand
 .text.prvProcessExpiredTimer
                0x08004214       0x98 build/timers.o
 .text.prvTimerTask
                0x080042ac       0x24 build/timers.o
 .text.prvProcessTimerOrBlockTask
                0x080042d0       0x9c build/timers.o
 .text.prvGetNextExpireTime
                0x0800436c       0x48 build/timers.o
 .text.prvSampleTimeNow
                0x080043b4       0x40 build/timers.o
 .text.prvInsertTimerInActiveList
                0x080043f4       0x84 build/timers.o
 .text.prvProcessReceivedCommands
                0x08004478      0x1c4 build/timers.o
 .text.prvSwitchTimerLists
                0x0800463c       0xc8 build/timers.o
 .text.prvCheckForValidListAndQueue
                0x08004704       0x80 build/timers.o
 .text.pvTimerGetTimerID
                0x08004784       0x40 build/timers.o
                0x08004784                pvTimerGetTimerID
 .text.xTimerPendFunctionCallFromISR
                0x080047c4       0x40 build/timers.o
                0x080047c4                xTimerPendFunctionCallFromISR
 .text.__NVIC_SetPriority
                0x08004804       0x54 build/cmsis_os2.o
 .text.SysTick_Handler
                0x08004858       0x20 build/cmsis_os2.o
                0x08004858                SysTick_Handler
 .text.SVC_Setup
                0x08004878       0x12 build/cmsis_os2.o
 *fill*         0x0800488a        0x2 
 .text.osKernelInitialize
                0x0800488c       0x48 build/cmsis_os2.o
                0x0800488c                osKernelInitialize
 .text.osKernelStart
                0x080048d4       0x4c build/cmsis_os2.o
                0x080048d4                osKernelStart
 .text.osThreadNew
                0x08004920      0x124 build/cmsis_os2.o
                0x08004920                osThreadNew
 .text.osThreadGetId
                0x08004a44       0x16 build/cmsis_os2.o
                0x08004a44                osThreadGetId
 *fill*         0x08004a5a        0x2 
 .text.osThreadFlagsSet
                0x08004a5c       0x9c build/cmsis_os2.o
                0x08004a5c                osThreadFlagsSet
 .text.osThreadFlagsClear
                0x08004af8       0x7c build/cmsis_os2.o
                0x08004af8                osThreadFlagsClear
 .text.osThreadFlagsWait
                0x08004b74      0x102 build/cmsis_os2.o
                0x08004b74                osThreadFlagsWait
 .text.osDelay  0x08004c76       0x36 build/cmsis_os2.o
                0x08004c76                osDelay
 .text.TimerCallback
                0x08004cac       0x2a build/cmsis_os2.o
 *fill*         0x08004cd6        0x2 
 .text.osTimerNew
                0x08004cd8       0xf8 build/cmsis_os2.o
                0x08004cd8                osTimerNew
 .text.osTimerStart
                0x08004dd0       0x5c build/cmsis_os2.o
                0x08004dd0                osTimerStart
 .text.osEventFlagsNew
                0x08004e2c       0x7e build/cmsis_os2.o
                0x08004e2c                osEventFlagsNew
 *fill*         0x08004eaa        0x2 
 .text.osEventFlagsSet
                0x08004eac       0x88 build/cmsis_os2.o
                0x08004eac                osEventFlagsSet
 .text.osEventFlagsClear
                0x08004f34       0x64 build/cmsis_os2.o
                0x08004f34                osEventFlagsClear
 .text.osEventFlagsWait
                0x08004f98       0xcc build/cmsis_os2.o
                0x08004f98                osEventFlagsWait
 .text.osSemaphoreNew
                0x08005064      0x112 build/cmsis_os2.o
                0x08005064                osSemaphoreNew
 *fill*         0x08005176        0x2 
 .text.osSemaphoreAcquire
                0x08005178       0xa4 build/cmsis_os2.o
                0x08005178                osSemaphoreAcquire
 .text.osSemaphoreRelease
                0x0800521c       0x88 build/cmsis_os2.o
                0x0800521c                osSemaphoreRelease
 .text.osMessageQueueNew
                0x080052a4       0xe6 build/cmsis_os2.o
                0x080052a4                osMessageQueueNew
 *fill*         0x0800538a        0x2 
 .text.osMessageQueuePut
                0x0800538c       0xc0 build/cmsis_os2.o
                0x0800538c                osMessageQueuePut
 .text.osMessageQueueGet
                0x0800544c       0xbc build/cmsis_os2.o
                0x0800544c                osMessageQueueGet
 .text.osMemoryPoolNew
                0x08005508      0x1ac build/cmsis_os2.o
                0x08005508                osMemoryPoolNew
 .text.osMemoryPoolAlloc
                0x080056b4       0xec build/cmsis_os2.o
                0x080056b4                osMemoryPoolAlloc
 .text.osMemoryPoolFree
                0x080057a0      0x130 build/cmsis_os2.o
                0x080057a0                osMemoryPoolFree
 .text.CreateBlock
                0x080058d0       0x44 build/cmsis_os2.o
 .text.AllocBlock
                0x08005914       0x30 build/cmsis_os2.o
 .text.FreeBlock
                0x08005944       0x28 build/cmsis_os2.o
 .text.vApplicationGetIdleTaskMemory
                0x0800596c       0x34 build/cmsis_os2.o
                0x0800596c                vApplicationGetIdleTaskMemory
 .text.vApplicationGetTimerTaskMemory
                0x080059a0       0x34 build/cmsis_os2.o
                0x080059a0                vApplicationGetTimerTaskMemory
 .text.pvPortMalloc
                0x080059d4      0x198 build/heap_4.o
                0x080059d4                pvPortMalloc
 .text.vPortFree
                0x08005b6c       0xc4 build/heap_4.o
                0x08005b6c                vPortFree
 .text.prvHeapInit
                0x08005c30       0xc4 build/heap_4.o
 .text.prvInsertBlockIntoFreeList
                0x08005cf4       0xb4 build/heap_4.o
 .text.pxPortInitialiseStack
                0x08005da8       0x68 build/port.o
                0x08005da8                pxPortInitialiseStack
 .text.prvTaskExitError
                0x08005e10       0x58 build/port.o
 *fill*         0x08005e68        0x8 
 .text.SVC_Handler
                0x08005e70       0x28 build/port.o
                0x08005e70                SVC_Handler
 .text.prvPortStartFirstTask
                0x08005e98       0x28 build/port.o
 .text.xPortStartScheduler
                0x08005ec0      0x144 build/port.o
                0x08005ec0                xPortStartScheduler
 .text.vPortEnterCritical
                0x08006004       0x60 build/port.o
                0x08006004                vPortEnterCritical
 .text.vPortExitCritical
                0x08006064       0x54 build/port.o
                0x08006064                vPortExitCritical
 *fill*         0x080060b8        0x8 
 .text.PendSV_Handler
                0x080060c0       0x68 build/port.o
                0x080060c0                PendSV_Handler
 .text.xPortSysTickHandler
                0x08006128       0x44 build/port.o
                0x08006128                xPortSysTickHandler
 .text.vPortSuppressTicksAndSleep
                0x0800616c      0x198 build/port.o
                0x0800616c                vPortSuppressTicksAndSleep
 .text.vPortSetupTimerInterrupt
                0x08006304       0x78 build/port.o
                0x08006304                vPortSetupTimerInterrupt
 .text.vPortEnableVFP
                0x0800637c       0x14 build/port.o
 .text.vPortValidateInterruptPriority
                0x08006390       0x80 build/port.o
                0x08006390                vPortValidateInterruptPriority
 .text.MX_USB_DEVICE_Init
                0x08006410       0x60 build/usb_device.o
                0x08006410                MX_USB_DEVICE_Init
 .text.USBD_FS_DeviceDescriptor
                0x08006470       0x24 build/usbd_desc.o
                0x08006470                USBD_FS_DeviceDescriptor
 .text.USBD_FS_LangIDStrDescriptor
                0x08006494       0x24 build/usbd_desc.o
                0x08006494                USBD_FS_LangIDStrDescriptor
 .text.USBD_FS_ProductStrDescriptor
                0x080064b8       0x3c build/usbd_desc.o
                0x080064b8                USBD_FS_ProductStrDescriptor
 .text.USBD_FS_ManufacturerStrDescriptor
                0x080064f4       0x28 build/usbd_desc.o
                0x080064f4                USBD_FS_ManufacturerStrDescriptor
 .text.USBD_FS_SerialStrDescriptor
                0x0800651c       0x24 build/usbd_desc.o
                0x0800651c                USBD_FS_SerialStrDescriptor
 .text.USBD_FS_ConfigStrDescriptor
                0x08006540       0x3c build/usbd_desc.o
                0x08006540                USBD_FS_ConfigStrDescriptor
 .text.USBD_FS_InterfaceStrDescriptor
                0x0800657c       0x3c build/usbd_desc.o
                0x0800657c                USBD_FS_InterfaceStrDescriptor
 .text.Get_SerialNum
                0x080065b8       0x58 build/usbd_desc.o
 .text.IntToUnicode
                0x08006610       0x7e build/usbd_desc.o
 *fill*         0x0800668e        0x2 
 .text.CDC_Init_FS
                0x08006690       0x28 build/usbd_cdc_if.o
 .text.CDC_DeInit_FS
                0x080066b8       0x10 build/usbd_cdc_if.o
 .text.CDC_Control_FS
                0x080066c8       0xbc build/usbd_cdc_if.o
 .text.CDC_Receive_FS
                0x08006784       0x28 build/usbd_cdc_if.o
 .text.CDC_TransmitCplt_FS
                0x080067ac       0x22 build/usbd_cdc_if.o
 *fill*         0x080067ce        0x2 
 .text.HAL_PCD_MspInit
                0x080067d0       0xa8 build/usbd_conf.o
                0x080067d0                HAL_PCD_MspInit
 .text.HAL_PCD_SetupStageCallback
                0x08006878       0x24 build/usbd_conf.o
                0x08006878                HAL_PCD_SetupStageCallback
 .text.HAL_PCD_DataOutStageCallback
                0x0800689c       0x36 build/usbd_conf.o
                0x0800689c                HAL_PCD_DataOutStageCallback
 .text.HAL_PCD_DataInStageCallback
                0x080068d2       0x34 build/usbd_conf.o
                0x080068d2                HAL_PCD_DataInStageCallback
 .text.HAL_PCD_SOFCallback
                0x08006906       0x1c build/usbd_conf.o
                0x08006906                HAL_PCD_SOFCallback
 .text.HAL_PCD_ResetCallback
                0x08006922       0x3c build/usbd_conf.o
                0x08006922                HAL_PCD_ResetCallback
 *fill*         0x0800695e        0x2 
 .text.HAL_PCD_SuspendCallback
                0x08006960       0x4c build/usbd_conf.o
                0x08006960                HAL_PCD_SuspendCallback
 .text.HAL_PCD_ResumeCallback
                0x080069ac       0x1c build/usbd_conf.o
                0x080069ac                HAL_PCD_ResumeCallback
 .text.HAL_PCD_ISOOUTIncompleteCallback
                0x080069c8       0x24 build/usbd_conf.o
                0x080069c8                HAL_PCD_ISOOUTIncompleteCallback
 .text.HAL_PCD_ISOINIncompleteCallback
                0x080069ec       0x24 build/usbd_conf.o
                0x080069ec                HAL_PCD_ISOINIncompleteCallback
 .text.HAL_PCD_ConnectCallback
                0x08006a10       0x1c build/usbd_conf.o
                0x08006a10                HAL_PCD_ConnectCallback
 .text.HAL_PCD_DisconnectCallback
                0x08006a2c       0x1c build/usbd_conf.o
                0x08006a2c                HAL_PCD_DisconnectCallback
 .text.USBD_LL_Init
                0x08006a48       0x98 build/usbd_conf.o
                0x08006a48                USBD_LL_Init
 .text.USBD_LL_Start
                0x08006ae0       0x36 build/usbd_conf.o
                0x08006ae0                USBD_LL_Start
 .text.USBD_LL_OpenEP
                0x08006b16       0x4c build/usbd_conf.o
                0x08006b16                USBD_LL_OpenEP
 .text.USBD_LL_CloseEP
                0x08006b62       0x3e build/usbd_conf.o
                0x08006b62                USBD_LL_CloseEP
 .text.USBD_LL_StallEP
                0x08006ba0       0x3e build/usbd_conf.o
                0x08006ba0                USBD_LL_StallEP
 .text.USBD_LL_ClearStallEP
                0x08006bde       0x3e build/usbd_conf.o
                0x08006bde                USBD_LL_ClearStallEP
 .text.USBD_LL_IsStallEP
                0x08006c1c       0x58 build/usbd_conf.o
                0x08006c1c                USBD_LL_IsStallEP
 .text.USBD_LL_SetUSBAddress
                0x08006c74       0x3e build/usbd_conf.o
                0x08006c74                USBD_LL_SetUSBAddress
 .text.USBD_LL_Transmit
                0x08006cb2       0x42 build/usbd_conf.o
                0x08006cb2                USBD_LL_Transmit
 .text.USBD_LL_PrepareReceive
                0x08006cf4       0x42 build/usbd_conf.o
                0x08006cf4                USBD_LL_PrepareReceive
 .text.USBD_LL_GetRxDataSize
                0x08006d36       0x26 build/usbd_conf.o
                0x08006d36                USBD_LL_GetRxDataSize
 .text.USBD_static_malloc
                0x08006d5c       0x1c build/usbd_conf.o
                0x08006d5c                USBD_static_malloc
 .text.USBD_static_free
                0x08006d78       0x14 build/usbd_conf.o
                0x08006d78                USBD_static_free
 .text.USBD_Get_USB_Status
                0x08006d8c       0x58 build/usbd_conf.o
                0x08006d8c                USBD_Get_USB_Status
 .text.HAL_PCD_Init
                0x08006de4      0x23a build/stm32f4xx_hal_pcd.o
                0x08006de4                HAL_PCD_Init
 .text.HAL_PCD_Start
                0x0800701e       0x66 build/stm32f4xx_hal_pcd.o
                0x0800701e                HAL_PCD_Start
 .text.HAL_PCD_IRQHandler
                0x08007084      0x93e build/stm32f4xx_hal_pcd.o
                0x08007084                HAL_PCD_IRQHandler
 .text.HAL_PCD_SetAddress
                0x080079c2       0x4a build/stm32f4xx_hal_pcd.o
                0x080079c2                HAL_PCD_SetAddress
 .text.HAL_PCD_EP_Open
                0x08007a0c       0xd0 build/stm32f4xx_hal_pcd.o
                0x08007a0c                HAL_PCD_EP_Open
 .text.HAL_PCD_EP_Close
                0x08007adc       0x94 build/stm32f4xx_hal_pcd.o
                0x08007adc                HAL_PCD_EP_Close
 .text.HAL_PCD_EP_Receive
                0x08007b70       0x96 build/stm32f4xx_hal_pcd.o
                0x08007b70                HAL_PCD_EP_Receive
 .text.HAL_PCD_EP_GetRxCount
                0x08007c06       0x30 build/stm32f4xx_hal_pcd.o
                0x08007c06                HAL_PCD_EP_GetRxCount
 .text.HAL_PCD_EP_Transmit
                0x08007c36       0x94 build/stm32f4xx_hal_pcd.o
                0x08007c36                HAL_PCD_EP_Transmit
 .text.HAL_PCD_EP_SetStall
                0x08007cca       0xc8 build/stm32f4xx_hal_pcd.o
                0x08007cca                HAL_PCD_EP_SetStall
 .text.HAL_PCD_EP_ClrStall
                0x08007d92       0xac build/stm32f4xx_hal_pcd.o
                0x08007d92                HAL_PCD_EP_ClrStall
 .text.HAL_PCD_EP_Abort
                0x08007e3e       0x62 build/stm32f4xx_hal_pcd.o
                0x08007e3e                HAL_PCD_EP_Abort
 .text.PCD_WriteEmptyTxFifo
                0x08007ea0      0x11a build/stm32f4xx_hal_pcd.o
 *fill*         0x08007fba        0x2 
 .text.PCD_EP_OutXfrComplete_int
                0x08007fbc      0x1d0 build/stm32f4xx_hal_pcd.o
 .text.PCD_EP_OutSetupPacket_int
                0x0800818c       0x8c build/stm32f4xx_hal_pcd.o
 .text.HAL_PCDEx_SetTxFiFo
                0x08008218       0x8e build/stm32f4xx_hal_pcd_ex.o
                0x08008218                HAL_PCDEx_SetTxFiFo
 .text.HAL_PCDEx_SetRxFiFo
                0x080082a6       0x22 build/stm32f4xx_hal_pcd_ex.o
                0x080082a6                HAL_PCDEx_SetRxFiFo
 .text.HAL_PCDEx_LPM_Callback
                0x080082c8       0x18 build/stm32f4xx_hal_pcd_ex.o
                0x080082c8                HAL_PCDEx_LPM_Callback
 .text.USB_CoreInit
                0x080082e0       0xc2 build/stm32f4xx_ll_usb.o
                0x080082e0                USB_CoreInit
 *fill*         0x080083a2        0x2 
 .text.USB_SetTurnaroundTime
                0x080083a4      0x144 build/stm32f4xx_ll_usb.o
                0x080083a4                USB_SetTurnaroundTime
 .text.USB_EnableGlobalInt
                0x080084e8       0x22 build/stm32f4xx_ll_usb.o
                0x080084e8                USB_EnableGlobalInt
 .text.USB_DisableGlobalInt
                0x0800850a       0x22 build/stm32f4xx_ll_usb.o
                0x0800850a                USB_DisableGlobalInt
 .text.USB_SetCurrentMode
                0x0800852c       0x98 build/stm32f4xx_ll_usb.o
                0x0800852c                USB_SetCurrentMode
 .text.USB_DevInit
                0x080085c4      0x2c8 build/stm32f4xx_ll_usb.o
                0x080085c4                USB_DevInit
 .text.USB_FlushTxFifo
                0x0800888c       0x68 build/stm32f4xx_ll_usb.o
                0x0800888c                USB_FlushTxFifo
 .text.USB_FlushRxFifo
                0x080088f4       0x60 build/stm32f4xx_ll_usb.o
                0x080088f4                USB_FlushRxFifo
 .text.USB_SetDevSpeed
                0x08008954       0x32 build/stm32f4xx_ll_usb.o
                0x08008954                USB_SetDevSpeed
 .text.USB_GetDevSpeed
                0x08008986       0x4a build/stm32f4xx_ll_usb.o
                0x08008986                USB_GetDevSpeed
 .text.USB_ActivateEndpoint
                0x080089d0      0x10e build/stm32f4xx_ll_usb.o
                0x080089d0                USB_ActivateEndpoint
 *fill*         0x08008ade        0x2 
 .text.USB_DeactivateEndpoint
                0x08008ae0      0x1b8 build/stm32f4xx_ll_usb.o
                0x08008ae0                USB_DeactivateEndpoint
 .text.USB_EPStartXfer
                0x08008c98      0x490 build/stm32f4xx_ll_usb.o
                0x08008c98                USB_EPStartXfer
 .text.USB_EP0StartXfer
                0x08009128      0x2b0 build/stm32f4xx_ll_usb.o
                0x08009128                USB_EP0StartXfer
 .text.USB_EPStopXfer
                0x080093d8      0x154 build/stm32f4xx_ll_usb.o
                0x080093d8                USB_EPStopXfer
 .text.USB_WritePacket
                0x0800952c       0x7c build/stm32f4xx_ll_usb.o
                0x0800952c                USB_WritePacket
 .text.USB_ReadPacket
                0x080095a8       0xb0 build/stm32f4xx_ll_usb.o
                0x080095a8                USB_ReadPacket
 .text.USB_EPSetStall
                0x08009658       0xdc build/stm32f4xx_ll_usb.o
                0x08009658                USB_EPSetStall
 .text.USB_EPClearStall
                0x08009734       0xcc build/stm32f4xx_ll_usb.o
                0x08009734                USB_EPClearStall
 .text.USB_SetDevAddress
                0x08009800       0x4c build/stm32f4xx_ll_usb.o
                0x08009800                USB_SetDevAddress
 .text.USB_DevConnect
                0x0800984c       0x42 build/stm32f4xx_ll_usb.o
                0x0800984c                USB_DevConnect
 .text.USB_DevDisconnect
                0x0800988e       0x42 build/stm32f4xx_ll_usb.o
                0x0800988e                USB_DevDisconnect
 .text.USB_ReadInterrupts
                0x080098d0       0x26 build/stm32f4xx_ll_usb.o
                0x080098d0                USB_ReadInterrupts
 .text.USB_ReadDevAllOutEpInterrupt
                0x080098f6       0x34 build/stm32f4xx_ll_usb.o
                0x080098f6                USB_ReadDevAllOutEpInterrupt
 .text.USB_ReadDevAllInEpInterrupt
                0x0800992a       0x34 build/stm32f4xx_ll_usb.o
                0x0800992a                USB_ReadDevAllInEpInterrupt
 .text.USB_ReadDevOutEPInterrupt
                0x0800995e       0x3c build/stm32f4xx_ll_usb.o
                0x0800995e                USB_ReadDevOutEPInterrupt
 .text.USB_ReadDevInEPInterrupt
                0x0800999a       0x5c build/stm32f4xx_ll_usb.o
                0x0800999a                USB_ReadDevInEPInterrupt
 .text.USB_GetMode
                0x080099f6       0x1c build/stm32f4xx_ll_usb.o
                0x080099f6                USB_GetMode
 .text.USB_ActivateSetup
                0x08009a12       0x46 build/stm32f4xx_ll_usb.o
                0x08009a12                USB_ActivateSetup
 .text.USB_EP0_OutStart
                0x08009a58       0xbc build/stm32f4xx_ll_usb.o
                0x08009a58                USB_EP0_OutStart
 .text.USB_CoreReset
                0x08009b14       0x68 build/stm32f4xx_ll_usb.o
 .text.HAL_RCC_OscConfig
                0x08009b7c      0x4f0 build/stm32f4xx_hal_rcc.o
                0x08009b7c                HAL_RCC_OscConfig
 .text.HAL_RCC_ClockConfig
                0x0800a06c      0x1cc build/stm32f4xx_hal_rcc.o
                0x0800a06c                HAL_RCC_ClockConfig
 .text.HAL_RCC_GetSysClockFreq
                0x0800a238      0x18c build/stm32f4xx_hal_rcc.o
                0x0800a238                HAL_RCC_GetSysClockFreq
 .text.HAL_RCC_GetHCLKFreq
                0x0800a3c4       0x18 build/stm32f4xx_hal_rcc.o
                0x0800a3c4                HAL_RCC_GetHCLKFreq
 .text.HAL_RCC_GetPCLK1Freq
                0x0800a3dc       0x28 build/stm32f4xx_hal_rcc.o
                0x0800a3dc                HAL_RCC_GetPCLK1Freq
 .text.HAL_RCC_GetPCLK2Freq
                0x0800a404       0x28 build/stm32f4xx_hal_rcc.o
                0x0800a404                HAL_RCC_GetPCLK2Freq
 .text.HAL_RCC_GetClockConfig
                0x0800a42c       0x64 build/stm32f4xx_hal_rcc.o
                0x0800a42c                HAL_RCC_GetClockConfig
 .text.HAL_GPIO_Init
                0x0800a490      0x308 build/stm32f4xx_hal_gpio.o
                0x0800a490                HAL_GPIO_Init
 .text.HAL_GPIO_WritePin
                0x0800a798       0x32 build/stm32f4xx_hal_gpio.o
                0x0800a798                HAL_GPIO_WritePin
 .text.HAL_GPIO_TogglePin
                0x0800a7ca       0x34 build/stm32f4xx_hal_gpio.o
                0x0800a7ca                HAL_GPIO_TogglePin
 *fill*         0x0800a7fe        0x2 
 .text.HAL_DMA_Init
                0x0800a800      0x15c build/stm32f4xx_hal_dma.o
                0x0800a800                HAL_DMA_Init
 .text.HAL_DMA_Start_IT
                0x0800a95c       0xb0 build/stm32f4xx_hal_dma.o
                0x0800a95c                HAL_DMA_Start_IT
 .text.HAL_DMA_Abort
                0x0800aa0c       0xe0 build/stm32f4xx_hal_dma.o
                0x0800aa0c                HAL_DMA_Abort
 .text.HAL_DMA_Abort_IT
                0x0800aaec       0x44 build/stm32f4xx_hal_dma.o
                0x0800aaec                HAL_DMA_Abort_IT
 .text.HAL_DMA_IRQHandler
                0x0800ab30      0x314 build/stm32f4xx_hal_dma.o
                0x0800ab30                HAL_DMA_IRQHandler
 .text.DMA_SetConfig
                0x0800ae44       0x5c build/stm32f4xx_hal_dma.o
 .text.DMA_CalcBaseAndBitshift
                0x0800aea0       0x6c build/stm32f4xx_hal_dma.o
 .text.DMA_CheckFifoParam
                0x0800af0c       0xf8 build/stm32f4xx_hal_dma.o
 .text.__NVIC_SetPriorityGrouping
                0x0800b004       0x48 build/stm32f4xx_hal_cortex.o
 .text.__NVIC_GetPriorityGrouping
                0x0800b04c       0x1c build/stm32f4xx_hal_cortex.o
 .text.__NVIC_EnableIRQ
                0x0800b068       0x3c build/stm32f4xx_hal_cortex.o
 .text.__NVIC_SetPriority
                0x0800b0a4       0x54 build/stm32f4xx_hal_cortex.o
 .text.NVIC_EncodePriority
                0x0800b0f8       0x66 build/stm32f4xx_hal_cortex.o
 .text.HAL_NVIC_SetPriorityGrouping
                0x0800b15e       0x16 build/stm32f4xx_hal_cortex.o
                0x0800b15e                HAL_NVIC_SetPriorityGrouping
 .text.HAL_NVIC_SetPriority
                0x0800b174       0x38 build/stm32f4xx_hal_cortex.o
                0x0800b174                HAL_NVIC_SetPriority
 .text.HAL_NVIC_EnableIRQ
                0x0800b1ac       0x1c build/stm32f4xx_hal_cortex.o
                0x0800b1ac                HAL_NVIC_EnableIRQ
 .text.HAL_Init
                0x0800b1c8       0x44 build/stm32f4xx_hal.o
                0x0800b1c8                HAL_Init
 .text.HAL_IncTick
                0x0800b20c       0x28 build/stm32f4xx_hal.o
                0x0800b20c                HAL_IncTick
 .text.HAL_GetTick
                0x0800b234       0x18 build/stm32f4xx_hal.o
                0x0800b234                HAL_GetTick
 .text.HAL_Delay
                0x0800b24c       0x48 build/stm32f4xx_hal.o
                0x0800b24c                HAL_Delay
 .text.HAL_TIM_Base_Init
                0x0800b294       0x9e build/stm32f4xx_hal_tim.o
                0x0800b294                HAL_TIM_Base_Init
 *fill*         0x0800b332        0x2 
 .text.HAL_TIM_Base_Start
                0x0800b334       0xb4 build/stm32f4xx_hal_tim.o
                0x0800b334                HAL_TIM_Base_Start
 .text.HAL_TIM_Base_Start_IT
                0x0800b3e8       0xc4 build/stm32f4xx_hal_tim.o
                0x0800b3e8                HAL_TIM_Base_Start_IT
 .text.HAL_TIM_PWM_Init
                0x0800b4ac       0x9e build/stm32f4xx_hal_tim.o
                0x0800b4ac                HAL_TIM_PWM_Init
 .text.HAL_TIM_PWM_MspInit
                0x0800b54a       0x14 build/stm32f4xx_hal_tim.o
                0x0800b54a                HAL_TIM_PWM_MspInit
 *fill*         0x0800b55e        0x2 
 .text.HAL_TIM_PWM_Start
                0x0800b560      0x160 build/stm32f4xx_hal_tim.o
                0x0800b560                HAL_TIM_PWM_Start
 .text.HAL_TIM_IRQHandler
                0x0800b6c0      0x210 build/stm32f4xx_hal_tim.o
                0x0800b6c0                HAL_TIM_IRQHandler
 .text.HAL_TIM_PWM_ConfigChannel
                0x0800b8d0      0x184 build/stm32f4xx_hal_tim.o
                0x0800b8d0                HAL_TIM_PWM_ConfigChannel
 .text.HAL_TIM_ConfigClockSource
                0x0800ba54      0x18e build/stm32f4xx_hal_tim.o
                0x0800ba54                HAL_TIM_ConfigClockSource
 .text.HAL_TIM_OC_DelayElapsedCallback
                0x0800bbe2       0x14 build/stm32f4xx_hal_tim.o
                0x0800bbe2                HAL_TIM_OC_DelayElapsedCallback
 .text.HAL_TIM_IC_CaptureCallback
                0x0800bbf6       0x14 build/stm32f4xx_hal_tim.o
                0x0800bbf6                HAL_TIM_IC_CaptureCallback
 .text.HAL_TIM_PWM_PulseFinishedCallback
                0x0800bc0a       0x14 build/stm32f4xx_hal_tim.o
                0x0800bc0a                HAL_TIM_PWM_PulseFinishedCallback
 .text.HAL_TIM_TriggerCallback
                0x0800bc1e       0x14 build/stm32f4xx_hal_tim.o
                0x0800bc1e                HAL_TIM_TriggerCallback
 *fill*         0x0800bc32        0x2 
 .text.TIM_Base_SetConfig
                0x0800bc34      0x100 build/stm32f4xx_hal_tim.o
                0x0800bc34                TIM_Base_SetConfig
 .text.TIM_OC1_SetConfig
                0x0800bd34       0xcc build/stm32f4xx_hal_tim.o
 .text.TIM_OC2_SetConfig
                0x0800be00       0xd8 build/stm32f4xx_hal_tim.o
                0x0800be00                TIM_OC2_SetConfig
 .text.TIM_OC3_SetConfig
                0x0800bed8       0xd4 build/stm32f4xx_hal_tim.o
 .text.TIM_OC4_SetConfig
                0x0800bfac       0xa0 build/stm32f4xx_hal_tim.o
 .text.TIM_TI1_ConfigInputStage
                0x0800c04c       0x5e build/stm32f4xx_hal_tim.o
 .text.TIM_TI2_ConfigInputStage
                0x0800c0aa       0x60 build/stm32f4xx_hal_tim.o
 .text.TIM_ITRx_SetConfig
                0x0800c10a       0x36 build/stm32f4xx_hal_tim.o
 .text.TIM_ETR_SetConfig
                0x0800c140       0x40 build/stm32f4xx_hal_tim.o
                0x0800c140                TIM_ETR_SetConfig
 .text.TIM_CCxChannelCmd
                0x0800c180       0x4a build/stm32f4xx_hal_tim.o
                0x0800c180                TIM_CCxChannelCmd
 *fill*         0x0800c1ca        0x2 
 .text.HAL_TIMEx_MasterConfigSynchronization
                0x0800c1cc       0xdc build/stm32f4xx_hal_tim_ex.o
                0x0800c1cc                HAL_TIMEx_MasterConfigSynchronization
 .text.HAL_TIMEx_ConfigBreakDeadTime
                0x0800c2a8       0xa4 build/stm32f4xx_hal_tim_ex.o
                0x0800c2a8                HAL_TIMEx_ConfigBreakDeadTime
 .text.HAL_TIMEx_CommutCallback
                0x0800c34c       0x14 build/stm32f4xx_hal_tim_ex.o
                0x0800c34c                HAL_TIMEx_CommutCallback
 .text.HAL_TIMEx_BreakCallback
                0x0800c360       0x14 build/stm32f4xx_hal_tim_ex.o
                0x0800c360                HAL_TIMEx_BreakCallback
 .text.HAL_UART_Init
                0x0800c374       0x9a build/stm32f4xx_hal_uart.o
                0x0800c374                HAL_UART_Init
 *fill*         0x0800c40e        0x2 
 .text.HAL_UART_Transmit_DMA
                0x0800c410       0xfc build/stm32f4xx_hal_uart.o
                0x0800c410                HAL_UART_Transmit_DMA
 .text.HAL_UARTEx_ReceiveToIdle_DMA
                0x0800c50c       0xca build/stm32f4xx_hal_uart.o
                0x0800c50c                HAL_UARTEx_ReceiveToIdle_DMA
 *fill*         0x0800c5d6        0x2 
 .text.HAL_UART_IRQHandler
                0x0800c5d8      0x51c build/stm32f4xx_hal_uart.o
                0x0800c5d8                HAL_UART_IRQHandler
 .text.HAL_UART_RxCpltCallback
                0x0800caf4       0x14 build/stm32f4xx_hal_uart.o
                0x0800caf4                HAL_UART_RxCpltCallback
 .text.HAL_UART_RxHalfCpltCallback
                0x0800cb08       0x14 build/stm32f4xx_hal_uart.o
                0x0800cb08                HAL_UART_RxHalfCpltCallback
 .text.HAL_UART_ErrorCallback
                0x0800cb1c       0x14 build/stm32f4xx_hal_uart.o
                0x0800cb1c                HAL_UART_ErrorCallback
 .text.UART_DMATransmitCplt
                0x0800cb30       0x9a build/stm32f4xx_hal_uart.o
 .text.UART_DMATxHalfCplt
                0x0800cbca       0x1c build/stm32f4xx_hal_uart.o
 .text.UART_DMAReceiveCplt
                0x0800cbe6      0x126 build/stm32f4xx_hal_uart.o
 .text.UART_DMARxHalfCplt
                0x0800cd0c       0x36 build/stm32f4xx_hal_uart.o
 .text.UART_DMAError
                0x0800cd42       0x94 build/stm32f4xx_hal_uart.o
 *fill*         0x0800cdd6        0x2 
 .text.UART_Start_Receive_DMA
                0x0800cdd8      0x13c build/stm32f4xx_hal_uart.o
                0x0800cdd8                UART_Start_Receive_DMA
 .text.UART_EndTxTransfer
                0x0800cf14       0x50 build/stm32f4xx_hal_uart.o
 .text.UART_EndRxTransfer
                0x0800cf64       0xc6 build/stm32f4xx_hal_uart.o
 .text.UART_DMAAbortOnError
                0x0800d02a       0x28 build/stm32f4xx_hal_uart.o
 .text.UART_Transmit_IT
                0x0800d052       0xa0 build/stm32f4xx_hal_uart.o
 .text.UART_EndTransmit_IT
                0x0800d0f2       0x30 build/stm32f4xx_hal_uart.o
 .text.UART_Receive_IT
                0x0800d122      0x176 build/stm32f4xx_hal_uart.o
 .text.UART_SetConfig
                0x0800d298      0x4e8 build/stm32f4xx_hal_uart.o
 .text.SystemInit
                0x0800d780       0x24 build/system_stm32f4xx.o
                0x0800d780                SystemInit
 .text.USBD_Init
                0x0800d7a4       0x60 build/usbd_core.o
                0x0800d7a4                USBD_Init
 .text.USBD_RegisterClass
                0x0800d804       0x6c build/usbd_core.o
                0x0800d804                USBD_RegisterClass
 .text.USBD_Start
                0x0800d870       0x18 build/usbd_core.o
                0x0800d870                USBD_Start
 .text.USBD_RunTestMode
                0x0800d888       0x16 build/usbd_core.o
                0x0800d888                USBD_RunTestMode
 .text.USBD_SetClassConfig
                0x0800d89e       0x38 build/usbd_core.o
                0x0800d89e                USBD_SetClassConfig
 .text.USBD_ClrClassConfig
                0x0800d8d6       0x34 build/usbd_core.o
                0x0800d8d6                USBD_ClrClassConfig
 .text.USBD_LL_SetupStage
                0x0800d90a       0xaa build/usbd_core.o
                0x0800d90a                USBD_LL_SetupStage
 .text.USBD_LL_DataOutStage
                0x0800d9b4      0x166 build/usbd_core.o
                0x0800d9b4                USBD_LL_DataOutStage
 .text.USBD_LL_DataInStage
                0x0800db1a      0x164 build/usbd_core.o
                0x0800db1a                USBD_LL_DataInStage
 .text.USBD_LL_Reset
                0x0800dc7e       0xa4 build/usbd_core.o
                0x0800dc7e                USBD_LL_Reset
 .text.USBD_LL_SetSpeed
                0x0800dd22       0x20 build/usbd_core.o
                0x0800dd22                USBD_LL_SetSpeed
 .text.USBD_LL_Suspend
                0x0800dd42       0x2c build/usbd_core.o
                0x0800dd42                USBD_LL_Suspend
 .text.USBD_LL_Resume
                0x0800dd6e       0x30 build/usbd_core.o
                0x0800dd6e                USBD_LL_Resume
 .text.USBD_LL_SOF
                0x0800dd9e       0x40 build/usbd_core.o
                0x0800dd9e                USBD_LL_SOF
 .text.USBD_LL_IsoINIncomplete
                0x0800ddde       0x64 build/usbd_core.o
                0x0800ddde                USBD_LL_IsoINIncomplete
 .text.USBD_LL_IsoOUTIncomplete
                0x0800de42       0x64 build/usbd_core.o
                0x0800de42                USBD_LL_IsoOUTIncomplete
 .text.USBD_LL_DevConnected
                0x0800dea6       0x16 build/usbd_core.o
                0x0800dea6                USBD_LL_DevConnected
 .text.USBD_LL_DevDisconnected
                0x0800debc       0x46 build/usbd_core.o
                0x0800debc                USBD_LL_DevDisconnected
 .text.USBD_CoreFindIF
                0x0800df02       0x1a build/usbd_core.o
                0x0800df02                USBD_CoreFindIF
 .text.USBD_CoreFindEP
                0x0800df1c       0x1a build/usbd_core.o
                0x0800df1c                USBD_CoreFindEP
 .text.USBD_GetEpDesc
                0x0800df36       0x74 build/usbd_core.o
                0x0800df36                USBD_GetEpDesc
 .text.USBD_GetNextDesc
                0x0800dfaa       0x3a build/usbd_core.o
                0x0800dfaa                USBD_GetNextDesc
 .text.SWAPBYTE
                0x0800dfe4       0x3c build/usbd_ctlreq.o
 .text.USBD_StdDevReq
                0x0800e020       0xe4 build/usbd_ctlreq.o
                0x0800e020                USBD_StdDevReq
 .text.USBD_StdItfReq
                0x0800e104       0xd8 build/usbd_ctlreq.o
                0x0800e104                USBD_StdItfReq
 .text.USBD_StdEPReq
                0x0800e1dc      0x33a build/usbd_ctlreq.o
                0x0800e1dc                USBD_StdEPReq
 *fill*         0x0800e516        0x2 
 .text.USBD_GetDescriptor
                0x0800e518      0x2d4 build/usbd_ctlreq.o
 .text.USBD_SetAddress
                0x0800e7ec       0x88 build/usbd_ctlreq.o
 .text.USBD_SetConfig
                0x0800e874      0x154 build/usbd_ctlreq.o
 .text.USBD_GetConfig
                0x0800e9c8       0x6c build/usbd_ctlreq.o
 .text.USBD_GetStatus
                0x0800ea34       0x68 build/usbd_ctlreq.o
 .text.USBD_SetFeature
                0x0800ea9c       0x52 build/usbd_ctlreq.o
 .text.USBD_ClrFeature
                0x0800eaee       0x44 build/usbd_ctlreq.o
 .text.USBD_ParseSetupRequest
                0x0800eb32       0x74 build/usbd_ctlreq.o
                0x0800eb32                USBD_ParseSetupRequest
 .text.USBD_CtlError
                0x0800eba6       0x22 build/usbd_ctlreq.o
                0x0800eba6                USBD_CtlError
 .text.USBD_GetString
                0x0800ebc8       0x8c build/usbd_ctlreq.o
                0x0800ebc8                USBD_GetString
 .text.USBD_GetLen
                0x0800ec54       0x34 build/usbd_ctlreq.o
 .text.USBD_CtlSendData
                0x0800ec88       0x36 build/usbd_ioreq.o
                0x0800ec88                USBD_CtlSendData
 .text.USBD_CtlContinueSendData
                0x0800ecbe       0x22 build/usbd_ioreq.o
                0x0800ecbe                USBD_CtlContinueSendData
 .text.USBD_CtlPrepareRx
                0x0800ece0       0x3a build/usbd_ioreq.o
                0x0800ece0                USBD_CtlPrepareRx
 .text.USBD_CtlContinueRx
                0x0800ed1a       0x22 build/usbd_ioreq.o
                0x0800ed1a                USBD_CtlContinueRx
 .text.USBD_CtlSendStatus
                0x0800ed3c       0x26 build/usbd_ioreq.o
                0x0800ed3c                USBD_CtlSendStatus
 .text.USBD_CtlReceiveStatus
                0x0800ed62       0x26 build/usbd_ioreq.o
                0x0800ed62                USBD_CtlReceiveStatus
 .text.USBD_CDC_Init
                0x0800ed88      0x1f0 build/usbd_cdc.o
 .text.USBD_CDC_DeInit
                0x0800ef78      0x104 build/usbd_cdc.o
 .text.USBD_CDC_Setup
                0x0800f07c      0x1b8 build/usbd_cdc.o
 .text.USBD_CDC_DataIn
                0x0800f234       0xfe build/usbd_cdc.o
 .text.USBD_CDC_DataOut
                0x0800f332       0x70 build/usbd_cdc.o
 .text.USBD_CDC_EP0_RxReady
                0x0800f3a2       0x76 build/usbd_cdc.o
 .text.USBD_CDC_GetFSCfgDesc
                0x0800f418       0x70 build/usbd_cdc.o
 .text.USBD_CDC_GetHSCfgDesc
                0x0800f488       0x70 build/usbd_cdc.o
 .text.USBD_CDC_GetOtherSpeedCfgDesc
                0x0800f4f8       0x70 build/usbd_cdc.o
 .text.USBD_CDC_GetDeviceQualifierDescriptor
                0x0800f568       0x20 build/usbd_cdc.o
                0x0800f568                USBD_CDC_GetDeviceQualifierDescriptor
 .text.USBD_CDC_RegisterInterface
                0x0800f588       0x34 build/usbd_cdc.o
                0x0800f588                USBD_CDC_RegisterInterface
 .text.USBD_CDC_SetTxBuffer
                0x0800f5bc       0x44 build/usbd_cdc.o
                0x0800f5bc                USBD_CDC_SetTxBuffer
 .text.USBD_CDC_SetRxBuffer
                0x0800f600       0x3a build/usbd_cdc.o
                0x0800f600                USBD_CDC_SetRxBuffer
 *fill*         0x0800f63a        0x2 
 .text.USBD_CDC_ReceivePacket
                0x0800f63c       0x6c build/usbd_cdc.o
                0x0800f63c                USBD_CDC_ReceivePacket
 .text.sendRAWAT
                0x0800f6a8       0xfc build/uart_at.o
                0x0800f6a8                sendRAWAT
 .text.ParseResponse
                0x0800f7a4       0x6c build/uart_at.o
                0x0800f7a4                ParseResponse
 .text.ParseAT  0x0800f810       0x74 build/uart_at.o
                0x0800f810                ParseAT
 .text.ATHandlingTaskCode
                0x0800f884      0x2e4 build/uart_at.o
                0x0800f884                ATHandlingTaskCode
 .text.ATParsingTaskCode
                0x0800fb68      0x1b0 build/uart_at.o
                0x0800fb68                ATParsingTaskCode
 .text.Ringbuf_Init
                0x0800fd18       0x50 build/uartRingBufDMA.o
                0x0800fd18                Ringbuf_Init
 .text.Ringbuf_Reset
                0x0800fd68       0x4c build/uartRingBufDMA.o
                0x0800fd68                Ringbuf_Reset
 .text.labscim_buffer_direct_input
                0x0800fdb4       0xc0 build/uartRingBufDMA.o
                0x0800fdb4                labscim_buffer_direct_input
 .text.labscim_buffer_peek
                0x0800fe74       0xa8 build/uartRingBufDMA.o
 .text.labscim_find_char_on_buffer
                0x0800ff1c       0xe8 build/uartRingBufDMA.o
                0x0800ff1c                labscim_find_char_on_buffer
 .text.labscim_buffer_retrieve
                0x08010004       0x48 build/uartRingBufDMA.o
                0x08010004                labscim_buffer_retrieve
 .text.labscim_buffer_used
                0x0801004c       0x18 build/uartRingBufDMA.o
                0x0801004c                labscim_buffer_used
 .text.HAL_UARTEx_RxEventCallback
                0x08010064       0x54 build/uartRingBufDMA.o
                0x08010064                HAL_UARTEx_RxEventCallback
 .text.SendToUART
                0x080100b8       0x60 build/uartRingBufDMA.o
                0x080100b8                SendToUART
 .text.HAL_UART_TxHalfCpltCallback
                0x08010118       0x14 build/uartRingBufDMA.o
                0x08010118                HAL_UART_TxHalfCpltCallback
 .text.HAL_UART_TxCpltCallback
                0x0801012c       0x20 build/uartRingBufDMA.o
                0x0801012c                HAL_UART_TxCpltCallback
 .text.UARTProcTaskCode
                0x0801014c       0x88 build/uartRingBufDMA.o
                0x0801014c                UARTProcTaskCode
 .text.LoRaWAN_JoinCallback
                0x080101d4       0x7c build/radioenge_modem.o
                0x080101d4                LoRaWAN_JoinCallback
 .text.DutyCycleTimerCallback
                0x08010250       0x40 build/radioenge_modem.o
                0x08010250                DutyCycleTimerCallback
 .text.resetRadio
                0x08010290       0x24 build/radioenge_modem.o
                0x08010290                resetRadio
 .text.SetRadioState
                0x080102b4       0x2c build/radioenge_modem.o
                0x080102b4                SetRadioState
 .text.ModemLedCallback
                0x080102e0      0x158 build/radioenge_modem.o
                0x080102e0                ModemLedCallback
 .text.ModemManagerTaskCode
                0x08010438      0x154 build/radioenge_modem.o
                0x08010438                ModemManagerTaskCode
 .text.bin_encode
                0x0801058c       0x70 build/radioenge_modem.o
                0x0801058c                bin_encode
 .text.LoRaSendB
                0x080105fc       0x24 build/radioenge_modem.o
                0x080105fc                LoRaSendB
 .text.LoRaWaitDutyCycle
                0x08010620       0x40 build/radioenge_modem.o
                0x08010620                LoRaWaitDutyCycle
 .text.LoRaSendBNow
                0x08010660       0x94 build/radioenge_modem.o
                0x08010660                LoRaSendBNow
 .text.LoRaWAN_RxEventCallback
                0x080106f4       0x2c build/application.o
                0x080106f4                LoRaWAN_RxEventCallback
 .text.DutyCycleCode
                0x08010720       0x44 build/application.o
                0x08010720                DutyCycleCode
 .text.PeriodicSendTimerCallback
                0x08010764       0x14 build/application.o
                0x08010764                PeriodicSendTimerCallback
 .text.AppSendTaskCode
                0x08010778       0x68 build/application.o
                0x08010778                AppSendTaskCode
 .text.ReadFromADCTaskCode
                0x080107e0       0x78 build/application.o
                0x080107e0                ReadFromADCTaskCode
 .text.HAL_ADC_Init
                0x08010858       0x86 build/stm32f4xx_hal_adc.o
                0x08010858                HAL_ADC_Init
 *fill*         0x080108de        0x2 
 .text.HAL_ADC_Start
                0x080108e0      0x168 build/stm32f4xx_hal_adc.o
                0x080108e0                HAL_ADC_Start
 .text.HAL_ADC_PollForConversion
                0x08010a48      0x116 build/stm32f4xx_hal_adc.o
                0x08010a48                HAL_ADC_PollForConversion
 .text.HAL_ADC_GetValue
                0x08010b5e       0x1a build/stm32f4xx_hal_adc.o
                0x08010b5e                HAL_ADC_GetValue
 .text.HAL_ADC_ConfigChannel
                0x08010b78      0x264 build/stm32f4xx_hal_adc.o
                0x08010b78                HAL_ADC_ConfigChannel
 .text.ADC_Init
                0x08010ddc      0x1f8 build/stm32f4xx_hal_adc.o
 .text.Reset_Handler
                0x08010fd4       0x50 build/startup_stm32f411xe.o
                0x08010fd4                Reset_Handler
 .text.Default_Handler
                0x08011024        0x2 build/startup_stm32f411xe.o
                0x08011024                RTC_Alarm_IRQHandler
                0x08011024                EXTI2_IRQHandler
                0x08011024                SPI4_IRQHandler
                0x08011024                TIM1_CC_IRQHandler
                0x08011024                DMA2_Stream5_IRQHandler
                0x08011024                DMA1_Stream5_IRQHandler
                0x08011024                PVD_IRQHandler
                0x08011024                SDIO_IRQHandler
                0x08011024                TAMP_STAMP_IRQHandler
                0x08011024                EXTI3_IRQHandler
                0x08011024                TIM1_UP_TIM10_IRQHandler
                0x08011024                I2C3_ER_IRQHandler
                0x08011024                EXTI0_IRQHandler
                0x08011024                I2C2_EV_IRQHandler
                0x08011024                DMA1_Stream2_IRQHandler
                0x08011024                FPU_IRQHandler
                0x08011024                SPI1_IRQHandler
                0x08011024                TIM1_BRK_TIM9_IRQHandler
                0x08011024                DMA2_Stream3_IRQHandler
                0x08011024                USART6_IRQHandler
                0x08011024                DMA2_Stream0_IRQHandler
                0x08011024                TIM4_IRQHandler
                0x08011024                I2C1_EV_IRQHandler
                0x08011024                DMA1_Stream6_IRQHandler
                0x08011024                DMA1_Stream1_IRQHandler
                0x08011024                TIM3_IRQHandler
                0x08011024                RCC_IRQHandler
                0x08011024                Default_Handler
                0x08011024                EXTI15_10_IRQHandler
                0x08011024                ADC_IRQHandler
                0x08011024                DMA1_Stream7_IRQHandler
                0x08011024                SPI5_IRQHandler
                0x08011024                TIM5_IRQHandler
                0x08011024                I2C3_EV_IRQHandler
                0x08011024                EXTI9_5_IRQHandler
                0x08011024                RTC_WKUP_IRQHandler
                0x08011024                SPI2_IRQHandler
                0x08011024                DMA1_Stream0_IRQHandler
                0x08011024                EXTI4_IRQHandler
                0x08011024                WWDG_IRQHandler
                0x08011024                TIM2_IRQHandler
                0x08011024                OTG_FS_WKUP_IRQHandler
                0x08011024                EXTI1_IRQHandler
                0x08011024                USART2_IRQHandler
                0x08011024                I2C2_ER_IRQHandler
                0x08011024                DMA2_Stream1_IRQHandler
                0x08011024                FLASH_IRQHandler
                0x08011024                DMA2_Stream4_IRQHandler
                0x08011024                SPI3_IRQHandler
                0x08011024                DMA1_Stream4_IRQHandler
                0x08011024                I2C1_ER_IRQHandler
                0x08011024                DMA2_Stream6_IRQHandler
                0x08011024                DMA1_Stream3_IRQHandler
 .text.atoi     0x08011026        0x8 c:/arm-gcc/arm-gnu-toolchain-11.3.rel1-mingw-w64-i686-arm-none-eabi/bin/../lib/gcc/arm-none-eabi/11.3.1/thumb/v7e-m+fp/hard\libc_nano.a(libc_a-atoi.o)
                0x08011026                atoi
 *fill*         0x0801102e        0x2 
 .text._strtol_l.constprop.0
                0x08011030      0x104 c:/arm-gcc/arm-gnu-toolchain-11.3.rel1-mingw-w64-i686-arm-none-eabi/bin/../lib/gcc/arm-none-eabi/11.3.1/thumb/v7e-m+fp/hard\libc_nano.a(libc_a-strtol.o)
 .text.strtol   0x08011134       0x14 c:/arm-gcc/arm-gnu-toolchain-11.3.rel1-mingw-w64-i686-arm-none-eabi/bin/../lib/gcc/arm-none-eabi/11.3.1/thumb/v7e-m+fp/hard\libc_nano.a(libc_a-strtol.o)
                0x08011134                strtol
 .text.std      0x08011148       0x48 c:/arm-gcc/arm-gnu-toolchain-11.3.rel1-mingw-w64-i686-arm-none-eabi/bin/../lib/gcc/arm-none-eabi/11.3.1/thumb/v7e-m+fp/hard\libc_nano.a(libc_a-findfp.o)
 .text.stdio_exit_handler
                0x08011190       0x18 c:/arm-gcc/arm-gnu-toolchain-11.3.rel1-mingw-w64-i686-arm-none-eabi/bin/../lib/gcc/arm-none-eabi/11.3.1/thumb/v7e-m+fp/hard\libc_nano.a(libc_a-findfp.o)
 .text.cleanup_stdio
                0x080111a8       0x40 c:/arm-gcc/arm-gnu-toolchain-11.3.rel1-mingw-w64-i686-arm-none-eabi/bin/../lib/gcc/arm-none-eabi/11.3.1/thumb/v7e-m+fp/hard\libc_nano.a(libc_a-findfp.o)
 .text.global_stdio_init.part.0
                0x080111e8       0x3c c:/arm-gcc/arm-gnu-toolchain-11.3.rel1-mingw-w64-i686-arm-none-eabi/bin/../lib/gcc/arm-none-eabi/11.3.1/thumb/v7e-m+fp/hard\libc_nano.a(libc_a-findfp.o)
 .text.__sfp_lock_acquire
                0x08011224        0xc c:/arm-gcc/arm-gnu-toolchain-11.3.rel1-mingw-w64-i686-arm-none-eabi/bin/../lib/gcc/arm-none-eabi/11.3.1/thumb/v7e-m+fp/hard\libc_nano.a(libc_a-findfp.o)
                0x08011224                __sfp_lock_acquire
 .text.__sfp_lock_release
                0x08011230        0xc c:/arm-gcc/arm-gnu-toolchain-11.3.rel1-mingw-w64-i686-arm-none-eabi/bin/../lib/gcc/arm-none-eabi/11.3.1/thumb/v7e-m+fp/hard\libc_nano.a(libc_a-findfp.o)
                0x08011230                __sfp_lock_release
 .text.__sinit  0x0801123c       0x30 c:/arm-gcc/arm-gnu-toolchain-11.3.rel1-mingw-w64-i686-arm-none-eabi/bin/../lib/gcc/arm-none-eabi/11.3.1/thumb/v7e-m+fp/hard\libc_nano.a(libc_a-findfp.o)
                0x0801123c                __sinit
 .text._fwalk_sglue
                0x0801126c       0x3c c:/arm-gcc/arm-gnu-toolchain-11.3.rel1-mingw-w64-i686-arm-none-eabi/bin/../lib/gcc/arm-none-eabi/11.3.1/thumb/v7e-m+fp/hard\libc_nano.a(libc_a-fwalk.o)
                0x0801126c                _fwalk_sglue
 .text.snprintf
                0x080112a8       0x68 c:/arm-gcc/arm-gnu-toolchain-11.3.rel1-mingw-w64-i686-arm-none-eabi/bin/../lib/gcc/arm-none-eabi/11.3.1/thumb/v7e-m+fp/hard\libc_nano.a(libc_a-snprintf.o)
                0x080112a8                sniprintf
                0x080112a8                snprintf
 .text.sprintf  0x08011310       0x40 c:/arm-gcc/arm-gnu-toolchain-11.3.rel1-mingw-w64-i686-arm-none-eabi/bin/../lib/gcc/arm-none-eabi/11.3.1/thumb/v7e-m+fp/hard\libc_nano.a(libc_a-sprintf.o)
                0x08011310                siprintf
                0x08011310                sprintf
 .text.__sread  0x08011350       0x22 c:/arm-gcc/arm-gnu-toolchain-11.3.rel1-mingw-w64-i686-arm-none-eabi/bin/../lib/gcc/arm-none-eabi/11.3.1/thumb/v7e-m+fp/hard\libc_nano.a(libc_a-stdio.o)
                0x08011350                __sread
 .text.__swrite
                0x08011372       0x38 c:/arm-gcc/arm-gnu-toolchain-11.3.rel1-mingw-w64-i686-arm-none-eabi/bin/../lib/gcc/arm-none-eabi/11.3.1/thumb/v7e-m+fp/hard\libc_nano.a(libc_a-stdio.o)
                0x08011372                __swrite
 .text.__sseek  0x080113aa       0x24 c:/arm-gcc/arm-gnu-toolchain-11.3.rel1-mingw-w64-i686-arm-none-eabi/bin/../lib/gcc/arm-none-eabi/11.3.1/thumb/v7e-m+fp/hard\libc_nano.a(libc_a-stdio.o)
                0x080113aa                __sseek
 .text.__sclose
                0x080113ce        0x8 c:/arm-gcc/arm-gnu-toolchain-11.3.rel1-mingw-w64-i686-arm-none-eabi/bin/../lib/gcc/arm-none-eabi/11.3.1/thumb/v7e-m+fp/hard\libc_nano.a(libc_a-stdio.o)
                0x080113ce                __sclose
 .text.memset   0x080113d6       0x10 c:/arm-gcc/arm-gnu-toolchain-11.3.rel1-mingw-w64-i686-arm-none-eabi/bin/../lib/gcc/arm-none-eabi/11.3.1/thumb/v7e-m+fp/hard\libc_nano.a(libc_a-memset.o)
                0x080113d6                memset
 .text.strncmp  0x080113e6       0x24 c:/arm-gcc/arm-gnu-toolchain-11.3.rel1-mingw-w64-i686-arm-none-eabi/bin/../lib/gcc/arm-none-eabi/11.3.1/thumb/v7e-m+fp/hard\libc_nano.a(libc_a-strncmp.o)
                0x080113e6                strncmp
 *fill*         0x0801140a        0x2 
 .text.strtok   0x0801140c       0x68 c:/arm-gcc/arm-gnu-toolchain-11.3.rel1-mingw-w64-i686-arm-none-eabi/bin/../lib/gcc/arm-none-eabi/11.3.1/thumb/v7e-m+fp/hard\libc_nano.a(libc_a-strtok.o)
                0x0801140c                strtok
 .text.__strtok_r
                0x08011474       0x50 c:/arm-gcc/arm-gnu-toolchain-11.3.rel1-mingw-w64-i686-arm-none-eabi/bin/../lib/gcc/arm-none-eabi/11.3.1/thumb/v7e-m+fp/hard\libc_nano.a(libc_a-strtok_r.o)
                0x08011474                __strtok_r
 .text._close_r
                0x080114c4       0x20 c:/arm-gcc/arm-gnu-toolchain-11.3.rel1-mingw-w64-i686-arm-none-eabi/bin/../lib/gcc/arm-none-eabi/11.3.1/thumb/v7e-m+fp/hard\libc_nano.a(libc_a-closer.o)
                0x080114c4                _close_r
 .text._lseek_r
                0x080114e4       0x24 c:/arm-gcc/arm-gnu-toolchain-11.3.rel1-mingw-w64-i686-arm-none-eabi/bin/../lib/gcc/arm-none-eabi/11.3.1/thumb/v7e-m+fp/hard\libc_nano.a(libc_a-lseekr.o)
                0x080114e4                _lseek_r
 .text._read_r  0x08011508       0x24 c:/arm-gcc/arm-gnu-toolchain-11.3.rel1-mingw-w64-i686-arm-none-eabi/bin/../lib/gcc/arm-none-eabi/11.3.1/thumb/v7e-m+fp/hard\libc_nano.a(libc_a-readr.o)
                0x08011508                _read_r
 .text._write_r
                0x0801152c       0x24 c:/arm-gcc/arm-gnu-toolchain-11.3.rel1-mingw-w64-i686-arm-none-eabi/bin/../lib/gcc/arm-none-eabi/11.3.1/thumb/v7e-m+fp/hard\libc_nano.a(libc_a-writer.o)
                0x0801152c                _write_r
 .text.__errno  0x08011550        0xc c:/arm-gcc/arm-gnu-toolchain-11.3.rel1-mingw-w64-i686-arm-none-eabi/bin/../lib/gcc/arm-none-eabi/11.3.1/thumb/v7e-m+fp/hard\libc_nano.a(libc_a-errno.o)
                0x08011550                __errno
 .text.__libc_init_array
                0x0801155c       0x48 c:/arm-gcc/arm-gnu-toolchain-11.3.rel1-mingw-w64-i686-arm-none-eabi/bin/../lib/gcc/arm-none-eabi/11.3.1/thumb/v7e-m+fp/hard\libc_nano.a(libc_a-init.o)
                0x0801155c                __libc_init_array
 .text.__retarget_lock_acquire_recursive
                0x080115a4        0x2 c:/arm-gcc/arm-gnu-toolchain-11.3.rel1-mingw-w64-i686-arm-none-eabi/bin/../lib/gcc/arm-none-eabi/11.3.1/thumb/v7e-m+fp/hard\libc_nano.a(libc_a-lock.o)
                0x080115a4                __retarget_lock_acquire_recursive
 .text.__retarget_lock_release_recursive
                0x080115a6        0x2 c:/arm-gcc/arm-gnu-toolchain-11.3.rel1-mingw-w64-i686-arm-none-eabi/bin/../lib/gcc/arm-none-eabi/11.3.1/thumb/v7e-m+fp/hard\libc_nano.a(libc_a-lock.o)
                0x080115a6                __retarget_lock_release_recursive
 .text.memcpy   0x080115a8       0x1c c:/arm-gcc/arm-gnu-toolchain-11.3.rel1-mingw-w64-i686-arm-none-eabi/bin/../lib/gcc/arm-none-eabi/11.3.1/thumb/v7e-m+fp/hard\libc_nano.a(libc_a-memcpy-stub.o)
                0x080115a8                memcpy
 .text.__assert_func
                0x080115c4       0x3c c:/arm-gcc/arm-gnu-toolchain-11.3.rel1-mingw-w64-i686-arm-none-eabi/bin/../lib/gcc/arm-none-eabi/11.3.1/thumb/v7e-m+fp/hard\libc_nano.a(libc_a-assert.o)
                0x080115c4                __assert_func
 .text._free_r  0x08011600       0x98 c:/arm-gcc/arm-gnu-toolchain-11.3.rel1-mingw-w64-i686-arm-none-eabi/bin/../lib/gcc/arm-none-eabi/11.3.1/thumb/v7e-m+fp/hard\libc_nano.a(libc_a-freer.o)
                0x08011600                _free_r
 .text.malloc   0x08011698       0x10 c:/arm-gcc/arm-gnu-toolchain-11.3.rel1-mingw-w64-i686-arm-none-eabi/bin/../lib/gcc/arm-none-eabi/11.3.1/thumb/v7e-m+fp/hard\libc_nano.a(libc_a-malloc.o)
                0x08011698                malloc
 .text.sbrk_aligned
                0x080116a8       0x40 c:/arm-gcc/arm-gnu-toolchain-11.3.rel1-mingw-w64-i686-arm-none-eabi/bin/../lib/gcc/arm-none-eabi/11.3.1/thumb/v7e-m+fp/hard\libc_nano.a(libc_a-mallocr.o)
 .text._malloc_r
                0x080116e8       0xec c:/arm-gcc/arm-gnu-toolchain-11.3.rel1-mingw-w64-i686-arm-none-eabi/bin/../lib/gcc/arm-none-eabi/11.3.1/thumb/v7e-m+fp/hard\libc_nano.a(libc_a-mallocr.o)
                0x080116e8                _malloc_r
 .text.__malloc_lock
                0x080117d4        0xc c:/arm-gcc/arm-gnu-toolchain-11.3.rel1-mingw-w64-i686-arm-none-eabi/bin/../lib/gcc/arm-none-eabi/11.3.1/thumb/v7e-m+fp/hard\libc_nano.a(libc_a-mlock.o)
                0x080117d4                __malloc_lock
 .text.__malloc_unlock
                0x080117e0        0xc c:/arm-gcc/arm-gnu-toolchain-11.3.rel1-mingw-w64-i686-arm-none-eabi/bin/../lib/gcc/arm-none-eabi/11.3.1/thumb/v7e-m+fp/hard\libc_nano.a(libc_a-mlock.o)
                0x080117e0                __malloc_unlock
 .text.__ssputs_r
                0x080117ec       0xb4 c:/arm-gcc/arm-gnu-toolchain-11.3.rel1-mingw-w64-i686-arm-none-eabi/bin/../lib/gcc/arm-none-eabi/11.3.1/thumb/v7e-m+fp/hard\libc_nano.a(libc_a-nano-svfprintf.o)
                0x080117ec                __ssputs_r
 .text._svfprintf_r
                0x080118a0      0x1fc c:/arm-gcc/arm-gnu-toolchain-11.3.rel1-mingw-w64-i686-arm-none-eabi/bin/../lib/gcc/arm-none-eabi/11.3.1/thumb/v7e-m+fp/hard\libc_nano.a(libc_a-nano-svfprintf.o)
                0x080118a0                _svfiprintf_r
                0x080118a0                _svfprintf_r
 .text._printf_common
                0x08011a9c       0xda c:/arm-gcc/arm-gnu-toolchain-11.3.rel1-mingw-w64-i686-arm-none-eabi/bin/../lib/gcc/arm-none-eabi/11.3.1/thumb/v7e-m+fp/hard\libc_nano.a(libc_a-nano-vfprintf_i.o)
                0x08011a9c                _printf_common
 *fill*         0x08011b76        0x2 
 .text._printf_i
                0x08011b78      0x244 c:/arm-gcc/arm-gnu-toolchain-11.3.rel1-mingw-w64-i686-arm-none-eabi/bin/../lib/gcc/arm-none-eabi/11.3.1/thumb/v7e-m+fp/hard\libc_nano.a(libc_a-nano-vfprintf_i.o)
                0x08011b78                _printf_i
 .text.__sflush_r
                0x08011dbc      0x10c c:/arm-gcc/arm-gnu-toolchain-11.3.rel1-mingw-w64-i686-arm-none-eabi/bin/../lib/gcc/arm-none-eabi/11.3.1/thumb/v7e-m+fp/hard\libc_nano.a(libc_a-fflush.o)
                0x08011dbc                __sflush_r
 .text._fflush_r
                0x08011ec8       0x50 c:/arm-gcc/arm-gnu-toolchain-11.3.rel1-mingw-w64-i686-arm-none-eabi/bin/../lib/gcc/arm-none-eabi/11.3.1/thumb/v7e-m+fp/hard\libc_nano.a(libc_a-fflush.o)
                0x08011ec8                _fflush_r
 .text.fprintf  0x08011f18       0x24 c:/arm-gcc/arm-gnu-toolchain-11.3.rel1-mingw-w64-i686-arm-none-eabi/bin/../lib/gcc/arm-none-eabi/11.3.1/thumb/v7e-m+fp/hard\libc_nano.a(libc_a-fprintf.o)
                0x08011f18                fiprintf
                0x08011f18                fprintf
 .text.memmove  0x08011f3c       0x34 c:/arm-gcc/arm-gnu-toolchain-11.3.rel1-mingw-w64-i686-arm-none-eabi/bin/../lib/gcc/arm-none-eabi/11.3.1/thumb/v7e-m+fp/hard\libc_nano.a(libc_a-memmove.o)
                0x08011f3c                memmove
 .text._sbrk_r  0x08011f70       0x20 c:/arm-gcc/arm-gnu-toolchain-11.3.rel1-mingw-w64-i686-arm-none-eabi/bin/../lib/gcc/arm-none-eabi/11.3.1/thumb/v7e-m+fp/hard\libc_nano.a(libc_a-sbrkr.o)
                0x08011f70                _sbrk_r
 .text.abort    0x08011f90        0xe c:/arm-gcc/arm-gnu-toolchain-11.3.rel1-mingw-w64-i686-arm-none-eabi/bin/../lib/gcc/arm-none-eabi/11.3.1/thumb/v7e-m+fp/hard\libc_nano.a(libc_a-abort.o)
                0x08011f90                abort
 .text._realloc_r
                0x08011f9e       0x5e c:/arm-gcc/arm-gnu-toolchain-11.3.rel1-mingw-w64-i686-arm-none-eabi/bin/../lib/gcc/arm-none-eabi/11.3.1/thumb/v7e-m+fp/hard\libc_nano.a(libc_a-reallocr.o)
                0x08011f9e                _realloc_r
 .text.__sfputc_r
                0x08011ffc       0x2e c:/arm-gcc/arm-gnu-toolchain-11.3.rel1-mingw-w64-i686-arm-none-eabi/bin/../lib/gcc/arm-none-eabi/11.3.1/thumb/v7e-m+fp/hard\libc_nano.a(libc_a-nano-vfprintf.o)
 .text.__sfputs_r
                0x0801202a       0x24 c:/arm-gcc/arm-gnu-toolchain-11.3.rel1-mingw-w64-i686-arm-none-eabi/bin/../lib/gcc/arm-none-eabi/11.3.1/thumb/v7e-m+fp/hard\libc_nano.a(libc_a-nano-vfprintf.o)
                0x0801202a                __sfputs_r
 *fill*         0x0801204e        0x2 
 .text._vfprintf_r
                0x08012050      0x234 c:/arm-gcc/arm-gnu-toolchain-11.3.rel1-mingw-w64-i686-arm-none-eabi/bin/../lib/gcc/arm-none-eabi/11.3.1/thumb/v7e-m+fp/hard\libc_nano.a(libc_a-nano-vfprintf.o)
                0x08012050                _vfprintf_r
                0x08012050                _vfiprintf_r
 .text.__swbuf_r
                0x08012284       0x7a c:/arm-gcc/arm-gnu-toolchain-11.3.rel1-mingw-w64-i686-arm-none-eabi/bin/../lib/gcc/arm-none-eabi/11.3.1/thumb/v7e-m+fp/hard\libc_nano.a(libc_a-wbuf.o)
                0x08012284                __swbuf_r
 *fill*         0x080122fe        0x2 
 .text.__swsetup_r
                0x08012300       0xb0 c:/arm-gcc/arm-gnu-toolchain-11.3.rel1-mingw-w64-i686-arm-none-eabi/bin/../lib/gcc/arm-none-eabi/11.3.1/thumb/v7e-m+fp/hard\libc_nano.a(libc_a-wsetup.o)
                0x08012300                __swsetup_r
 .text._raise_r
                0x080123b0       0x50 c:/arm-gcc/arm-gnu-toolchain-11.3.rel1-mingw-w64-i686-arm-none-eabi/bin/../lib/gcc/arm-none-eabi/11.3.1/thumb/v7e-m+fp/hard\libc_nano.a(libc_a-signal.o)
                0x080123b0                _raise_r
 .text.raise    0x08012400       0x10 c:/arm-gcc/arm-gnu-toolchain-11.3.rel1-mingw-w64-i686-arm-none-eabi/bin/../lib/gcc/arm-none-eabi/11.3.1/thumb/v7e-m+fp/hard\libc_nano.a(libc_a-signal.o)
                0x08012400                raise
 .text._kill_r  0x08012410       0x24 c:/arm-gcc/arm-gnu-toolchain-11.3.rel1-mingw-w64-i686-arm-none-eabi/bin/../lib/gcc/arm-none-eabi/11.3.1/thumb/v7e-m+fp/hard\libc_nano.a(libc_a-signalr.o)
                0x08012410                _kill_r
 .text._getpid_r
                0x08012434        0x4 c:/arm-gcc/arm-gnu-toolchain-11.3.rel1-mingw-w64-i686-arm-none-eabi/bin/../lib/gcc/arm-none-eabi/11.3.1/thumb/v7e-m+fp/hard\libc_nano.a(libc_a-signalr.o)
                0x08012434                _getpid_r
 .text._malloc_usable_size_r
                0x08012438       0x10 c:/arm-gcc/arm-gnu-toolchain-11.3.rel1-mingw-w64-i686-arm-none-eabi/bin/../lib/gcc/arm-none-eabi/11.3.1/thumb/v7e-m+fp/hard\libc_nano.a(libc_a-msizer.o)
                0x08012438                _malloc_usable_size_r
 .text.__swhatbuf_r
                0x08012448       0x4c c:/arm-gcc/arm-gnu-toolchain-11.3.rel1-mingw-w64-i686-arm-none-eabi/bin/../lib/gcc/arm-none-eabi/11.3.1/thumb/v7e-m+fp/hard\libc_nano.a(libc_a-makebuf.o)
                0x08012448                __swhatbuf_r
 .text.__smakebuf_r
                0x08012494       0x78 c:/arm-gcc/arm-gnu-toolchain-11.3.rel1-mingw-w64-i686-arm-none-eabi/bin/../lib/gcc/arm-none-eabi/11.3.1/thumb/v7e-m+fp/hard\libc_nano.a(libc_a-makebuf.o)
                0x08012494                __smakebuf_r
 .text._fstat_r
                0x0801250c       0x24 c:/arm-gcc/arm-gnu-toolchain-11.3.rel1-mingw-w64-i686-arm-none-eabi/bin/../lib/gcc/arm-none-eabi/11.3.1/thumb/v7e-m+fp/hard\libc_nano.a(libc_a-fstatr.o)
                0x0801250c                _fstat_r
 .text._isatty_r
                0x08012530       0x20 c:/arm-gcc/arm-gnu-toolchain-11.3.rel1-mingw-w64-i686-arm-none-eabi/bin/../lib/gcc/arm-none-eabi/11.3.1/thumb/v7e-m+fp/hard\libc_nano.a(libc_a-isattyr.o)
                0x08012530                _isatty_r
 .text._close   0x08012550       0x10 c:/arm-gcc/arm-gnu-toolchain-11.3.rel1-mingw-w64-i686-arm-none-eabi/bin/../lib/gcc/arm-none-eabi/11.3.1/thumb/v7e-m+fp/hard\libnosys.a(close.o)
                0x08012550                _close
 .text._fstat   0x08012560       0x10 c:/arm-gcc/arm-gnu-toolchain-11.3.rel1-mingw-w64-i686-arm-none-eabi/bin/../lib/gcc/arm-none-eabi/11.3.1/thumb/v7e-m+fp/hard\libnosys.a(fstat.o)
                0x08012560                _fstat
 .text._getpid  0x08012570       0x10 c:/arm-gcc/arm-gnu-toolchain-11.3.rel1-mingw-w64-i686-arm-none-eabi/bin/../lib/gcc/arm-none-eabi/11.3.1/thumb/v7e-m+fp/hard\libnosys.a(getpid.o)
                0x08012570                _getpid
 .text._isatty  0x08012580       0x10 c:/arm-gcc/arm-gnu-toolchain-11.3.rel1-mingw-w64-i686-arm-none-eabi/bin/../lib/gcc/arm-none-eabi/11.3.1/thumb/v7e-m+fp/hard\libnosys.a(isatty.o)
                0x08012580                _isatty
 .text._kill    0x08012590       0x10 c:/arm-gcc/arm-gnu-toolchain-11.3.rel1-mingw-w64-i686-arm-none-eabi/bin/../lib/gcc/arm-none-eabi/11.3.1/thumb/v7e-m+fp/hard\libnosys.a(kill.o)
                0x08012590                _kill
 .text._lseek   0x080125a0       0x10 c:/arm-gcc/arm-gnu-toolchain-11.3.rel1-mingw-w64-i686-arm-none-eabi/bin/../lib/gcc/arm-none-eabi/11.3.1/thumb/v7e-m+fp/hard\libnosys.a(lseek.o)
                0x080125a0                _lseek
 .text._read    0x080125b0       0x10 c:/arm-gcc/arm-gnu-toolchain-11.3.rel1-mingw-w64-i686-arm-none-eabi/bin/../lib/gcc/arm-none-eabi/11.3.1/thumb/v7e-m+fp/hard\libnosys.a(read.o)
                0x080125b0                _read
 .text._sbrk    0x080125c0       0x1c c:/arm-gcc/arm-gnu-toolchain-11.3.rel1-mingw-w64-i686-arm-none-eabi/bin/../lib/gcc/arm-none-eabi/11.3.1/thumb/v7e-m+fp/hard\libnosys.a(sbrk.o)
                0x080125c0                _sbrk
 .text._write   0x080125dc       0x10 c:/arm-gcc/arm-gnu-toolchain-11.3.rel1-mingw-w64-i686-arm-none-eabi/bin/../lib/gcc/arm-none-eabi/11.3.1/thumb/v7e-m+fp/hard\libnosys.a(write.o)
                0x080125dc                _write
 .text._exit    0x080125ec        0x4 c:/arm-gcc/arm-gnu-toolchain-11.3.rel1-mingw-w64-i686-arm-none-eabi/bin/../lib/gcc/arm-none-eabi/11.3.1/thumb/v7e-m+fp/hard\libnosys.a(_exit.o)
                0x080125ec                _exit
 .text.__udivmoddi4
                0x080125f0      0x2c8 c:/arm-gcc/arm-gnu-toolchain-11.3.rel1-mingw-w64-i686-arm-none-eabi/bin/../lib/gcc/arm-none-eabi/11.3.1/thumb/v7e-m+fp/hard\libgcc.a(_udivmoddi4.o)
                0x080125f0                __udivmoddi4
 *(.glue_7)
 .glue_7        0x080128b8        0x0 linker stubs
 *(.glue_7t)
 .glue_7t       0x080128b8        0x0 linker stubs
 *(.eh_frame)
 .eh_frame      0x080128b8        0x0 c:/arm-gcc/arm-gnu-toolchain-11.3.rel1-mingw-w64-i686-arm-none-eabi/bin/../lib/gcc/arm-none-eabi/11.3.1/thumb/v7e-m+fp/hard/crtbegin.o
 *(.init)
 .init          0x080128b8        0x4 c:/arm-gcc/arm-gnu-toolchain-11.3.rel1-mingw-w64-i686-arm-none-eabi/bin/../lib/gcc/arm-none-eabi/11.3.1/thumb/v7e-m+fp/hard/crti.o
                0x080128b8                _init
 .init          0x080128bc        0x8 c:/arm-gcc/arm-gnu-toolchain-11.3.rel1-mingw-w64-i686-arm-none-eabi/bin/../lib/gcc/arm-none-eabi/11.3.1/thumb/v7e-m+fp/hard/crtn.o
 *(.fini)
 .fini          0x080128c4        0x4 c:/arm-gcc/arm-gnu-toolchain-11.3.rel1-mingw-w64-i686-arm-none-eabi/bin/../lib/gcc/arm-none-eabi/11.3.1/thumb/v7e-m+fp/hard/crti.o
                0x080128c4                _fini
 .fini          0x080128c8        0x8 c:/arm-gcc/arm-gnu-toolchain-11.3.rel1-mingw-w64-i686-arm-none-eabi/bin/../lib/gcc/arm-none-eabi/11.3.1/thumb/v7e-m+fp/hard/crtn.o
                0x080128d0                . = ALIGN (0x4)
                0x080128d0                _etext = .

.vfp11_veneer   0x080128d0        0x0
 .vfp11_veneer  0x080128d0        0x0 linker stubs

.v4_bx          0x080128d0        0x0
 .v4_bx         0x080128d0        0x0 linker stubs

.iplt           0x080128d0        0x0
 .iplt          0x080128d0        0x0 c:/arm-gcc/arm-gnu-toolchain-11.3.rel1-mingw-w64-i686-arm-none-eabi/bin/../lib/gcc/arm-none-eabi/11.3.1/thumb/v7e-m+fp/hard/crtbegin.o

.rodata         0x080128d0      0x804
                0x080128d0                . = ALIGN (0x4)
 *(.rodata)
 .rodata        0x080128d0      0x161 build/main.o
 *fill*         0x08012a31        0x3 
 .rodata        0x08012a34        0x5 build/tasks.o
 *fill*         0x08012a39        0x3 
 .rodata        0x08012a3c        0xd build/timers.o
 *fill*         0x08012a49        0x3 
 .rodata        0x08012a4c       0x46 build/usbd_desc.o
 *fill*         0x08012a92        0x2 
 .rodata        0x08012a94        0x2 build/uart_at.o
 *fill*         0x08012a96        0x2 
 .rodata        0x08012a98       0x31 build/radioenge_modem.o
 *(.rodata*)
 *fill*         0x08012ac9        0x3 
 .rodata.defaultTask_attributes
                0x08012acc       0x24 build/main.o
                0x08012acc                defaultTask_attributes
 .rodata.ATParsingTask_attributes
                0x08012af0       0x24 build/main.o
                0x08012af0                ATParsingTask_attributes
 .rodata.ATHandlingTask_attributes
                0x08012b14       0x24 build/main.o
                0x08012b14                ATHandlingTask_attributes
 .rodata.UARTProcTask_attributes
                0x08012b38       0x24 build/main.o
                0x08012b38                UARTProcTask_attributes
 .rodata.ModemMngrTask_attributes
                0x08012b5c       0x24 build/main.o
                0x08012b5c                ModemMngrTask_attributes
 .rodata.AppSendTask_attributes
                0x08012b80       0x24 build/main.o
                0x08012b80                AppSendTask_attributes
 .rodata.ReadFromADCTask_attributes
                0x08012ba4       0x24 build/main.o
                0x08012ba4                ReadFromADCTask_attributes
 .rodata.DutyCycle_attributes
                0x08012bc8       0x24 build/main.o
                0x08012bc8                DutyCycle_attributes
 .rodata.uartQueue_attributes
                0x08012bec       0x18 build/main.o
                0x08012bec                uartQueue_attributes
 .rodata.ATQueue_attributes
                0x08012c04       0x18 build/main.o
                0x08012c04                ATQueue_attributes
 .rodata.ModemSendQueue_attributes
                0x08012c1c       0x18 build/main.o
                0x08012c1c                ModemSendQueue_attributes
 .rodata.TemperatureQueue_attributes
                0x08012c34       0x18 build/main.o
                0x08012c34                TemperatureQueue_attributes
 .rodata.AccontrollerQueue_attributes
                0x08012c4c       0x18 build/main.o
                0x08012c4c                AccontrollerQueue_attributes
 .rodata.PeriodicSendTimer_attributes
                0x08012c64       0x10 build/main.o
                0x08012c64                PeriodicSendTimer_attributes
 .rodata.ModemLedTimer_attributes
                0x08012c74       0x10 build/main.o
                0x08012c74                ModemLedTimer_attributes
 .rodata.DutyCycleTimer_attributes
                0x08012c84       0x10 build/main.o
                0x08012c84                DutyCycleTimer_attributes
 .rodata.ATCommandSemaphore_attributes
                0x08012c94       0x10 build/main.o
                0x08012c94                ATCommandSemaphore_attributes
 .rodata.ATResponseSemaphore_attributes
                0x08012ca4       0x10 build/main.o
                0x08012ca4                ATResponseSemaphore_attributes
 .rodata.UARTTXSemaphore_attributes
                0x08012cb4       0x10 build/main.o
                0x08012cb4                UARTTXSemaphore_attributes
 .rodata.RadioStateSemaphore_attributes
                0x08012cc4       0x10 build/main.o
                0x08012cc4                RadioStateSemaphore_attributes
 .rodata.LoRaTXSemaphore_attributes
                0x08012cd4       0x10 build/main.o
                0x08012cd4                LoRaTXSemaphore_attributes
 .rodata.ModemStatusFlags_attributes
                0x08012ce4       0x10 build/main.o
                0x08012ce4                ModemStatusFlags_attributes
 .rodata.flagBitshiftOffset.0
                0x08012cf4        0x8 build/stm32f4xx_hal_dma.o
 .rodata.AHBPrescTable
                0x08012cfc       0x10 build/system_stm32f4xx.o
                0x08012cfc                AHBPrescTable
 .rodata.APBPrescTable
                0x08012d0c        0x8 build/system_stm32f4xx.o
                0x08012d0c                APBPrescTable
 .rodata.AT_COMMANDS
                0x08012d14      0x120 build/uart_at.o
                0x08012d14                AT_COMMANDS
 .rodata.AT_RESPONSES
                0x08012e34       0xbb build/uart_at.o
                0x08012e34                AT_RESPONSES
 .rodata._ctype_
                0x08012eef      0x101 c:/arm-gcc/arm-gnu-toolchain-11.3.rel1-mingw-w64-i686-arm-none-eabi/bin/../lib/gcc/arm-none-eabi/11.3.1/thumb/v7e-m+fp/hard\libc_nano.a(libc_a-ctype_.o)
                0x08012eef                _ctype_
 .rodata.strtok.str1.1
                0x08012ff0       0x72 c:/arm-gcc/arm-gnu-toolchain-11.3.rel1-mingw-w64-i686-arm-none-eabi/bin/../lib/gcc/arm-none-eabi/11.3.1/thumb/v7e-m+fp/hard\libc_nano.a(libc_a-strtok.o)
 .rodata.__assert_func.str1.1
                0x08013062       0x3c c:/arm-gcc/arm-gnu-toolchain-11.3.rel1-mingw-w64-i686-arm-none-eabi/bin/../lib/gcc/arm-none-eabi/11.3.1/thumb/v7e-m+fp/hard\libc_nano.a(libc_a-assert.o)
                                 0x3d (size before relaxing)
 .rodata._svfprintf_r.str1.1
                0x0801309e       0x11 c:/arm-gcc/arm-gnu-toolchain-11.3.rel1-mingw-w64-i686-arm-none-eabi/bin/../lib/gcc/arm-none-eabi/11.3.1/thumb/v7e-m+fp/hard\libc_nano.a(libc_a-nano-svfprintf.o)
 .rodata._printf_i.str1.1
                0x080130af       0x22 c:/arm-gcc/arm-gnu-toolchain-11.3.rel1-mingw-w64-i686-arm-none-eabi/bin/../lib/gcc/arm-none-eabi/11.3.1/thumb/v7e-m+fp/hard\libc_nano.a(libc_a-nano-vfprintf_i.o)
 .rodata._vfprintf_r.str1.1